Archive member included because of file (symbol)

D:\ProjetoLPC\Repositorio\EC020\Lib_CMSISv1p30_LPC17xx\Debug\libCMSISv1p30_LPC17xx.a(system_LPC17xx.o)
                              ./src/EasyWeb_Ctrl/EasyWeb.o (SystemCoreClock)
D:\ProjetoLPC\Repositorio\EC020\Lib_EaBaseBoard\Debug\libLib_EaBaseBoard.a(oled.o)
                              ./src/Display_Ctrl/Oled_Ctrl/Oled_Ctrl.o (oled_putPixel)
D:\ProjetoLPC\Repositorio\EC020\Lib_MCU\Debug\libLib_MCU.a(lpc17xx_clkpwr.o)
                              ./src/main.o (CLKPWR_ConfigPPWR)
D:\ProjetoLPC\Repositorio\EC020\Lib_MCU\Debug\libLib_MCU.a(lpc17xx_gpio.o)
                              ./src/Display_Ctrl/Temp_Ctrl/Temp_Ctrl.o (GPIO_SetDir)
D:\ProjetoLPC\Repositorio\EC020\Lib_MCU\Debug\libLib_MCU.a(lpc17xx_i2c.o)
                              ./src/Display_Ctrl/I2c_Ctrl/I2c_Ctrl.o (I2C_Init)
D:\ProjetoLPC\Repositorio\EC020\Lib_MCU\Debug\libLib_MCU.a(lpc17xx_libcfg_default.o)
                              D:\ProjetoLPC\Repositorio\EC020\Lib_MCU\Debug\libLib_MCU.a(lpc17xx_i2c.o) (check_failed)
D:\ProjetoLPC\Repositorio\EC020\Lib_MCU\Debug\libLib_MCU.a(lpc17xx_pinsel.o)
                              ./src/Usart_Ctrl/Usart_Ctrl.o (PINSEL_ConfigPin)
D:\ProjetoLPC\Repositorio\EC020\Lib_MCU\Debug\libLib_MCU.a(lpc17xx_ssp.o)
                              ./src/Display_Ctrl/Ssp_Ctrl/Ssp_Ctrl.o (SSP_Init)
D:\ProjetoLPC\Repositorio\EC020\Lib_MCU\Debug\libLib_MCU.a(lpc17xx_uart.o)
                              ./src/Usart_Ctrl/Usart_Ctrl.o (UART_TxCmd)
d:/projetolpc/lpcxpresso_6.1.4_194/lpcxpresso/tools/bin/../lib/gcc/arm-none-eabi/4.6.2/armv7-m\libgcc.a(_arm_addsubdf3.o)
                              ./src/EasyWeb_Ctrl/EasyWeb.o (__aeabi_i2d)
d:/projetolpc/lpcxpresso_6.1.4_194/lpcxpresso/tools/bin/../lib/gcc/arm-none-eabi/4.6.2/armv7-m\libgcc.a(_arm_muldivdf3.o)
                              ./src/EasyWeb_Ctrl/EasyWeb.o (__aeabi_ddiv)
d:/projetolpc/lpcxpresso_6.1.4_194/lpcxpresso/tools/bin/../lib/gcc/arm-none-eabi/4.6.2/armv7-m\libgcc.a(_arm_addsubsf3.o)
                              ./src/Display_Ctrl/Display_Ctrl.o (__aeabi_ui2f)
d:/projetolpc/lpcxpresso_6.1.4_194/lpcxpresso/tools/bin/../lib/gcc/arm-none-eabi/4.6.2/armv7-m\libgcc.a(_arm_muldivsf3.o)
                              ./src/EasyWeb_Ctrl/EasyWeb.o (__aeabi_fmul)
d:/projetolpc/lpcxpresso_6.1.4_194/lpcxpresso/tools/bin/../lib/gcc/arm-none-eabi/4.6.2/armv7-m\libgcc.a(_aeabi_uldivmod.o)
                              D:\ProjetoLPC\Repositorio\EC020\Lib_CMSISv1p30_LPC17xx\Debug\libCMSISv1p30_LPC17xx.a(system_LPC17xx.o) (__aeabi_uldivmod)
d:/projetolpc/lpcxpresso_6.1.4_194/lpcxpresso/tools/bin/../lib/gcc/arm-none-eabi/4.6.2/armv7-m\libgcc.a(bpabi.o)
                              d:/projetolpc/lpcxpresso_6.1.4_194/lpcxpresso/tools/bin/../lib/gcc/arm-none-eabi/4.6.2/armv7-m\libgcc.a(_aeabi_uldivmod.o) (__gnu_uldivmod_helper)
d:/projetolpc/lpcxpresso_6.1.4_194/lpcxpresso/tools/bin/../lib/gcc/arm-none-eabi/4.6.2/armv7-m\libgcc.a(_dvmd_tls.o)
                              d:/projetolpc/lpcxpresso_6.1.4_194/lpcxpresso/tools/bin/../lib/gcc/arm-none-eabi/4.6.2/armv7-m\libgcc.a(_aeabi_uldivmod.o) (__aeabi_ldiv0)
d:/projetolpc/lpcxpresso_6.1.4_194/lpcxpresso/tools/bin/../lib/gcc/arm-none-eabi/4.6.2/armv7-m\libgcc.a(_divdi3.o)
                              d:/projetolpc/lpcxpresso_6.1.4_194/lpcxpresso/tools/bin/../lib/gcc/arm-none-eabi/4.6.2/armv7-m\libgcc.a(bpabi.o) (__divdi3)
d:/projetolpc/lpcxpresso_6.1.4_194/lpcxpresso/tools/bin/../lib/gcc/arm-none-eabi/4.6.2/armv7-m\libgcc.a(_udivdi3.o)
                              d:/projetolpc/lpcxpresso_6.1.4_194/lpcxpresso/tools/bin/../lib/gcc/arm-none-eabi/4.6.2/armv7-m\libgcc.a(bpabi.o) (__udivdi3)
d:/projetolpc/lpcxpresso_6.1.4_194/lpcxpresso/tools/bin/../lib/gcc/arm-none-eabi/4.6.2/../../../../arm-none-eabi/lib/armv7-m\libc.a(lib_a-memcmp.o)
                              ./src/EasyWeb_Ctrl/tcpip.o (memcmp)
d:/projetolpc/lpcxpresso_6.1.4_194/lpcxpresso/tools/bin/../lib/gcc/arm-none-eabi/4.6.2/../../../../arm-none-eabi/lib/armv7-m\libc.a(lib_a-memcpy.o)
                              ./src/Usart_Ctrl/Usart_Ctrl.o (memcpy)
d:/projetolpc/lpcxpresso_6.1.4_194/lpcxpresso/tools/bin/../lib/gcc/arm-none-eabi/4.6.2/../../../../arm-none-eabi/lib/armv7-m\libc.a(lib_a-memset.o)
                              ./src/Usart_Ctrl/Command/Command.o (memset)
d:/projetolpc/lpcxpresso_6.1.4_194/lpcxpresso/tools/bin/../lib/gcc/arm-none-eabi/4.6.2/../../../../arm-none-eabi/lib/armv7-m\libc.a(lib_a-sprintf.o)
                              ./src/EasyWeb_Ctrl/EasyWeb.o (sprintf)
d:/projetolpc/lpcxpresso_6.1.4_194/lpcxpresso/tools/bin/../lib/gcc/arm-none-eabi/4.6.2/../../../../arm-none-eabi/lib/armv7-m\libc.a(lib_a-strlen.o)
                              ./src/Usart_Ctrl/Command/Command.o (strlen)
d:/projetolpc/lpcxpresso_6.1.4_194/lpcxpresso/tools/bin/../lib/gcc/arm-none-eabi/4.6.2/../../../../arm-none-eabi/lib/armv7-m\libc.a(lib_a-strncpy.o)
[...]
Memory Configuration

Name             Origin             Length             Attributes
MFlash512        0x00000000         0x00080000         xr
RamLoc32         0x10000000         0x00008000         xrw
RamAHB32         0x2007c000         0x00008000         xrw
*default*        0x00000000         0xffffffff

Linker script and memory map

LOAD ./src/Usart_Ctrl/Command/Command.o
LOAD ./src/Usart_Ctrl/Usart_Ctrl.o
LOAD ./src/System/Timer.o
LOAD ./src/EasyWeb_Ctrl/EasyWeb.o
LOAD ./src/EasyWeb_Ctrl/ethmac.o
LOAD ./src/EasyWeb_Ctrl/tcpip.o
LOAD ./src/Display_Ctrl/Temp_Ctrl/Temp_Ctrl.o
LOAD ./src/Display_Ctrl/Ssp_Ctrl/Ssp_Ctrl.o
LOAD ./src/Display_Ctrl/Oled_Ctrl/Fonte5x7.o
LOAD ./src/Display_Ctrl/Oled_Ctrl/Oled_Ctrl.o
LOAD ./src/Display_Ctrl/Light_Ctrl/Light_Ctrl.o
LOAD ./src/Display_Ctrl/I2c_Ctrl/I2c_Ctrl.o
LOAD ./src/Display_Ctrl/Button_Ctrl/Button_Ctrl.o
LOAD ./src/Display_Ctrl/Display_Ctrl.o
LOAD ./src/Display_Ctrl/Display_State.o
LOAD ./src/cr_startup_lpc17.o
LOAD ./src/main.o
LOAD D:\ProjetoLPC\Repositorio\EC020\Lib_CMSISv1p30_LPC17xx\Debug\libCMSISv1p30_LPC17xx.a
LOAD D:\ProjetoLPC\Repositorio\EC020\Lib_EaBaseBoard\Debug\libLib_EaBaseBoard.a
LOAD D:\ProjetoLPC\Repositorio\EC020\Lib_MCU\Debug\libLib_MCU.a
START GROUP
LOAD d:/projetolpc/lpcxpresso_6.1.4_194/lpcxpresso/tools/bin/../lib/gcc/arm-none-eabi/4.6.2/armv7-m\libgcc.a
LOAD d:/projetolpc/lpcxpresso_6.1.4_194/lpcxpresso/tools/bin/../lib/gcc/arm-none-eabi/4.6.2/../../../../arm-none-eabi/lib/armv7-m\libc.a
LOAD d:/projetolpc/lpcxpresso_6.1.4_194/lpcxpresso/tools/bin/../lib/gcc/arm-none-eabi/4.6.2/../../../../arm-none-eabi/lib/armv7-m\libm.a
LOAD d:/projetolpc/lpcxpresso_6.1.4_194/lpcxpresso/tools/bin/../lib/gcc/arm-none-eabi/4.6.2/../../../../arm-none-eabi/lib/armv7-m\libcr_newlib_semihost.a
END GROUP
                0x00080000                __top_MFlash512 = 0x80000
                0x10008000                __top_RamLoc32 = 0x10008000
                0x20084000                __top_RamAHB32 = 0x20084000

.text           0x00000000     0xcd84
 FILL mask 0xff
                0x00000000                __vectors_start__ = ABSOLUTE (.)
 *(.isr_vector)
 .isr_vector    0x00000000       0xcc ./src/cr_startup_lpc17.o
                0x00000000                g_pfnVectors
                0x000000cc                . = ALIGN (0x4)
                0x000000cc                __section_table_start = .
                0x000000cc                __data_section_table = .
                0x000000cc        0x4 LONG 0xcd8c LOADADDR (.data)
                0x000000d0        0x4 LONG 0x10000000 ADDR (.data)
                0x000000d4        0x4 LONG 0x88c SIZEOF (.data)
                0x000000d8        0x4 LONG 0xcd8c LOADADDR (.data_RAM2)
                0x000000dc        0x4 LONG 0x2007c000 ADDR (.data_RAM2)
                0x000000e0        0x4 LONG 0x0 SIZEOF (.data_RAM2)
                0x000000e4                __data_section_table_end = .
                0x000000e4                __bss_section_table = .
                0x000000e4        0x4 LONG 0x1000088c ADDR (.bss)
                0x000000e8        0x4 LONG 0xe40 SIZEOF (.bss)
                0x000000ec        0x4 LONG 0x2007c000 ADDR (.bss_RAM2)
                0x000000f0        0x4 LONG 0x0 SIZEOF (.bss_RAM2)
                0x000000f4                __bss_section_table_end = .
                0x000000f4                __section_table_end = .
 *(.after_vectors*)
 *(.text*)
 .text.getData  0x000000f4       0x20 ./src/Usart_Ctrl/Command/Command.o
                0x000000f4                getData
 .text.str2int  0x00000114       0x50 ./src/Usart_Ctrl/Command/Command.o
                0x00000114                str2int
 .text.command_Init
                0x00000164       0x28 ./src/Usart_Ctrl/Command/Command.o
                0x00000164                command_Init
 .text.command_ProcessLoop
                0x0000018c      0x220 ./src/Usart_Ctrl/Command/Command.o
                0x0000018c                command_ProcessLoop
 .text.NVIC_EnableIRQ
                0x000003ac       0x38 ./src/Usart_Ctrl/Usart_Ctrl.o
 .text.cb       0x000003e4       0x78 ./src/Usart_Ctrl/Usart_Ctrl.o
                0x000003e4                cb
 .text.Usart_Ctrl_Init_Hw
                0x0000045c       0xb4 ./src/Usart_Ctrl/Usart_Ctrl.o
                0x0000045c                Usart_Ctrl_Init_Hw
 .text.UART3_IRQHandler
                0x00000510       0x78 ./src/Usart_Ctrl/Usart_Ctrl.o
                0x00000510                UART3_IRQHandler
 .text.Usart_Ctrl_Init
                0x00000588       0x1c ./src/Usart_Ctrl/Usart_Ctrl.o
                0x00000588                Usart_Ctrl_Init
 .text.Usart_Ctrl_getData
                0x000005a4       0x90 ./src/Usart_Ctrl/Usart_Ctrl.o
                0x000005a4                Usart_Ctrl_getData
 .text.NVIC_SetPriority
                0x00000634       0x5c ./src/System/Timer.o
 .text.SysTick_Config
                0x00000690       0x64 ./src/System/Timer.o
 .text.SysTick_Handler
                0x000006f4       0xe4 ./src/System/Timer.o
                0x000006f4                SysTick_Handler
 .text.Timer_init
                0x000007d8       0x5c ./src/System/Timer.o
                0x000007d8                Timer_init
 .text.Timer_getTimer
                0x00000834       0x18 ./src/System/Timer.o
                0x00000834                Timer_getTimer
 .text.Timer_getMsTimer
                0x0000084c       0x18 ./src/System/Timer.o
                0x0000084c                Timer_getMsTimer
 .text.Timer_checkTimeout
                0x00000864       0x3c ./src/System/Timer.o
                0x00000864                Timer_checkTimeout
 .text.EasyWeb_Ctrl_Init
                0x000008a0       0x28 ./src/EasyWeb_Ctrl/EasyWeb.o
                0x000008a0                EasyWeb_Ctrl_Init
 .text.EasyWeb_Ctrl_ProcessLoop
                0x000008c8       0x24 ./src/EasyWeb_Ctrl/EasyWeb.o
                0x000008c8                EasyWeb_Ctrl_ProcessLoop
 .text.HTTPServer
                0x000008ec      0x1ec ./src/EasyWeb_Ctrl/EasyWeb.o
                0x000008ec                HTTPServer
 .text.InsertDynamicValues
                0x00000ad8      0x1e8 ./src/EasyWeb_Ctrl/EasyWeb.o
                0x00000ad8                InsertDynamicValues
 .text.WriteToPHY
                0x00000cc0       0x58 ./src/EasyWeb_Ctrl/ethmac.o
                0x00000cc0                WriteToPHY
 .text.ReadFromPHY
                0x00000d18       0x70 ./src/EasyWeb_Ctrl/ethmac.o
                0x00000d18                ReadFromPHY
 .text.Init_EthMAC
                0x00000d88      0x478 ./src/EasyWeb_Ctrl/ethmac.o
                0x00000d88                Init_EthMAC
 .text.WriteFrame_EthMAC
                0x00001200       0x30 ./src/EasyWeb_Ctrl/ethmac.o
                0x00001200                WriteFrame_EthMAC
 .text.CopyToFrame_EthMAC
                0x00001230       0x70 ./src/EasyWeb_Ctrl/ethmac.o
                0x00001230                CopyToFrame_EthMAC
 .text.ReadFrame_EthMAC
                0x000012a0       0x28 ./src/EasyWeb_Ctrl/ethmac.o
                0x000012a0                ReadFrame_EthMAC
 .text.ReadFrameBE_EthMAC
                0x000012c8       0x38 ./src/EasyWeb_Ctrl/ethmac.o
                0x000012c8                ReadFrameBE_EthMAC
 .text.CopyFromFrame_EthMAC
                0x00001300       0x50 ./src/EasyWeb_Ctrl/ethmac.o
                0x00001300                CopyFromFrame_EthMAC
 .text.DummyReadFrame_EthMAC
                0x00001350       0x28 ./src/EasyWeb_Ctrl/ethmac.o
                0x00001350                DummyReadFrame_EthMAC
 .text.RequestSend
                0x00001378       0x54 ./src/EasyWeb_Ctrl/ethmac.o
                0x00001378                RequestSend
 .text.Rdy4Tx   0x000013cc       0x10 ./src/EasyWeb_Ctrl/ethmac.o
                0x000013cc                Rdy4Tx
 .text.StartReadingFrame
                0x000013dc       0x60 ./src/EasyWeb_Ctrl/ethmac.o
                0x000013dc                StartReadingFrame
 .text.StopReadingFrame
                0x0000143c       0x38 ./src/EasyWeb_Ctrl/ethmac.o
                0x0000143c                StopReadingFrame
 .text.CheckIfFrameReceived
                0x00001474       0x2c ./src/EasyWeb_Ctrl/ethmac.o
                0x00001474                CheckIfFrameReceived
 .text.TCPLowLevelInit
                0x000014a0       0x50 ./src/EasyWeb_Ctrl/tcpip.o
                0x000014a0                TCPLowLevelInit
 .text.TCPPassiveOpen
                0x000014f0       0x50 ./src/EasyWeb_Ctrl/tcpip.o
                0x000014f0                TCPPassiveOpen
 .text.TCPClose
                0x00001540       0x7c ./src/EasyWeb_Ctrl/tcpip.o
                0x00001540                TCPClose
 .text.TCPReleaseRxBuffer
                0x000015bc       0x24 ./src/EasyWeb_Ctrl/tcpip.o
                0x000015bc                TCPReleaseRxBuffer
 .text.TCPTransmitTxBuffer
                0x000015e0       0xb8 ./src/EasyWeb_Ctrl/tcpip.o
                0x000015e0                TCPTransmitTxBuffer
 .text.BroadcastMessage
                0x00001698       0x68 ./src/EasyWeb_Ctrl/tcpip.o
                0x00001698                BroadcastMessage
 .text.DoNetworkStuff
                0x00001700      0x3c4 ./src/EasyWeb_Ctrl/tcpip.o
                0x00001700                DoNetworkStuff
 .text.ProcessEthBroadcastFrame
                0x00001ac4       0x9c ./src/EasyWeb_Ctrl/tcpip.o
                0x00001ac4                ProcessEthBroadcastFrame
 .text.ProcessEthIAFrame
                0x00001b60      0x138 ./src/EasyWeb_Ctrl/tcpip.o
                0x00001b60                ProcessEthIAFrame
 .text.ProcessICMPFrame
                0x00001c98       0x2c ./src/EasyWeb_Ctrl/tcpip.o
                0x00001c98                ProcessICMPFrame
 .text.ProcessTCPFrame
                0x00001cc4      0x768 ./src/EasyWeb_Ctrl/tcpip.o
                0x00001cc4                ProcessTCPFrame
 .text.PrepareARP_REQUEST
                0x0000242c      0x15c ./src/EasyWeb_Ctrl/tcpip.o
                0x0000242c                PrepareARP_REQUEST
 .text.PrepareARP_ANSWER
                0x00002588       0xfc ./src/EasyWeb_Ctrl/tcpip.o
                0x00002588                PrepareARP_ANSWER
 .text.PrepareICMP_ECHO_REPLY
                0x00002684      0x1dc ./src/EasyWeb_Ctrl/tcpip.o
                0x00002684                PrepareICMP_ECHO_REPLY
 .text.PrepareTCP_FRAME
                0x00002860      0x260 ./src/EasyWeb_Ctrl/tcpip.o
                0x00002860                PrepareTCP_FRAME
 .text.PrepareTCP_DATA_FRAME
                0x00002ac0      0x1ac ./src/EasyWeb_Ctrl/tcpip.o
                0x00002ac0                PrepareTCP_DATA_FRAME
 .text.CalcChecksum
                0x00002c6c       0xe4 ./src/EasyWeb_Ctrl/tcpip.o
                0x00002c6c                CalcChecksum
 .text.TCPStartRetryTimer
                0x00002d50       0x5c ./src/EasyWeb_Ctrl/tcpip.o
                0x00002d50                TCPStartRetryTimer
 .text.TCPStartTimeWaitTimer
                0x00002dac       0x4c ./src/EasyWeb_Ctrl/tcpip.o
                0x00002dac                TCPStartTimeWaitTimer
 .text.TCPRestartTimer
                0x00002df8       0x18 ./src/EasyWeb_Ctrl/tcpip.o
                0x00002df8                TCPRestartTimer
 .text.TCPStopTimer
                0x00002e10       0x24 ./src/EasyWeb_Ctrl/tcpip.o
                0x00002e10                TCPStopTimer
 .text.TCPHandleRetransmission
                0x00002e34       0x70 ./src/EasyWeb_Ctrl/tcpip.o
                0x00002e34                TCPHandleRetransmission
 .text.TCPHandleTimeout
                0x00002ea4       0x58 ./src/EasyWeb_Ctrl/tcpip.o
                0x00002ea4                TCPHandleTimeout
 .text.TCPClockHandler
                0x00002efc       0x40 ./src/EasyWeb_Ctrl/tcpip.o
                0x00002efc                TCPClockHandler
 .text.SendFrame1
                0x00002f3c       0x20 ./src/EasyWeb_Ctrl/tcpip.o
                0x00002f3c                SendFrame1
 .text.SendFrame2
                0x00002f5c       0x20 ./src/EasyWeb_Ctrl/tcpip.o
                0x00002f5c                SendFrame2
 .text.WriteWBE
                0x00002f7c       0x34 ./src/EasyWeb_Ctrl/tcpip.o
                0x00002f7c                WriteWBE
 .text.WriteDWBE
                0x00002fb0       0x58 ./src/EasyWeb_Ctrl/tcpip.o
                0x00002fb0                WriteDWBE
 .text.SwapBytes
                0x00003008       0x30 ./src/EasyWeb_Ctrl/tcpip.o
                0x00003008                SwapBytes
 .text.Temp_Init
                0x00003038       0x2c ./src/Display_Ctrl/Temp_Ctrl/Temp_Ctrl.o
                0x00003038                Temp_Init
 .text.Temp_Read
                0x00003064      0x10c ./src/Display_Ctrl/Temp_Ctrl/Temp_Ctrl.o
                0x00003064                Temp_Read
 .text.Ssp_Ctrl_Init_Hw
                0x00003170       0xd4 ./src/Display_Ctrl/Ssp_Ctrl/Ssp_Ctrl.o
                0x00003170                Ssp_Ctrl_Init_Hw
 .text.Ssp_Ctrl_Init
                0x00003244        0xc ./src/Display_Ctrl/Ssp_Ctrl/Ssp_Ctrl.o
                0x00003244                Ssp_Ctrl_Init
 .text.Ssp_Ctrl_Write
                0x00003250       0x38 ./src/Display_Ctrl/Ssp_Ctrl/Ssp_Ctrl.o
                0x00003250                Ssp_Ctrl_Write
 .text.writeCommand
                0x00003288       0x48 ./src/Display_Ctrl/Oled_Ctrl/Oled_Ctrl.o
 .text.writeDataLen
                0x000032d0       0x78 ./src/Display_Ctrl/Oled_Ctrl/Oled_Ctrl.o
 .text.runInitSequence
                0x00003348      0x118 ./src/Display_Ctrl/Oled_Ctrl/Oled_Ctrl.o
 .text.Oled_Ctrl_Init
                0x00003460       0x9c ./src/Display_Ctrl/Oled_Ctrl/Oled_Ctrl.o
                0x00003460                Oled_Ctrl_Init
 .text.Oled_Ctrl_ClearScreen
                0x000034fc       0x74 ./src/Display_Ctrl/Oled_Ctrl/Oled_Ctrl.o
                0x000034fc                Oled_Ctrl_ClearScreen
 .text.Oled_Ctrl_PutString
                0x00003570       0x54 ./src/Display_Ctrl/Oled_Ctrl/Oled_Ctrl.o
                0x00003570                Oled_Ctrl_PutString
 .text.Oled_Ctrl_PutScreen
                0x000035c4       0xd0 ./src/Display_Ctrl/Oled_Ctrl/Oled_Ctrl.o
                0x000035c4                Oled_Ctrl_PutScreen
 .text.ReadControlReg
                0x00003694       0x3c ./src/Display_Ctrl/Light_Ctrl/Light_Ctrl.o
 .text.Light_Ctrl_Init
                0x000036d0       0x14 ./src/Display_Ctrl/Light_Ctrl/Light_Ctrl.o
                0x000036d0                Light_Ctrl_Init
 .text.Light_Ctrl_Enable
                0x000036e4       0x48 ./src/Display_Ctrl/Light_Ctrl/Light_Ctrl.o
                0x000036e4                Light_Ctrl_Enable
 .text.Light_Ctrl_Read
                0x0000372c       0x90 ./src/Display_Ctrl/Light_Ctrl/Light_Ctrl.o
                0x0000372c                Light_Ctrl_Read
 .text.Light_Ctrl_SetRange
                0x000037bc       0xac ./src/Display_Ctrl/Light_Ctrl/Light_Ctrl.o
                0x000037bc                Light_Ctrl_SetRange
 .text.I2c_Ctrl_Init_Hw
                0x00003868       0x68 ./src/Display_Ctrl/I2c_Ctrl/I2c_Ctrl.o
                0x00003868                I2c_Ctrl_Init_Hw
 .text.I2c_Ctrl_Init
                0x000038d0        0xc ./src/Display_Ctrl/I2c_Ctrl/I2c_Ctrl.o
                0x000038d0                I2c_Ctrl_Init
 .text.I2c_Ctrl_Read
                0x000038dc       0x5c ./src/Display_Ctrl/I2c_Ctrl/I2c_Ctrl.o
                0x000038dc                I2c_Ctrl_Read
 .text.I2c_Ctrl_Write
                0x00003938       0x5c ./src/Display_Ctrl/I2c_Ctrl/I2c_Ctrl.o
                0x00003938                I2c_Ctrl_Write
 .text.NVIC_EnableIRQ
                0x00003994       0x38 ./src/Display_Ctrl/Button_Ctrl/Button_Ctrl.o
 .text.Button_Ctrl_Init_Hw
                0x000039cc       0x20 ./src/Display_Ctrl/Button_Ctrl/Button_Ctrl.o
                0x000039cc                Button_Ctrl_Init_Hw
 .text.EINT0_IRQHandler
                0x000039ec        0xc ./src/Display_Ctrl/Button_Ctrl/Button_Ctrl.o
                0x000039ec                EINT0_IRQHandler
 .text.Button_Ctrl_Init
                0x000039f8        0xc ./src/Display_Ctrl/Button_Ctrl/Button_Ctrl.o
                0x000039f8                Button_Ctrl_Init
 .text.Button_Ctrl_GetValue
                0x00003a04       0x2c ./src/Display_Ctrl/Button_Ctrl/Button_Ctrl.o
                0x00003a04                Button_Ctrl_GetValue
 .text.Display_Ctrl_Init
                0x00003a30      0x178 ./src/Display_Ctrl/Display_Ctrl.o
                0x00003a30                Display_Ctrl_Init
 .text.Display_Ctrl_ProcessLoop
                0x00003ba8      0x450 ./src/Display_Ctrl/Display_Ctrl.o
                0x00003ba8                Display_Ctrl_ProcessLoop
 .text.Display_State_Init
                0x00003ff8       0x18 ./src/Display_Ctrl/Display_State.o
                0x00003ff8                Display_State_Init
 .text.Display_State_IncrementState
                0x00004010       0x68 ./src/Display_Ctrl/Display_State.o
                0x00004010                Display_State_IncrementState
 .text.Display_State_Get
                0x00004078       0x18 ./src/Display_Ctrl/Display_State.o
                0x00004078                Display_State_Get
 .text.Display_State_setMaxValue2Temp
                0x00004090       0x20 ./src/Display_Ctrl/Display_State.o
                0x00004090                Display_State_setMaxValue2Temp
 .text.Display_State_getMaxValue2Temp
                0x000040b0       0x18 ./src/Display_Ctrl/Display_State.o
                0x000040b0                Display_State_getMaxValue2Temp
 .text.Display_State_setMaxValue2Light
                0x000040c8       0x20 ./src/Display_Ctrl/Display_State.o
                0x000040c8                Display_State_setMaxValue2Light
 .text.Display_State_getMaxValue2Light
                0x000040e8       0x18 ./src/Display_Ctrl/Display_State.o
                0x000040e8                Display_State_getMaxValue2Light
 .text.ResetISR
                0x00004100       0x68 ./src/cr_startup_lpc17.o
                0x00004100                ResetISR
 .text.NMI_Handler
                0x00004168        0x8 ./src/cr_startup_lpc17.o
                0x00004168                NMI_Handler
 .text.HardFault_Handler
                0x00004170        0x8 ./src/cr_startup_lpc17.o
                0x00004170                HardFault_Handler
 .text.MemManage_Handler
                0x00004178        0x8 ./src/cr_startup_lpc17.o
                0x00004178                MemManage_Handler
 .text.BusFault_Handler
                0x00004180        0x8 ./src/cr_startup_lpc17.o
                0x00004180                BusFault_Handler
 .text.UsageFault_Handler
                0x00004188        0x8 ./src/cr_startup_lpc17.o
                0x00004188                UsageFault_Handler
 .text.SVCall_Handler
                0x00004190        0x8 ./src/cr_startup_lpc17.o
                0x00004190                SVCall_Handler
 .text.DebugMon_Handler
                0x00004198        0x8 ./src/cr_startup_lpc17.o
                0x00004198                DebugMon_Handler
 .text.PendSV_Handler
                0x000041a0        0x8 ./src/cr_startup_lpc17.o
                0x000041a0                PendSV_Handler
 .text.IntDefaultHandler
                0x000041a8        0x8 ./src/cr_startup_lpc17.o
                0x000041a8                TIMER2_IRQHandler
                0x000041a8                RIT_IRQHandler
                0x000041a8                I2C0_IRQHandler
                0x000041a8                USBActivity_IRQHandler
                0x000041a8                PWM1_IRQHandler
                0x000041a8                I2C1_IRQHandler
                0x000041a8                EINT2_IRQHandler
                0x000041a8                UART1_IRQHandler
                0x000041a8                EINT3_IRQHandler
                0x000041a8                CANActivity_IRQHandler
                0x000041a8                TIMER3_IRQHandler
                0x000041a8                UART0_IRQHandler
                0x000041a8                IntDefaultHandler
                0x000041a8                PLL0_IRQHandler
                0x000041a8                CAN_IRQHandler
                0x000041a8                PLL1_IRQHandler
                0x000041a8                SSP0_IRQHandler
                0x000041a8                I2S_IRQHandler
                0x000041a8                I2C2_IRQHandler
                0x000041a8                RTC_IRQHandler
                0x000041a8                TIMER0_IRQHandler
                0x000041a8                SPI_IRQHandler
                0x000041a8                EINT1_IRQHandler
                0x000041a8                TIMER1_IRQHandler
                0x000041a8                UART2_IRQHandler
                0x000041a8                ADC_IRQHandler
                0x000041a8                SSP1_IRQHandler
                0x000041a8                USB_IRQHandler
                0x000041a8                BOD_IRQHandler
                0x000041a8                WDT_IRQHandler
                0x000041a8                QEI_IRQHandler
                0x000041a8                DMA_IRQHandler
                0x000041a8                MCPWM_IRQHandler
                0x000041a8                ENET_IRQHandler
 .text.main     0x000041b0       0x28 ./src/main.o
                0x000041b0                main
 .text.peripheralInit
                0x000041d8       0x14 ./src/main.o
                0x000041d8                peripheralInit
 .text.SystemInit
                0x000041ec      0x22c D:\ProjetoLPC\Repositorio\EC020\Lib_CMSISv1p30_LPC17xx\Debug\libCMSISv1p30_LPC17xx.a(system_LPC17xx.o)
                0x000041ec                SystemInit
 .text.writeCommand
                0x00004418       0x60 D:\ProjetoLPC\Repositorio\EC020\Lib_EaBaseBoard\Debug\libLib_EaBaseBoard.a(oled.o)
 .text.writeData
                0x00004478       0x60 D:\ProjetoLPC\Repositorio\EC020\Lib_EaBaseBoard\Debug\libLib_EaBaseBoard.a(oled.o)
 .text.oled_putPixel
                0x000044d8      0x188 D:\ProjetoLPC\Repositorio\EC020\Lib_EaBaseBoard\Debug\libLib_EaBaseBoard.a(oled.o)
                0x000044d8                oled_putPixel
 .text.oled_putChar
                0x00004660       0xf0 D:\ProjetoLPC\Repositorio\EC020\Lib_EaBaseBoard\Debug\libLib_EaBaseBoard.a(oled.o)
                0x00004660                oled_putChar
 .text.CLKPWR_SetPCLKDiv
                0x00004750       0xcc D:\ProjetoLPC\Repositorio\EC020\Lib_MCU\Debug\libLib_MCU.a(lpc17xx_clkpwr.o)
                0x00004750                CLKPWR_SetPCLKDiv
 .text.CLKPWR_GetPCLKSEL
                0x0000481c       0x54 D:\ProjetoLPC\Repositorio\EC020\Lib_MCU\Debug\libLib_MCU.a(lpc17xx_clkpwr.o)
                0x0000481c                CLKPWR_GetPCLKSEL
 .text.CLKPWR_GetPCLK
                0x00004870       0x74 D:\ProjetoLPC\Repositorio\EC020\Lib_MCU\Debug\libLib_MCU.a(lpc17xx_clkpwr.o)
                0x00004870                CLKPWR_GetPCLK
 .text.CLKPWR_ConfigPPWR
                0x000048e4       0x78 D:\ProjetoLPC\Repositorio\EC020\Lib_MCU\Debug\libLib_MCU.a(lpc17xx_clkpwr.o)
                0x000048e4                CLKPWR_ConfigPPWR
 .text.GPIO_GetPointer
                0x0000495c       0x7c D:\ProjetoLPC\Repositorio\EC020\Lib_MCU\Debug\libLib_MCU.a(lpc17xx_gpio.o)
 .text.GPIO_SetDir
                0x000049d8       0x54 D:\ProjetoLPC\Repositorio\EC020\Lib_MCU\Debug\libLib_MCU.a(lpc17xx_gpio.o)
                0x000049d8                GPIO_SetDir
 .text.GPIO_SetValue
                0x00004a2c       0x2c D:\ProjetoLPC\Repositorio\EC020\Lib_MCU\Debug\libLib_MCU.a(lpc17xx_gpio.o)
                0x00004a2c                GPIO_SetValue
 .text.GPIO_ClearValue
                0x00004a58       0x2c D:\ProjetoLPC\Repositorio\EC020\Lib_MCU\Debug\libLib_MCU.a(lpc17xx_gpio.o)
                0x00004a58                GPIO_ClearValue
 .text.GPIO_ReadValue
                0x00004a84       0x30 D:\ProjetoLPC\Repositorio\EC020\Lib_MCU\Debug\libLib_MCU.a(lpc17xx_gpio.o)
                0x00004a84                GPIO_ReadValue
 .text.NVIC_EnableIRQ
                0x00004ab4       0x38 D:\ProjetoLPC\Repositorio\EC020\Lib_MCU\Debug\libLib_MCU.a(lpc17xx_i2c.o)
 .text.NVIC_DisableIRQ
                0x00004aec       0x3c D:\ProjetoLPC\Repositorio\EC020\Lib_MCU\Debug\libLib_MCU.a(lpc17xx_i2c.o)
 .text.I2C_getNum
                0x00004b28       0x54 D:\ProjetoLPC\Repositorio\EC020\Lib_MCU\Debug\libLib_MCU.a(lpc17xx_i2c.o)
 .text.I2C_Start
                0x00004b7c       0x44 D:\ProjetoLPC\Repositorio\EC020\Lib_MCU\Debug\libLib_MCU.a(lpc17xx_i2c.o)
 .text.I2C_Stop
                0x00004bc0       0x38 D:\ProjetoLPC\Repositorio\EC020\Lib_MCU\Debug\libLib_MCU.a(lpc17xx_i2c.o)
 .text.I2C_SendByte
                0x00004bf8       0x50 D:\ProjetoLPC\Repositorio\EC020\Lib_MCU\Debug\libLib_MCU.a(lpc17xx_i2c.o)
 .text.I2C_GetByte
                0x00004c48       0x5c D:\ProjetoLPC\Repositorio\EC020\Lib_MCU\Debug\libLib_MCU.a(lpc17xx_i2c.o)
 .text.I2C_IntCmd
                0x00004ca4       0xa8 D:\ProjetoLPC\Repositorio\EC020\Lib_MCU\Debug\libLib_MCU.a(lpc17xx_i2c.o)
                0x00004ca4                I2C_IntCmd
 .text.I2C_MasterHandler
                0x00004d4c      0x408 D:\ProjetoLPC\Repositorio\EC020\Lib_MCU\Debug\libLib_MCU.a(lpc17xx_i2c.o)
                0x00004d4c                I2C_MasterHandler
 .text.I2C_SetClock
                0x00005154       0xc8 D:\ProjetoLPC\Repositorio\EC020\Lib_MCU\Debug\libLib_MCU.a(lpc17xx_i2c.o)
                0x00005154                I2C_SetClock
 .text.I2C_Init
                0x0000521c       0xd8 D:\ProjetoLPC\Repositorio\EC020\Lib_MCU\Debug\libLib_MCU.a(lpc17xx_i2c.o)
                0x0000521c                I2C_Init
 .text.I2C_Cmd  0x000052f4       0x84 D:\ProjetoLPC\Repositorio\EC020\Lib_MCU\Debug\libLib_MCU.a(lpc17xx_i2c.o)
                0x000052f4                I2C_Cmd
 .text.I2C_MasterTransferData
                0x00005378      0x390 D:\ProjetoLPC\Repositorio\EC020\Lib_MCU\Debug\libLib_MCU.a(lpc17xx_i2c.o)
                0x00005378                I2C_MasterTransferData
 .text.check_failed
                0x00005708        0xc D:\ProjetoLPC\Repositorio\EC020\Lib_MCU\Debug\libLib_MCU.a(lpc17xx_libcfg_default.o)
                0x00005708                check_failed
 .text.PINSEL_SetPinFunc
                0x00005714       0x9c D:\ProjetoLPC\Repositorio\EC020\Lib_MCU\Debug\libLib_MCU.a(lpc17xx_pinsel.o)
                0x00005714                PINSEL_SetPinFunc
 .text.PINSEL_SetResistorMode
                0x000057b0       0x9c D:\ProjetoLPC\Repositorio\EC020\Lib_MCU\Debug\libLib_MCU.a(lpc17xx_pinsel.o)
                0x000057b0                PINSEL_SetResistorMode
 .text.PINSEL_SetOpenDrainMode
                0x0000584c       0x7c D:\ProjetoLPC\Repositorio\EC020\Lib_MCU\Debug\libLib_MCU.a(lpc17xx_pinsel.o)
                0x0000584c                PINSEL_SetOpenDrainMode
 .text.PINSEL_ConfigPin
                0x000058c8       0x54 D:\ProjetoLPC\Repositorio\EC020\Lib_MCU\Debug\libLib_MCU.a(lpc17xx_pinsel.o)
                0x000058c8                PINSEL_ConfigPin
 .text.SSP_getNum
                0x0000591c       0x40 D:\ProjetoLPC\Repositorio\EC020\Lib_MCU\Debug\libLib_MCU.a(lpc17xx_ssp.o)
 .text.SSP_IntHandler
                0x0000595c      0x338 D:\ProjetoLPC\Repositorio\EC020\Lib_MCU\Debug\libLib_MCU.a(lpc17xx_ssp.o)
                0x0000595c                SSP_IntHandler
 .text.SSP_SetClock
                0x00005c94       0xf8 D:\ProjetoLPC\Repositorio\EC020\Lib_MCU\Debug\libLib_MCU.a(lpc17xx_ssp.o)
                0x00005c94                SSP_SetClock
 .text.SSP_Init
                0x00005d8c      0x10c D:\ProjetoLPC\Repositorio\EC020\Lib_MCU\Debug\libLib_MCU.a(lpc17xx_ssp.o)
                0x00005d8c                SSP_Init
 .text.SSP_ConfigStructInit
                0x00005e98       0x48 D:\ProjetoLPC\Repositorio\EC020\Lib_MCU\Debug\libLib_MCU.a(lpc17xx_ssp.o)
                0x00005e98                SSP_ConfigStructInit
 .text.SSP_Cmd  0x00005ee0       0x7c D:\ProjetoLPC\Repositorio\EC020\Lib_MCU\Debug\libLib_MCU.a(lpc17xx_ssp.o)
                0x00005ee0                SSP_Cmd
 .text.SSP_SendData
                0x00005f5c       0x48 D:\ProjetoLPC\Repositorio\EC020\Lib_MCU\Debug\libLib_MCU.a(lpc17xx_ssp.o)
                0x00005f5c                SSP_SendData
 .text.SSP_ReceiveData
                0x00005fa4       0x44 D:\ProjetoLPC\Repositorio\EC020\Lib_MCU\Debug\libLib_MCU.a(lpc17xx_ssp.o)
                0x00005fa4                SSP_ReceiveData
 .text.SSP_ReadWrite
                0x00005fe8      0x440 D:\ProjetoLPC\Repositorio\EC020\Lib_MCU\Debug\libLib_MCU.a(lpc17xx_ssp.o)
                0x00005fe8                SSP_ReadWrite
 .text.getUartNum
                0x00006428       0x54 D:\ProjetoLPC\Repositorio\EC020\Lib_MCU\Debug\libLib_MCU.a(lpc17xx_uart.o)
                0x00006428                getUartNum
 .text.uart_set_divisors
                0x0000647c      0x26c D:\ProjetoLPC\Repositorio\EC020\Lib_MCU\Debug\libLib_MCU.a(lpc17xx_uart.o)
                0x0000647c                uart_set_divisors
 .text.UART_Init
                0x000066e8      0x368 D:\ProjetoLPC\Repositorio\EC020\Lib_MCU\Debug\libLib_MCU.a(lpc17xx_uart.o)
                0x000066e8                UART_Init
 .text.UART_ReceiveData
                0x00006a50       0x78 D:\ProjetoLPC\Repositorio\EC020\Lib_MCU\Debug\libLib_MCU.a(lpc17xx_uart.o)
                0x00006a50                UART_ReceiveData
 .text.UART_IntConfig
                0x00006ac8      0x1c8 D:\ProjetoLPC\Repositorio\EC020\Lib_MCU\Debug\libLib_MCU.a(lpc17xx_uart.o)
                0x00006ac8                UART_IntConfig
 .text.UART_TxCmd
                0x00006c90       0xe8 D:\ProjetoLPC\Repositorio\EC020\Lib_MCU\Debug\libLib_MCU.a(lpc17xx_uart.o)
                0x00006c90                UART_TxCmd
 .text.UART_SetupCbs
                0x00006d78       0xb4 D:\ProjetoLPC\Repositorio\EC020\Lib_MCU\Debug\libLib_MCU.a(lpc17xx_uart.o)
                0x00006d78                UART_SetupCbs
 .text          0x00006e2c      0x370 d:/projetolpc/lpcxpresso_6.1.4_194/lpcxpresso/tools/bin/../lib/gcc/arm-none-eabi/4.6.2/armv7-m\libgcc.a(_arm_addsubdf3.o)
                0x00006e2c                __aeabi_drsub
                0x00006e34                __aeabi_dsub
                0x00006e34                __subdf3
                0x00006e38                __aeabi_dadd
                0x00006e38                __adddf3
                0x000070b0                __floatunsidf
                0x000070b0                __aeabi_ui2d
                0x000070d0                __floatsidf
                0x000070d0                __aeabi_i2d
                0x000070f4                __aeabi_f2d
                0x000070f4                __extendsfdf2
                0x00007130                __floatundidf
                0x00007130                __aeabi_ul2d
                0x00007140                __floatdidf
                0x00007140                __aeabi_l2d
 .text          0x0000719c      0x424 d:/projetolpc/lpcxpresso_6.1.4_194/lpcxpresso/tools/bin/../lib/gcc/arm-none-eabi/4.6.2/armv7-m\libgcc.a(_arm_muldivdf3.o)
                0x0000719c                __aeabi_dmul
                0x0000719c                __muldf3
                0x000073f0                __divdf3
                0x000073f0                __aeabi_ddiv
 .text          0x000075c0      0x21c d:/projetolpc/lpcxpresso_6.1.4_194/lpcxpresso/tools/bin/../lib/gcc/arm-none-eabi/4.6.2/armv7-m\libgcc.a(_arm_addsubsf3.o)
                0x000075c0                __aeabi_frsub
                0x000075c8                __subsf3
                0x000075c8                __aeabi_fsub
                0x000075cc                __aeabi_fadd
                0x000075cc                __addsf3
                0x0000772c                __aeabi_ui2f
                0x0000772c                __floatunsisf
                0x00007734                __aeabi_i2f
                0x00007734                __floatsisf
                0x00007750                __aeabi_ul2f
                0x00007750                __floatundisf
                0x00007760                __aeabi_l2f
                0x00007760                __floatdisf
 .text          0x000077dc      0x2a0 d:/projetolpc/lpcxpresso_6.1.4_194/lpcxpresso/tools/bin/../lib/gcc/arm-none-eabi/4.6.2/armv7-m\libgcc.a(_arm_muldivsf3.o)
                0x000077dc                __mulsf3
                0x000077dc                __aeabi_fmul
                0x00007944                __aeabi_fdiv
                0x00007944                __divsf3
 .text          0x00007a7c       0x2c d:/projetolpc/lpcxpresso_6.1.4_194/lpcxpresso/tools/bin/../lib/gcc/arm-none-eabi/4.6.2/armv7-m\libgcc.a(_aeabi_uldivmod.o)
                0x00007a7c                __aeabi_uldivmod
 .text          0x00007aa8       0x5c d:/projetolpc/lpcxpresso_6.1.4_194/lpcxpresso/tools/bin/../lib/gcc/arm-none-eabi/4.6.2/armv7-m\libgcc.a(bpabi.o)
                0x00007aa8                __gnu_ldivmod_helper
                0x00007ad8                __gnu_uldivmod_helper
 .text          0x00007b04        0x4 d:/projetolpc/lpcxpresso_6.1.4_194/lpcxpresso/tools/bin/../lib/gcc/arm-none-eabi/4.6.2/armv7-m\libgcc.a(_dvmd_tls.o)
                0x00007b04                __aeabi_idiv0
                0x00007b04                __aeabi_ldiv0
 .text          0x00007b08      0x2c8 d:/projetolpc/lpcxpresso_6.1.4_194/lpcxpresso/tools/bin/../lib/gcc/arm-none-eabi/4.6.2/armv7-m\libgcc.a(_divdi3.o)
                0x00007b08                __divdi3
 .text          0x00007dd0      0x298 d:/projetolpc/lpcxpresso_6.1.4_194/lpcxpresso/tools/bin/../lib/gcc/arm-none-eabi/4.6.2/armv7-m\libgcc.a(_udivdi3.o)
                0x00007dd0                __udivdi3
 .text.memcmp   0x00008068       0x60 d:/projetolpc/lpcxpresso_6.1.4_194/lpcxpresso/tools/bin/../lib/gcc/arm-none-eabi/4.6.2/../../../../arm-none-eabi/lib/armv7-m\libc.a(lib_a-memcmp.o)
                0x00008068                memcmp
 .text.memcpy   0x000080c8       0x84 d:/projetolpc/lpcxpresso_6.1.4_194/lpcxpresso/tools/bin/../lib/gcc/arm-none-eabi/4.6.2/../../../../arm-none-eabi/lib/armv7-m\libc.a(lib_a-memcpy.o)
                0x000080c8                memcpy
 .text.memset   0x0000814c       0x90 d:/projetolpc/lpcxpresso_6.1.4_194/lpcxpresso/tools/bin/../lib/gcc/arm-none-eabi/4.6.2/../../../../arm-none-eabi/lib/armv7-m\libc.a(lib_a-memset.o)
                0x0000814c                memset
 .text.sprintf  0x000081dc       0x50 d:/projetolpc/lpcxpresso_6.1.4_194/lpcxpresso/tools/bin/../lib/gcc/arm-none-eabi/4.6.2/../../../../arm-none-eabi/lib/armv7-m\libc.a(lib_a-sprintf.o)
                0x000081dc                sprintf
 .text.strlen   0x0000822c       0x60 d:/projetolpc/lpcxpresso_6.1.4_194/lpcxpresso/tools/bin/../lib/gcc/arm-none-eabi/4.6.2/../../../../arm-none-eabi/lib/armv7-m\libc.a(lib_a-strlen.o)
                0x0000822c                strlen
 .text.strncpy  0x0000828c       0x68 d:/projetolpc/lpcxpresso_6.1.4_194/lpcxpresso/tools/bin/../lib/gcc/arm-none-eabi/4.6.2/../../../../arm-none-eabi/lib/armv7-m\libc.a(lib_a-strncpy.o)
                0x0000828c                strncpy
 .text._strtoul_r
                0x000082f4      0x12c d:/projetolpc/lpcxpresso_6.1.4_194/lpcxpresso/tools/bin/../lib/gcc/arm-none-eabi/4.6.2/../../../../arm-none-eabi/lib/armv7-m\libc.a(lib_a-strtoul.o)
                0x000082f4                _strtoul_r
 .text.strtoul  0x00008420       0x1c d:/projetolpc/lpcxpresso_6.1.4_194/lpcxpresso/tools/bin/../lib/gcc/arm-none-eabi/4.6.2/../../../../arm-none-eabi/lib/armv7-m\libc.a(lib_a-strtoul.o)
                0x00008420                strtoul
 .text._svfprintf_r
                0x0000843c     0x1408 d:/projetolpc/lpcxpresso_6.1.4_194/lpcxpresso/tools/bin/../lib/gcc/arm-none-eabi/4.6.2/../../../../arm-none-eabi/lib/armv7-m\libc.a(lib_a-svfprintf.o)
                0x0000843c                _svfprintf_r
 .text.quorem   0x00009844      0x150 d:/projetolpc/lpcxpresso_6.1.4_194/lpcxpresso/tools/bin/../lib/gcc/arm-none-eabi/4.6.2/../../../../arm-none-eabi/lib/armv7-m\libc.a(lib_a-dtoa.o)
 *fill*         0x00009994        0x4 00
 .text._dtoa_r  0x00009998      0xe60 d:/projetolpc/lpcxpresso_6.1.4_194/lpcxpresso/tools/bin/../lib/gcc/arm-none-eabi/4.6.2/../../../../arm-none-eabi/lib/armv7-m\libc.a(lib_a-dtoa.o)
                0x00009998                _dtoa_r
 .text._localeconv_r
                0x0000a7f8        0xc d:/projetolpc/lpcxpresso_6.1.4_194/lpcxpresso/tools/bin/../lib/gcc/arm-none-eabi/4.6.2/../../../../arm-none-eabi/lib/armv7-m\libc.a(lib_a-locale.o)
                0x0000a7f8                _localeconv_r
 .text._malloc_r
                0x0000a804      0x528 d:/projetolpc/lpcxpresso_6.1.4_194/lpcxpresso/tools/bin/../lib/gcc/arm-none-eabi/4.6.2/../../../../arm-none-eabi/lib/armv7-m\libc.a(lib_a-mallocr.o)
                0x0000a804                _malloc_r
 .text.memchr   0x0000ad2c       0x84 d:/projetolpc/lpcxpresso_6.1.4_194/lpcxpresso/tools/bin/../lib/gcc/arm-none-eabi/4.6.2/../../../../arm-none-eabi/lib/armv7-m\libc.a(lib_a-memchr.o)
                0x0000ad2c                memchr
 .text.__malloc_lock
                0x0000adb0        0x4 d:/projetolpc/lpcxpresso_6.1.4_194/lpcxpresso/tools/bin/../lib/gcc/arm-none-eabi/4.6.2/../../../../arm-none-eabi/lib/armv7-m\libc.a(lib_a-mlock.o)
                0x0000adb0                __malloc_lock
 .text.__malloc_unlock
                0x0000adb4        0x4 d:/projetolpc/lpcxpresso_6.1.4_194/lpcxpresso/tools/bin/../lib/gcc/arm-none-eabi/4.6.2/../../../../arm-none-eabi/lib/armv7-m\libc.a(lib_a-mlock.o)
                0x0000adb4                __malloc_unlock
 .text._Balloc  0x0000adb8       0x4c d:/projetolpc/lpcxpresso_6.1.4_194/lpcxpresso/tools/bin/../lib/gcc/arm-none-eabi/4.6.2/../../../../arm-none-eabi/lib/armv7-m\libc.a(lib_a-mprec.o)
                0x0000adb8                _Balloc
 .text._Bfree   0x0000ae04       0x14 d:/projetolpc/lpcxpresso_6.1.4_194/lpcxpresso/tools/bin/../lib/gcc/arm-none-eabi/4.6.2/../../../../arm-none-eabi/lib/armv7-m\libc.a(lib_a-mprec.o)
                0x0000ae04                _Bfree
 .text.__multadd
                0x0000ae18       0x84 d:/projetolpc/lpcxpresso_6.1.4_194/lpcxpresso/tools/bin/../lib/gcc/arm-none-eabi/4.6.2/../../../../arm-none-eabi/lib/armv7-m\libc.a(lib_a-mprec.o)
                0x0000ae18                __multadd
 .text.__hi0bits
                0x0000ae9c       0x3c d:/projetolpc/lpcxpresso_6.1.4_194/lpcxpresso/tools/bin/../lib/gcc/arm-none-eabi/4.6.2/../../../../arm-none-eabi/lib/armv7-m\libc.a(lib_a-mprec.o)
                0x0000ae9c                __hi0bits
 .text.__lo0bits
                0x0000aed8       0x5c d:/projetolpc/lpcxpresso_6.1.4_194/lpcxpresso/tools/bin/../lib/gcc/arm-none-eabi/4.6.2/../../../../arm-none-eabi/lib/armv7-m\libc.a(lib_a-mprec.o)
                0x0000aed8                __lo0bits
 .text.__i2b    0x0000af34       0x14 d:/projetolpc/lpcxpresso_6.1.4_194/lpcxpresso/tools/bin/../lib/gcc/arm-none-eabi/4.6.2/../../../../arm-none-eabi/lib/armv7-m\libc.a(lib_a-mprec.o)
                0x0000af34                __i2b
 .text.__multiply
                0x0000af48      0x144 d:/projetolpc/lpcxpresso_6.1.4_194/lpcxpresso/tools/bin/../lib/gcc/arm-none-eabi/4.6.2/../../../../arm-none-eabi/lib/armv7-m\libc.a(lib_a-mprec.o)
                0x0000af48                __multiply
 .text.__pow5mult
                0x0000b08c       0x98 d:/projetolpc/lpcxpresso_6.1.4_194/lpcxpresso/tools/bin/../lib/gcc/arm-none-eabi/4.6.2/../../../../arm-none-eabi/lib/armv7-m\libc.a(lib_a-mprec.o)
                0x0000b08c                __pow5mult
 .text.__lshift
                0x0000b124       0xc0 d:/projetolpc/lpcxpresso_6.1.4_194/lpcxpresso/tools/bin/../lib/gcc/arm-none-eabi/4.6.2/../../../../arm-none-eabi/lib/armv7-m\libc.a(lib_a-mprec.o)
                0x0000b124                __lshift
 .text.__mcmp   0x0000b1e4       0x3c d:/projetolpc/lpcxpresso_6.1.4_194/lpcxpresso/tools/bin/../lib/gcc/arm-none-eabi/4.6.2/../../../../arm-none-eabi/lib/armv7-m\libc.a(lib_a-mprec.o)
                0x0000b1e4                __mcmp
 .text.__mdiff  0x0000b220       0xd8 d:/projetolpc/lpcxpresso_6.1.4_194/lpcxpresso/tools/bin/../lib/gcc/arm-none-eabi/4.6.2/../../../../arm-none-eabi/lib/armv7-m\libc.a(lib_a-mprec.o)
                0x0000b220                __mdiff
 .text.__d2b    0x0000b2f8       0xcc d:/projetolpc/lpcxpresso_6.1.4_194/lpcxpresso/tools/bin/../lib/gcc/arm-none-eabi/4.6.2/../../../../arm-none-eabi/lib/armv7-m\libc.a(lib_a-mprec.o)
                0x0000b2f8                __d2b
 .text.__fpclassifyd
                0x0000b3c4       0x68 d:/projetolpc/lpcxpresso_6.1.4_194/lpcxpresso/tools/bin/../lib/gcc/arm-none-eabi/4.6.2/../../../../arm-none-eabi/lib/armv7-m\libc.a(lib_a-s_fpclassify.o)
                0x0000b3c4                __fpclassifyd
 .text._sbrk_r  0x0000b42c       0x24 d:/projetolpc/lpcxpresso_6.1.4_194/lpcxpresso/tools/bin/../lib/gcc/arm-none-eabi/4.6.2/../../../../arm-none-eabi/lib/armv7-m\libc.a(lib_a-sbrkr.o)
                0x0000b42c                _sbrk_r
 .text.__ssprint_r
                0x0000b450       0xf8 d:/projetolpc/lpcxpresso_6.1.4_194/lpcxpresso/tools/bin/../lib/gcc/arm-none-eabi/4.6.2/../../../../arm-none-eabi/lib/armv7-m\libc.a(lib_a-svfiprintf.o)
                0x0000b450                __ssprint_r
 .text._calloc_r
                0x0000b548       0x60 d:/projetolpc/lpcxpresso_6.1.4_194/lpcxpresso/tools/bin/../lib/gcc/arm-none-eabi/4.6.2/../../../../arm-none-eabi/lib/armv7-m\libc.a(lib_a-callocr.o)
                0x0000b548                _calloc_r
 .text._malloc_trim_r
                0x0000b5a8       0xa0 d:/projetolpc/lpcxpresso_6.1.4_194/lpcxpresso/tools/bin/../lib/gcc/arm-none-eabi/4.6.2/../../../../arm-none-eabi/lib/armv7-m\libc.a(lib_a-freer.o)
                0x0000b5a8                _malloc_trim_r
 .text._free_r  0x0000b648      0x190 d:/projetolpc/lpcxpresso_6.1.4_194/lpcxpresso/tools/bin/../lib/gcc/arm-none-eabi/4.6.2/../../../../arm-none-eabi/lib/armv7-m\libc.a(lib_a-freer.o)
                0x0000b648                _free_r
 .text.memmove  0x0000b7d8       0xb0 d:/projetolpc/lpcxpresso_6.1.4_194/lpcxpresso/tools/bin/../lib/gcc/arm-none-eabi/4.6.2/../../../../arm-none-eabi/lib/armv7-m\libc.a(lib_a-memmove.o)
                0x0000b7d8                memmove
 .text._realloc_r
                0x0000b888      0x3f4 d:/projetolpc/lpcxpresso_6.1.4_194/lpcxpresso/tools/bin/../lib/gcc/arm-none-eabi/4.6.2/../../../../arm-none-eabi/lib/armv7-m\libc.a(lib_a-reallocr.o)
                0x0000b888                _realloc_r
 .text._sbrk    0x0000bc7c       0x3c d:/projetolpc/lpcxpresso_6.1.4_194/lpcxpresso/tools/bin/../lib/gcc/arm-none-eabi/4.6.2/../../../../arm-none-eabi/lib/armv7-m\libcr_newlib_semihost.a(_cr_sbrk.o)
                0x0000bc7c                _sbrk
 .text.__check_heap_overflow
                0x0000bcb8       0x2c d:/projetolpc/lpcxpresso_6.1.4_194/lpcxpresso/tools/bin/../lib/gcc/arm-none-eabi/4.6.2/../../../../arm-none-eabi/lib/armv7-m\libcr_newlib_semihost.a(_cr_check_heap.o)
                0x0000bcb8                __check_heap_overflow
 .text          0x0000bce4      0x110 d:/projetolpc/lpcxpresso_6.1.4_194/lpcxpresso/tools/bin/../lib/gcc/arm-none-eabi/4.6.2/armv7-m\libgcc.a(_arm_cmpdf2.o)
                0x0000bce4                __gtdf2
                0x0000bce4                __gedf2
                0x0000bcec                __ltdf2
                0x0000bcec                __ledf2
                0x0000bcf4                __nedf2
                0x0000bcf4                __eqdf2
                0x0000bcf4                __cmpdf2
                0x0000bd70                __aeabi_cdrcmple
                0x0000bd80                __aeabi_cdcmpeq
                0x0000bd80                __aeabi_cdcmple
                0x0000bd90                __aeabi_dcmpeq
                0x0000bda4                __aeabi_dcmplt
                0x0000bdb8                __aeabi_dcmple
                0x0000bdcc                __aeabi_dcmpge
                0x0000bde0                __aeabi_dcmpgt
 .text          0x0000bdf4       0x50 d:/projetolpc/lpcxpresso_6.1.4_194/lpcxpresso/tools/bin/../lib/gcc/arm-none-eabi/4.6.2/armv7-m\libgcc.a(_arm_fixdfsi.o)
                0x0000bdf4                __aeabi_d2iz
                0x0000bdf4                __fixdfsi
 .text.__errno  0x0000be44        0xc d:/projetolpc/lpcxpresso_6.1.4_194/lpcxpresso/tools/bin/../lib/gcc/arm-none-eabi/4.6.2/../../../../arm-none-eabi/lib/armv7-m\libc.a(lib_a-errno.o)
                0x0000be44                __errno
 *(.rodata .rodata.* .constdata .constdata.*)
 .rodata        0x0000be50      0x894 ./src/EasyWeb_Ctrl/EasyWeb.o
                0x0000be50                MyIP
                0x0000be54                SubnetMask
                0x0000be58                GatewayIP
                0x0000be5c                WebSide
                0x0000c69c                GetResponse_EasyWeb
 .rodata        0x0000c6e4        0x8 ./src/EasyWeb_Ctrl/tcpip.o
                0x0000c6e4                MyMAC
 .rodata        0x0000c6ec      0x300 ./src/Display_Ctrl/Oled_Ctrl/Fonte5x7.o
                0x0000c6ec                font5x7
 .rodata        0x0000c9ec       0xc0 ./src/Display_Ctrl/Display_Ctrl.o
 .rodata        0x0000caac        0x8 D:\ProjetoLPC\Repositorio\EC020\Lib_EaBaseBoard\Debug\libLib_EaBaseBoard.a(oled.o)
 .rodata        0x0000cab4       0x18 D:\ProjetoLPC\Repositorio\EC020\Lib_MCU\Debug\libLib_MCU.a(lpc17xx_i2c.o)
 .rodata        0x0000cacc       0x18 D:\ProjetoLPC\Repositorio\EC020\Lib_MCU\Debug\libLib_MCU.a(lpc17xx_ssp.o)
 .rodata        0x0000cae4       0x18 D:\ProjetoLPC\Repositorio\EC020\Lib_MCU\Debug\libLib_MCU.a(lpc17xx_uart.o)
 .rodata.zeroes.6590
                0x0000cafc       0x10 d:/projetolpc/lpcxpresso_6.1.4_194/lpcxpresso/tools/bin/../lib/gcc/arm-none-eabi/4.6.2/../../../../arm-none-eabi/lib/armv7-m\libc.a(lib_a-svfprintf.o)
 .rodata.str1.4
                0x0000cb0c       0x42 d:/projetolpc/lpcxpresso_6.1.4_194/lpcxpresso/tools/bin/../lib/gcc/arm-none-eabi/4.6.2/../../../../arm-none-eabi/lib/armv7-m\libc.a(lib_a-svfprintf.o)
                                 0x44 (size before relaxing)
 *fill*         0x0000cb4e        0x2 00
 .rodata.blanks.6589
                0x0000cb50       0x10 d:/projetolpc/lpcxpresso_6.1.4_194/lpcxpresso/tools/bin/../lib/gcc/arm-none-eabi/4.6.2/../../../../arm-none-eabi/lib/armv7-m\libc.a(lib_a-svfprintf.o)
 .rodata._ctype_
                0x0000cb60      0x104 d:/projetolpc/lpcxpresso_6.1.4_194/lpcxpresso/tools/bin/../lib/gcc/arm-none-eabi/4.6.2/../../../../arm-none-eabi/lib/armv7-m\libc.a(lib_a-ctype_.o)
                0x0000cb60                _ctype_
 .rodata.str1.4
                0x0000cc64       0x10 d:/projetolpc/lpcxpresso_6.1.4_194/lpcxpresso/tools/bin/../lib/gcc/arm-none-eabi/4.6.2/../../../../arm-none-eabi/lib/armv7-m\libc.a(lib_a-dtoa.o)
                                 0x14 (size before relaxing)
 .rodata.str1.4
                0x0000cc74        0x2 d:/projetolpc/lpcxpresso_6.1.4_194/lpcxpresso/tools/bin/../lib/gcc/arm-none-eabi/4.6.2/../../../../arm-none-eabi/lib/armv7-m\libc.a(lib_a-impure.o)
                                  0x4 (size before relaxing)
 *fill*         0x0000cc76        0x2 00
 .rodata.str1.4
                0x0000cc78        0xc d:/projetolpc/lpcxpresso_6.1.4_194/lpcxpresso/tools/bin/../lib/gcc/arm-none-eabi/4.6.2/../../../../arm-none-eabi/lib/armv7-m\libc.a(lib_a-locale.o)
                                 0x14 (size before relaxing)
 *fill*         0x0000cc84        0x4 00
 .rodata.__mprec_tens
                0x0000cc88       0xc8 d:/projetolpc/lpcxpresso_6.1.4_194/lpcxpresso/tools/bin/../lib/gcc/arm-none-eabi/4.6.2/../../../../arm-none-eabi/lib/armv7-m\libc.a(lib_a-mprec.o)
                0x0000cc88                __mprec_tens
 .rodata.__mprec_bigtens
                0x0000cd50       0x28 d:/projetolpc/lpcxpresso_6.1.4_194/lpcxpresso/tools/bin/../lib/gcc/arm-none-eabi/4.6.2/../../../../arm-none-eabi/lib/armv7-m\libc.a(lib_a-mprec.o)
                0x0000cd50                __mprec_bigtens
 .rodata.p05.5111
                0x0000cd78        0xc d:/projetolpc/lpcxpresso_6.1.4_194/lpcxpresso/tools/bin/../lib/gcc/arm-none-eabi/4.6.2/../../../../arm-none-eabi/lib/armv7-m\libc.a(lib_a-mprec.o)
                0x0000cd84                . = ALIGN (0x4)

.glue_7         0x0000cd84        0x0
 .glue_7        0x00000000        0x0 linker stubs

.glue_7t        0x0000cd84        0x0
 .glue_7t       0x00000000        0x0 linker stubs

.vfp11_veneer   0x0000cd84        0x0
 .vfp11_veneer  0x00000000        0x0 linker stubs

.v4_bx          0x0000cd84        0x0
 .v4_bx         0x00000000        0x0 linker stubs

.ARM.extab
 *(.ARM.extab* .gnu.linkonce.armextab.*)
                0x0000cd84                __exidx_start = .

.ARM.exidx      0x0000cd84        0x8
 *(.ARM.exidx* .gnu.linkonce.armexidx.*)
 .ARM.exidx     0x0000cd84        0x8 d:/projetolpc/lpcxpresso_6.1.4_194/lpcxpresso/tools/bin/../lib/gcc/arm-none-eabi/4.6.2/armv7-m\libgcc.a(_divdi3.o)
 .ARM.exidx     0x0000cd8c        0x0 d:/projetolpc/lpcxpresso_6.1.4_194/lpcxpresso/tools/bin/../lib/gcc/arm-none-eabi/4.6.2/armv7-m\libgcc.a(_udivdi3.o)
                                  0x8 (size before relaxing)
                0x0000cd8c                __exidx_end = .
                0x0000cd8c                _etext = .

.data_RAM2      0x2007c000        0x0 load address 0x0000cd8c
 FILL mask 0xff
 *(.data.$RAM2*)
 *(.data.$RamAHB32*)
                0x2007c000                . = ALIGN (0x4)

.uninit_RESERVED
                0x10000000        0x0
 *(.bss.$RESERVED*)
                0x10000000                . = ALIGN (0x4)
                0x10000000                _end_uninit_RESERVED = .

.data           0x10000000      0x88c load address 0x0000cd8c
 FILL mask 0xff
                0x10000000                _data = .
 *(vtable)
 *(.data*)
 .data          0x10000000        0x8 ./src/Display_Ctrl/Light_Ctrl/Light_Ctrl.o
 .data          0x10000008        0x8 ./src/Display_Ctrl/Display_State.o
                0x10000008                uiMaxValue2Temp
                0x1000000c                uiMaxValue2Light
 .data          0x10000010        0x4 D:\ProjetoLPC\Repositorio\EC020\Lib_CMSISv1p30_LPC17xx\Debug\libCMSISv1p30_LPC17xx.a(system_LPC17xx.o)
                0x10000010                SystemCoreClock
 .data.__ctype_ptr__
                0x10000014        0x4 d:/projetolpc/lpcxpresso_6.1.4_194/lpcxpresso/tools/bin/../lib/gcc/arm-none-eabi/4.6.2/../../../../arm-none-eabi/lib/armv7-m\libc.a(lib_a-ctype_.o)
                0x10000014                __ctype_ptr__
 .data.impure_data
                0x10000018      0x428 d:/projetolpc/lpcxpresso_6.1.4_194/lpcxpresso/tools/bin/../lib/gcc/arm-none-eabi/4.6.2/../../../../arm-none-eabi/lib/armv7-m\libc.a(lib_a-impure.o)
 .data._impure_ptr
                0x10000440        0x4 d:/projetolpc/lpcxpresso_6.1.4_194/lpcxpresso/tools/bin/../lib/gcc/arm-none-eabi/4.6.2/../../../../arm-none-eabi/lib/armv7-m\libc.a(lib_a-impure.o)
                0x10000440                _impure_ptr
 .data.lconv    0x10000444       0x38 d:/projetolpc/lpcxpresso_6.1.4_194/lpcxpresso/tools/bin/../lib/gcc/arm-none-eabi/4.6.2/../../../../arm-none-eabi/lib/armv7-m\libc.a(lib_a-locale.o)
 .data.__malloc_av_
                0x1000047c      0x408 d:/projetolpc/lpcxpresso_6.1.4_194/lpcxpresso/tools/bin/../lib/gcc/arm-none-eabi/4.6.2/../../../../arm-none-eabi/lib/armv7-m\libc.a(lib_a-mallocr.o)
                0x1000047c                __malloc_av_
 .data.__malloc_trim_threshold
                0x10000884        0x4 d:/projetolpc/lpcxpresso_6.1.4_194/lpcxpresso/tools/bin/../lib/gcc/arm-none-eabi/4.6.2/../../../../arm-none-eabi/lib/armv7-m\libc.a(lib_a-mallocr.o)
                0x10000884                __malloc_trim_threshold
 .data.__malloc_sbrk_base
                0x10000888        0x4 d:/projetolpc/lpcxpresso_6.1.4_194/lpcxpresso/tools/bin/../lib/gcc/arm-none-eabi/4.6.2/../../../../arm-none-eabi/lib/armv7-m\libc.a(lib_a-mallocr.o)
                0x10000888                __malloc_sbrk_base
                0x1000088c                . = ALIGN (0x4)
                0x1000088c                _edata = .

.bss_RAM2       0x2007c000        0x0
 *(.bss.$RAM2*)
 *(.bss.$RamAHB32*)
                0x2007c000                . = ALIGN (0x4)

.bss            0x1000088c      0xe40
                0x1000088c                _bss = .
 *(.bss*)
 .bss           0x1000088c      0x108 ./src/Usart_Ctrl/Command/Command.o
 .bss           0x10000994        0x8 ./src/EasyWeb_Ctrl/ethmac.o
 .bss           0x1000099c        0x4 ./src/Display_Ctrl/Temp_Ctrl/Temp_Ctrl.o
 .bss           0x100009a0      0x300 ./src/Display_Ctrl/Oled_Ctrl/Oled_Ctrl.o
 .bss           0x10000ca0        0x8 ./src/Display_Ctrl/Display_Ctrl.o
 .bss           0x10000ca8      0x300 D:\ProjetoLPC\Repositorio\EC020\Lib_EaBaseBoard\Debug\libLib_EaBaseBoard.a(oled.o)
 .bss           0x10000fa8       0x24 D:\ProjetoLPC\Repositorio\EC020\Lib_MCU\Debug\libLib_MCU.a(lpc17xx_i2c.o)
 .bss           0x10000fcc       0x18 D:\ProjetoLPC\Repositorio\EC020\Lib_MCU\Debug\libLib_MCU.a(lpc17xx_ssp.o)
 .bss           0x10000fe4       0x44 D:\ProjetoLPC\Repositorio\EC020\Lib_MCU\Debug\libLib_MCU.a(lpc17xx_uart.o)
                0x10000fe4                uartCbsDat
                0x10001024                pfnModemCbs
 .bss.__malloc_max_total_mem
                0x10001028        0x4 d:/projetolpc/lpcxpresso_6.1.4_194/lpcxpresso/tools/bin/../lib/gcc/arm-none-eabi/4.6.2/../../../../arm-none-eabi/lib/armv7-m\libc.a(lib_a-mallocr.o)
                0x10001028                __malloc_max_total_mem
 .bss.__malloc_max_sbrked_mem
                0x1000102c        0x4 d:/projetolpc/lpcxpresso_6.1.4_194/lpcxpresso/tools/bin/../lib/gcc/arm-none-eabi/4.6.2/../../../../arm-none-eabi/lib/armv7-m\libc.a(lib_a-mallocr.o)
                0x1000102c                __malloc_max_sbrked_mem
 .bss.__malloc_top_pad
                0x10001030        0x4 d:/projetolpc/lpcxpresso_6.1.4_194/lpcxpresso/tools/bin/../lib/gcc/arm-none-eabi/4.6.2/../../../../arm-none-eabi/lib/armv7-m\libc.a(lib_a-mallocr.o)
                0x10001030                __malloc_top_pad
 .bss.__malloc_current_mallinfo
                0x10001034       0x28 d:/projetolpc/lpcxpresso_6.1.4_194/lpcxpresso/tools/bin/../lib/gcc/arm-none-eabi/4.6.2/../../../../arm-none-eabi/lib/armv7-m\libc.a(lib_a-mallocr.o)
                0x10001034                __malloc_current_mallinfo
 *(COMMON)
 COMMON         0x1000105c      0x208 ./src/Usart_Ctrl/Usart_Ctrl.o
                0x1000105c                tagUsartCtrl
 COMMON         0x10001264       0x10 ./src/System/Timer.o
                0x10001264                tagTimer
 COMMON         0x10001274      0x3da ./src/EasyWeb_Ctrl/EasyWeb.o
                0x10001274                TCPTimer
                0x10001278                HTTPBytesToSend
                0x1000127c                TCPRxDataCount
                0x1000127e                HTTPStatus
                0x10001280                TCPTxDataCount
                0x10001284                RecdFrameIP
                0x10001288                RemoteMAC
                0x1000128e                TCPStateMachine
                0x10001290                TCPUNASeqNr
                0x10001294                TCPLocalPort
                0x10001298                _RxTCPBuffer
                0x10001398                ITM_RxBuffer
                0x1000139c                TCPFlags
                0x100013a0                RecdFrameMAC
                0x100013a6                RecdIPFrameLength
                0x100013a8                PWebSide
                0x100013ac                RemoteIP
                0x100013b0                LastFrameSent
                0x100013b2                TCPRemotePort
                0x100013b4                TxFrame2Size
                0x100013b8                TCPAckNr
                0x100013bc                TransmitControl
                0x100013be                TxFrame1Size
                0x100013c0                ISNGenHigh
                0x100013c4                _TxFrame2
                0x1000140e                RecdFrameLength
                0x10001410                _TxFrame1
                0x10001648                TCPSeqNr
                0x1000164c                RetryCounter
                0x1000164d                SocketStatus
 *fill*         0x1000164e        0x2 00
 COMMON         0x10001650       0x70 ./src/Display_Ctrl/Display_Ctrl.o
                0x10001650                tagScreenStrings
 COMMON         0x100016c0        0x1 ./src/Display_Ctrl/Display_State.o
                0x100016c0                enuDisplayState
 *fill*         0x100016c1        0x3 00
 COMMON         0x100016c4        0x4 d:/projetolpc/lpcxpresso_6.1.4_194/lpcxpresso/tools/bin/../lib/gcc/arm-none-eabi/4.6.2/../../../../arm-none-eabi/lib/armv7-m\libc.a(lib_a-reent.o)
                0x100016c4                errno
 COMMON         0x100016c8        0x4 d:/projetolpc/lpcxpresso_6.1.4_194/lpcxpresso/tools/bin/../lib/gcc/arm-none-eabi/4.6.2/../../../../arm-none-eabi/lib/armv7-m\libcr_newlib_semihost.a(_cr_sbrk.o)
                0x100016c8                __end_of_heap
                0x100016cc                . = ALIGN (0x4)
                0x100016cc                _ebss = .
                0x100016cc                PROVIDE (end, .)

.noinit_RAM2    0x2007c000        0x0
 *(.noinit.$RAM2*)
 *(.noinit.$RamAHB32*)
                0x2007c000                . = ALIGN (0x4)

.noinit         0x100016cc        0x0
                0x100016cc                _noinit = .
 *(.noinit*)
                0x100016cc                . = ALIGN (0x4)
                0x100016cc                _end_noinit = .
                0x100016cc                PROVIDE (_pvHeapStart, .)
                0x10008000                PROVIDE (_vStackTop, (__top_RamLoc32 - 0x0))
OUTPUT(demo.axf elf32-littlearm)

.debug_info     0x00000000     0xa76f
 .debug_info    0x00000000      0x2e4 ./src/Usart_Ctrl/Command/Command.o
 .debug_info    0x000002e4      0x93d ./src/Usart_Ctrl/Usart_Ctrl.o
 .debug_info    0x00000c21      0x7a5 ./src/System/Timer.o
 .debug_info    0x000013c6      0x67d ./src/EasyWeb_Ctrl/EasyWeb.o
 .debug_info    0x00001a43      0xbb4 ./src/EasyWeb_Ctrl/ethmac.o
 .debug_info    0x000025f7      0xd64 ./src/EasyWeb_Ctrl/tcpip.o
 .debug_info    0x0000335b      0x154 ./src/Display_Ctrl/Temp_Ctrl/Temp_Ctrl.o
 .debug_info    0x000034af      0x375 ./src/Display_Ctrl/Ssp_Ctrl/Ssp_Ctrl.o
 .debug_info    0x00003824       0x65 ./src/Display_Ctrl/Oled_Ctrl/Fonte5x7.o
 .debug_info    0x00003889      0xafa ./src/Display_Ctrl/Oled_Ctrl/Oled_Ctrl.o
 .debug_info    0x00004383      0x4bf ./src/Display_Ctrl/Light_Ctrl/Light_Ctrl.o
 .debug_info    0x00004842      0x410 ./src/Display_Ctrl/I2c_Ctrl/I2c_Ctrl.o
 .debug_info    0x00004c52      0x3cb ./src/Display_Ctrl/Button_Ctrl/Button_Ctrl.o
 .debug_info    0x0000501d      0x22a ./src/Display_Ctrl/Display_Ctrl.o
 .debug_info    0x00005247      0x228 ./src/Display_Ctrl/Display_State.o
 .debug_info    0x0000546f      0x1f3 ./src/cr_startup_lpc17.o
 .debug_info    0x00005662      0x131 ./src/main.o
 .debug_info    0x00005793      0x357 D:\ProjetoLPC\Repositorio\EC020\Lib_CMSISv1p30_LPC17xx\Debug\libCMSISv1p30_LPC17xx.a(system_LPC17xx.o)
 .debug_info    0x00005aea      0x97d D:\ProjetoLPC\Repositorio\EC020\Lib_EaBaseBoard\Debug\libLib_EaBaseBoard.a(oled.o)
 .debug_info    0x00006467      0x641 D:\ProjetoLPC\Repositorio\EC020\Lib_MCU\Debug\libLib_MCU.a(lpc17xx_clkpwr.o)
 .debug_info    0x00006aa8      0xb95 D:\ProjetoLPC\Repositorio\EC020\Lib_MCU\Debug\libLib_MCU.a(lpc17xx_gpio.o)
 .debug_info    0x0000763d      0xcc3 D:\ProjetoLPC\Repositorio\EC020\Lib_MCU\Debug\libLib_MCU.a(lpc17xx_i2c.o)
 .debug_info    0x00008300       0xcd D:\ProjetoLPC\Repositorio\EC020\Lib_MCU\Debug\libLib_MCU.a(lpc17xx_libcfg_default.o)
 .debug_info    0x000083cd      0x4b1 D:\ProjetoLPC\Repositorio\EC020\Lib_MCU\Debug\libLib_MCU.a(lpc17xx_pinsel.o)
 .debug_info    0x0000887e      0x867 D:\ProjetoLPC\Repositorio\EC020\Lib_MCU\Debug\libLib_MCU.a(lpc17xx_ssp.o)
 .debug_info    0x000090e5     0x14cf D:\ProjetoLPC\Repositorio\EC020\Lib_MCU\Debug\libLib_MCU.a(lpc17xx_uart.o)
 .debug_info    0x0000a5b4      0x106 d:/projetolpc/lpcxpresso_6.1.4_194/lpcxpresso/tools/bin/../lib/gcc/arm-none-eabi/4.6.2/../../../../arm-none-eabi/lib/armv7-m\libcr_newlib_semihost.a(_cr_sbrk.o)
 .debug_info    0x0000a6ba       0xb5 d:/projetolpc/lpcxpresso_6.1.4_194/lpcxpresso/tools/bin/../lib/gcc/arm-none-eabi/4.6.2/../../../../arm-none-eabi/lib/armv7-m\libcr_newlib_semihost.a(_cr_check_heap.o)

.debug_abbrev   0x00000000     0x246c
 .debug_abbrev  0x00000000      0x148 ./src/Usart_Ctrl/Command/Command.o
 .debug_abbrev  0x00000148      0x21b ./src/Usart_Ctrl/Usart_Ctrl.o
 .debug_abbrev  0x00000363      0x1f0 ./src/System/Timer.o
 .debug_abbrev  0x00000553      0x198 ./src/EasyWeb_Ctrl/EasyWeb.o
 .debug_abbrev  0x000006eb      0x1b7 ./src/EasyWeb_Ctrl/ethmac.o
 .debug_abbrev  0x000008a2      0x1f9 ./src/EasyWeb_Ctrl/tcpip.o
 .debug_abbrev  0x00000a9b       0xc2 ./src/Display_Ctrl/Temp_Ctrl/Temp_Ctrl.o
 .debug_abbrev  0x00000b5d      0x125 ./src/Display_Ctrl/Ssp_Ctrl/Ssp_Ctrl.o
 .debug_abbrev  0x00000c82       0x4b ./src/Display_Ctrl/Oled_Ctrl/Fonte5x7.o
 .debug_abbrev  0x00000ccd      0x1ed ./src/Display_Ctrl/Oled_Ctrl/Oled_Ctrl.o
 .debug_abbrev  0x00000eba      0x177 ./src/Display_Ctrl/Light_Ctrl/Light_Ctrl.o
 .debug_abbrev  0x00001031      0x135 ./src/Display_Ctrl/I2c_Ctrl/I2c_Ctrl.o
 .debug_abbrev  0x00001166      0x11f ./src/Display_Ctrl/Button_Ctrl/Button_Ctrl.o
 .debug_abbrev  0x00001285      0x101 ./src/Display_Ctrl/Display_Ctrl.o
 .debug_abbrev  0x00001386       0xdd ./src/Display_Ctrl/Display_State.o
 .debug_abbrev  0x00001463       0xb4 ./src/cr_startup_lpc17.o
 .debug_abbrev  0x00001517       0xaf ./src/main.o
 .debug_abbrev  0x000015c6       0xce D:\ProjetoLPC\Repositorio\EC020\Lib_CMSISv1p30_LPC17xx\Debug\libCMSISv1p30_LPC17xx.a(system_LPC17xx.o)
 .debug_abbrev  0x00001694      0x1f1 D:\ProjetoLPC\Repositorio\EC020\Lib_EaBaseBoard\Debug\libLib_EaBaseBoard.a(oled.o)
 .debug_abbrev  0x00001885      0x174 D:\ProjetoLPC\Repositorio\EC020\Lib_MCU\Debug\libLib_MCU.a(lpc17xx_clkpwr.o)
 .debug_abbrev  0x000019f9      0x185 D:\ProjetoLPC\Repositorio\EC020\Lib_MCU\Debug\libLib_MCU.a(lpc17xx_gpio.o)
 .debug_abbrev  0x00001b7e      0x24a D:\ProjetoLPC\Repositorio\EC020\Lib_MCU\Debug\libLib_MCU.a(lpc17xx_i2c.o)
 .debug_abbrev  0x00001dc8       0x6a D:\ProjetoLPC\Repositorio\EC020\Lib_MCU\Debug\libLib_MCU.a(lpc17xx_libcfg_default.o)
 .debug_abbrev  0x00001e32      0x10a D:\ProjetoLPC\Repositorio\EC020\Lib_MCU\Debug\libLib_MCU.a(lpc17xx_pinsel.o)
 .debug_abbrev  0x00001f3c      0x1d3 D:\ProjetoLPC\Repositorio\EC020\Lib_MCU\Debug\libLib_MCU.a(lpc17xx_ssp.o)
 .debug_abbrev  0x0000210f      0x243 D:\ProjetoLPC\Repositorio\EC020\Lib_MCU\Debug\libLib_MCU.a(lpc17xx_uart.o)
 .debug_abbrev  0x00002352       0xa8 d:/projetolpc/lpcxpresso_6.1.4_194/lpcxpresso/tools/bin/../lib/gcc/arm-none-eabi/4.6.2/../../../../arm-none-eabi/lib/armv7-m\libcr_newlib_semihost.a(_cr_sbrk.o)
 .debug_abbrev  0x000023fa       0x72 d:/projetolpc/lpcxpresso_6.1.4_194/lpcxpresso/tools/bin/../lib/gcc/arm-none-eabi/4.6.2/../../../../arm-none-eabi/lib/armv7-m\libcr_newlib_semihost.a(_cr_check_heap.o)

.debug_loc      0x00000000     0x3822
 .debug_loc     0x00000000       0xc8 ./src/Usart_Ctrl/Command/Command.o
 .debug_loc     0x000000c8      0x1d4 ./src/Usart_Ctrl/Usart_Ctrl.o
 .debug_loc     0x0000029c      0x1c8 ./src/System/Timer.o
 .debug_loc     0x00000464       0xe8 ./src/EasyWeb_Ctrl/EasyWeb.o
 .debug_loc     0x0000054c      0x2ec ./src/EasyWeb_Ctrl/ethmac.o
 .debug_loc     0x00000838      0x5ac ./src/EasyWeb_Ctrl/tcpip.o
 .debug_loc     0x00000de4       0x70 ./src/Display_Ctrl/Temp_Ctrl/Temp_Ctrl.o
 .debug_loc     0x00000e54       0x9c ./src/Display_Ctrl/Ssp_Ctrl/Ssp_Ctrl.o
 .debug_loc     0x00000ef0      0x382 ./src/Display_Ctrl/Oled_Ctrl/Oled_Ctrl.o
 .debug_loc     0x00001272      0x304 ./src/Display_Ctrl/Light_Ctrl/Light_Ctrl.o
 .debug_loc     0x00001576       0xd8 ./src/Display_Ctrl/I2c_Ctrl/I2c_Ctrl.o
 .debug_loc     0x0000164e       0xf4 ./src/Display_Ctrl/Button_Ctrl/Button_Ctrl.o
 .debug_loc     0x00001742       0x72 ./src/Display_Ctrl/Display_Ctrl.o
 .debug_loc     0x000017b4      0x184 ./src/Display_Ctrl/Display_State.o
 .debug_loc     0x00001938      0x1c4 ./src/cr_startup_lpc17.o
 .debug_loc     0x00001afc       0x58 ./src/main.o
 .debug_loc     0x00001b54       0x58 D:\ProjetoLPC\Repositorio\EC020\Lib_CMSISv1p30_LPC17xx\Debug\libCMSISv1p30_LPC17xx.a(system_LPC17xx.o)
 .debug_loc     0x00001bac      0x33e D:\ProjetoLPC\Repositorio\EC020\Lib_EaBaseBoard\Debug\libLib_EaBaseBoard.a(oled.o)
 .debug_loc     0x00001eea      0x1bc D:\ProjetoLPC\Repositorio\EC020\Lib_MCU\Debug\libLib_MCU.a(lpc17xx_clkpwr.o)
 .debug_loc     0x000020a6      0x4d0 D:\ProjetoLPC\Repositorio\EC020\Lib_MCU\Debug\libLib_MCU.a(lpc17xx_gpio.o)
 .debug_loc     0x00002576      0x4e4 D:\ProjetoLPC\Repositorio\EC020\Lib_MCU\Debug\libLib_MCU.a(lpc17xx_i2c.o)
 .debug_loc     0x00002a5a       0x38 D:\ProjetoLPC\Repositorio\EC020\Lib_MCU\Debug\libLib_MCU.a(lpc17xx_libcfg_default.o)
 .debug_loc     0x00002a92      0x150 D:\ProjetoLPC\Repositorio\EC020\Lib_MCU\Debug\libLib_MCU.a(lpc17xx_pinsel.o)
 .debug_loc     0x00002be2      0x448 D:\ProjetoLPC\Repositorio\EC020\Lib_MCU\Debug\libLib_MCU.a(lpc17xx_ssp.o)
 .debug_loc     0x0000302a      0x77a D:\ProjetoLPC\Repositorio\EC020\Lib_MCU\Debug\libLib_MCU.a(lpc17xx_uart.o)
 .debug_loc     0x000037a4       0x55 d:/projetolpc/lpcxpresso_6.1.4_194/lpcxpresso/tools/bin/../lib/gcc/arm-none-eabi/4.6.2/../../../../arm-none-eabi/lib/armv7-m\libcr_newlib_semihost.a(_cr_sbrk.o)
 .debug_loc     0x000037f9       0x29 d:/projetolpc/lpcxpresso_6.1.4_194/lpcxpresso/tools/bin/../lib/gcc/arm-none-eabi/4.6.2/../../../../arm-none-eabi/lib/armv7-m\libcr_newlib_semihost.a(_cr_check_heap.o)

.debug_aranges  0x00000000      0xb08
 .debug_aranges
                0x00000000       0x38 ./src/Usart_Ctrl/Command/Command.o
 .debug_aranges
                0x00000038       0x60 ./src/Usart_Ctrl/Usart_Ctrl.o
 .debug_aranges
                0x00000098       0x60 ./src/System/Timer.o
 .debug_aranges
                0x000000f8       0x40 ./src/EasyWeb_Ctrl/EasyWeb.o
 .debug_aranges
                0x00000138       0x88 ./src/EasyWeb_Ctrl/ethmac.o
 .debug_aranges
                0x000001c0      0x108 ./src/EasyWeb_Ctrl/tcpip.o
 .debug_aranges
                0x000002c8       0x28 ./src/Display_Ctrl/Temp_Ctrl/Temp_Ctrl.o
 .debug_aranges
                0x000002f0       0x30 ./src/Display_Ctrl/Ssp_Ctrl/Ssp_Ctrl.o
 .debug_aranges
                0x00000320       0x98 ./src/Display_Ctrl/Oled_Ctrl/Oled_Ctrl.o
 .debug_aranges
                0x000003b8       0x88 ./src/Display_Ctrl/Light_Ctrl/Light_Ctrl.o
 .debug_aranges
                0x00000440       0x38 ./src/Display_Ctrl/I2c_Ctrl/I2c_Ctrl.o
 .debug_aranges
                0x00000478       0x40 ./src/Display_Ctrl/Button_Ctrl/Button_Ctrl.o
 .debug_aranges
                0x000004b8       0x28 ./src/Display_Ctrl/Display_Ctrl.o
 .debug_aranges
                0x000004e0       0x58 ./src/Display_Ctrl/Display_State.o
 .debug_aranges
                0x00000538       0x68 ./src/cr_startup_lpc17.o
 .debug_aranges
                0x000005a0       0x28 ./src/main.o
 .debug_aranges
                0x000005c8       0x28 D:\ProjetoLPC\Repositorio\EC020\Lib_CMSISv1p30_LPC17xx\Debug\libCMSISv1p30_LPC17xx.a(system_LPC17xx.o)
 .debug_aranges
                0x000005f0       0x90 D:\ProjetoLPC\Repositorio\EC020\Lib_EaBaseBoard\Debug\libLib_EaBaseBoard.a(oled.o)
 .debug_aranges
                0x00000680       0x60 D:\ProjetoLPC\Repositorio\EC020\Lib_MCU\Debug\libLib_MCU.a(lpc17xx_clkpwr.o)
 .debug_aranges
                0x000006e0       0xc8 D:\ProjetoLPC\Repositorio\EC020\Lib_MCU\Debug\libLib_MCU.a(lpc17xx_gpio.o)
 .debug_aranges
                0x000007a8       0xd0 D:\ProjetoLPC\Repositorio\EC020\Lib_MCU\Debug\libLib_MCU.a(lpc17xx_i2c.o)
 .debug_aranges
                0x00000878       0x20 D:\ProjetoLPC\Repositorio\EC020\Lib_MCU\Debug\libLib_MCU.a(lpc17xx_libcfg_default.o)
 .debug_aranges
                0x00000898       0x48 D:\ProjetoLPC\Repositorio\EC020\Lib_MCU\Debug\libLib_MCU.a(lpc17xx_pinsel.o)
 .debug_aranges
                0x000008e0       0xb8 D:\ProjetoLPC\Repositorio\EC020\Lib_MCU\Debug\libLib_MCU.a(lpc17xx_ssp.o)
 .debug_aranges
                0x00000998      0x130 D:\ProjetoLPC\Repositorio\EC020\Lib_MCU\Debug\libLib_MCU.a(lpc17xx_uart.o)
 .debug_aranges
                0x00000ac8       0x20 d:/projetolpc/lpcxpresso_6.1.4_194/lpcxpresso/tools/bin/../lib/gcc/arm-none-eabi/4.6.2/../../../../arm-none-eabi/lib/armv7-m\libcr_newlib_semihost.a(_cr_sbrk.o)
 .debug_aranges
                0x00000ae8       0x20 d:/projetolpc/lpcxpresso_6.1.4_194/lpcxpresso/tools/bin/../lib/gcc/arm-none-eabi/4.6.2/../../../../arm-none-eabi/lib/armv7-m\libcr_newlib_semihost.a(_cr_check_heap.o)

.debug_ranges   0x00000000      0x970
 .debug_ranges  0x00000000       0x28 ./src/Usart_Ctrl/Command/Command.o
 .debug_ranges  0x00000028       0x50 ./src/Usart_Ctrl/Usart_Ctrl.o
 .debug_ranges  0x00000078       0x50 ./src/System/Timer.o
 .debug_ranges  0x000000c8       0x30 ./src/EasyWeb_Ctrl/EasyWeb.o
 .debug_ranges  0x000000f8       0x78 ./src/EasyWeb_Ctrl/ethmac.o
 .debug_ranges  0x00000170       0xf8 ./src/EasyWeb_Ctrl/tcpip.o
 .debug_ranges  0x00000268       0x18 ./src/Display_Ctrl/Temp_Ctrl/Temp_Ctrl.o
 .debug_ranges  0x00000280       0x20 ./src/Display_Ctrl/Ssp_Ctrl/Ssp_Ctrl.o
 .debug_ranges  0x000002a0       0xa0 ./src/Display_Ctrl/Oled_Ctrl/Oled_Ctrl.o
 .debug_ranges  0x00000340       0x78 ./src/Display_Ctrl/Light_Ctrl/Light_Ctrl.o
 .debug_ranges  0x000003b8       0x28 ./src/Display_Ctrl/I2c_Ctrl/I2c_Ctrl.o
 .debug_ranges  0x000003e0       0x30 ./src/Display_Ctrl/Button_Ctrl/Button_Ctrl.o
 .debug_ranges  0x00000410       0x18 ./src/Display_Ctrl/Display_Ctrl.o
 .debug_ranges  0x00000428       0x48 ./src/Display_Ctrl/Display_State.o
 .debug_ranges  0x00000470       0x58 ./src/cr_startup_lpc17.o
 .debug_ranges  0x000004c8       0x18 ./src/main.o
 .debug_ranges  0x000004e0       0x18 D:\ProjetoLPC\Repositorio\EC020\Lib_CMSISv1p30_LPC17xx\Debug\libCMSISv1p30_LPC17xx.a(system_LPC17xx.o)
 .debug_ranges  0x000004f8       0x80 D:\ProjetoLPC\Repositorio\EC020\Lib_EaBaseBoard\Debug\libLib_EaBaseBoard.a(oled.o)
 .debug_ranges  0x00000578       0x50 D:\ProjetoLPC\Repositorio\EC020\Lib_MCU\Debug\libLib_MCU.a(lpc17xx_clkpwr.o)
 .debug_ranges  0x000005c8       0xb8 D:\ProjetoLPC\Repositorio\EC020\Lib_MCU\Debug\libLib_MCU.a(lpc17xx_gpio.o)
 .debug_ranges  0x00000680       0xc0 D:\ProjetoLPC\Repositorio\EC020\Lib_MCU\Debug\libLib_MCU.a(lpc17xx_i2c.o)
 .debug_ranges  0x00000740       0x10 D:\ProjetoLPC\Repositorio\EC020\Lib_MCU\Debug\libLib_MCU.a(lpc17xx_libcfg_default.o)
 .debug_ranges  0x00000750       0x38 D:\ProjetoLPC\Repositorio\EC020\Lib_MCU\Debug\libLib_MCU.a(lpc17xx_pinsel.o)
 .debug_ranges  0x00000788       0xa8 D:\ProjetoLPC\Repositorio\EC020\Lib_MCU\Debug\libLib_MCU.a(lpc17xx_ssp.o)
 .debug_ranges  0x00000830      0x120 D:\ProjetoLPC\Repositorio\EC020\Lib_MCU\Debug\libLib_MCU.a(lpc17xx_uart.o)
 .debug_ranges  0x00000950       0x10 d:/projetolpc/lpcxpresso_6.1.4_194/lpcxpresso/tools/bin/../lib/gcc/arm-none-eabi/4.6.2/../../../../arm-none-eabi/lib/armv7-m\libcr_newlib_semihost.a(_cr_sbrk.o)
 .debug_ranges  0x00000960       0x10 d:/projetolpc/lpcxpresso_6.1.4_194/lpcxpresso/tools/bin/../lib/gcc/arm-none-eabi/4.6.2/../../../../arm-none-eabi/lib/armv7-m\libcr_newlib_semihost.a(_cr_check_heap.o)

.debug_line     0x00000000     0xaddf
 .debug_line    0x00000000      0x8c4 ./src/Usart_Ctrl/Command/Command.o
 .debug_line    0x000008c4      0x85e ./src/Usart_Ctrl/Usart_Ctrl.o
 .debug_line    0x00001122      0x7d9 ./src/System/Timer.o
 .debug_line    0x000018fb      0x84b ./src/EasyWeb_Ctrl/EasyWeb.o
 .debug_line    0x00002146      0x4a9 ./src/EasyWeb_Ctrl/ethmac.o
 .debug_line    0x000025ef      0xa53 ./src/EasyWeb_Ctrl/tcpip.o
 .debug_line    0x00003042      0x380 ./src/Display_Ctrl/Temp_Ctrl/Temp_Ctrl.o
 .debug_line    0x000033c2      0x39f ./src/Display_Ctrl/Ssp_Ctrl/Ssp_Ctrl.o
 .debug_line    0x00003761       0x68 ./src/Display_Ctrl/Oled_Ctrl/Fonte5x7.o
 .debug_line    0x000037c9      0x9e1 ./src/Display_Ctrl/Oled_Ctrl/Oled_Ctrl.o
 .debug_line    0x000041aa      0x4a0 ./src/Display_Ctrl/Light_Ctrl/Light_Ctrl.o
 .debug_line    0x0000464a      0x3a9 ./src/Display_Ctrl/I2c_Ctrl/I2c_Ctrl.o
 .debug_line    0x000049f3      0x7af ./src/Display_Ctrl/Button_Ctrl/Button_Ctrl.o
 .debug_line    0x000051a2      0x9dd ./src/Display_Ctrl/Display_Ctrl.o
 .debug_line    0x00005b7f      0x77b ./src/Display_Ctrl/Display_State.o
 .debug_line    0x000062fa      0x362 ./src/cr_startup_lpc17.o
 .debug_line    0x0000665c      0xb77 ./src/main.o
 .debug_line    0x000071d3      0x41d D:\ProjetoLPC\Repositorio\EC020\Lib_CMSISv1p30_LPC17xx\Debug\libCMSISv1p30_LPC17xx.a(system_LPC17xx.o)
 .debug_line    0x000075f0      0x763 D:\ProjetoLPC\Repositorio\EC020\Lib_EaBaseBoard\Debug\libLib_EaBaseBoard.a(oled.o)
 .debug_line    0x00007d53      0x4c7 D:\ProjetoLPC\Repositorio\EC020\Lib_MCU\Debug\libLib_MCU.a(lpc17xx_clkpwr.o)
 .debug_line    0x0000821a      0x5e7 D:\ProjetoLPC\Repositorio\EC020\Lib_MCU\Debug\libLib_MCU.a(lpc17xx_gpio.o)
 .debug_line    0x00008801      0x902 D:\ProjetoLPC\Repositorio\EC020\Lib_MCU\Debug\libLib_MCU.a(lpc17xx_i2c.o)
 .debug_line    0x00009103      0x394 D:\ProjetoLPC\Repositorio\EC020\Lib_MCU\Debug\libLib_MCU.a(lpc17xx_libcfg_default.o)
 .debug_line    0x00009497      0x466 D:\ProjetoLPC\Repositorio\EC020\Lib_MCU\Debug\libLib_MCU.a(lpc17xx_pinsel.o)
 .debug_line    0x000098fd      0x835 D:\ProjetoLPC\Repositorio\EC020\Lib_MCU\Debug\libLib_MCU.a(lpc17xx_ssp.o)
 .debug_line    0x0000a132      0xb99 D:\ProjetoLPC\Repositorio\EC020\Lib_MCU\Debug\libLib_MCU.a(lpc17xx_uart.o)
 .debug_line    0x0000accb       0xc0 d:/projetolpc/lpcxpresso_6.1.4_194/lpcxpresso/tools/bin/../lib/gcc/arm-none-eabi/4.6.2/../../../../arm-none-eabi/lib/armv7-m\libcr_newlib_semihost.a(_cr_sbrk.o)
 .debug_line    0x0000ad8b       0x54 d:/projetolpc/lpcxpresso_6.1.4_194/lpcxpresso/tools/bin/../lib/gcc/arm-none-eabi/4.6.2/../../../../arm-none-eabi/lib/armv7-m\libcr_newlib_semihost.a(_cr_check_heap.o)

.debug_macinfo  0x00000000    0xf6ac8
 .debug_macinfo
                0x00000000     0xc309 ./src/Usart_Ctrl/Command/Command.o
 .debug_macinfo
                0x0000c309     0xc2eb ./src/Usart_Ctrl/Usart_Ctrl.o
 .debug_macinfo
                0x000185f4     0xafa2 ./src/System/Timer.o
 .debug_macinfo
                0x00023596     0xce52 ./src/EasyWeb_Ctrl/EasyWeb.o
 .debug_macinfo
                0x000303e8     0x93d2 ./src/EasyWeb_Ctrl/ethmac.o
 .debug_macinfo
                0x000397ba     0xb146 ./src/EasyWeb_Ctrl/tcpip.o
 .debug_macinfo
                0x00044900     0x74ec ./src/Display_Ctrl/Temp_Ctrl/Temp_Ctrl.o
 .debug_macinfo
                0x0004bdec     0x8d38 ./src/Display_Ctrl/Ssp_Ctrl/Ssp_Ctrl.o
 .debug_macinfo
                0x00054b24     0x335d ./src/Display_Ctrl/Oled_Ctrl/Fonte5x7.o
 .debug_macinfo
                0x00057e81     0xaa26 ./src/Display_Ctrl/Oled_Ctrl/Oled_Ctrl.o
 .debug_macinfo
                0x000628a7     0x8292 ./src/Display_Ctrl/Light_Ctrl/Light_Ctrl.o
 .debug_macinfo
                0x0006ab39     0x853d ./src/Display_Ctrl/I2c_Ctrl/I2c_Ctrl.o
 .debug_macinfo
                0x00073076     0xa693 ./src/Display_Ctrl/Button_Ctrl/Button_Ctrl.o
 .debug_macinfo
                0x0007d709     0xc699 ./src/Display_Ctrl/Display_Ctrl.o
 .debug_macinfo
                0x00089da2     0xa420 ./src/Display_Ctrl/Display_State.o
 .debug_macinfo
                0x000941c2     0x2c15 ./src/cr_startup_lpc17.o
 .debug_macinfo
                0x00096dd7     0xf40b ./src/main.o
 .debug_macinfo
                0x000a61e2     0x83f8 D:\ProjetoLPC\Repositorio\EC020\Lib_CMSISv1p30_LPC17xx\Debug\libCMSISv1p30_LPC17xx.a(system_LPC17xx.o)
 .debug_macinfo
                0x000ae5da     0xa143 D:\ProjetoLPC\Repositorio\EC020\Lib_EaBaseBoard\Debug\libLib_EaBaseBoard.a(oled.o)
 .debug_macinfo
                0x000b871d     0x95f9 D:\ProjetoLPC\Repositorio\EC020\Lib_MCU\Debug\libLib_MCU.a(lpc17xx_clkpwr.o)
 .debug_macinfo
                0x000c1d16     0x86b8 D:\ProjetoLPC\Repositorio\EC020\Lib_MCU\Debug\libLib_MCU.a(lpc17xx_gpio.o)
 .debug_macinfo
                0x000ca3ce     0xa5d8 D:\ProjetoLPC\Repositorio\EC020\Lib_MCU\Debug\libLib_MCU.a(lpc17xx_i2c.o)
 .debug_macinfo
                0x000d49a6     0x400d D:\ProjetoLPC\Repositorio\EC020\Lib_MCU\Debug\libLib_MCU.a(lpc17xx_libcfg_default.o)
 .debug_macinfo
                0x000d89b3     0x87d3 D:\ProjetoLPC\Repositorio\EC020\Lib_MCU\Debug\libLib_MCU.a(lpc17xx_pinsel.o)
 .debug_macinfo
                0x000e1186     0xa8d0 D:\ProjetoLPC\Repositorio\EC020\Lib_MCU\Debug\libLib_MCU.a(lpc17xx_ssp.o)
 .debug_macinfo
                0x000eba56     0xb072 D:\ProjetoLPC\Repositorio\EC020\Lib_MCU\Debug\libLib_MCU.a(lpc17xx_uart.o)

.debug_str      0x00000000     0x376f
 .debug_str     0x00000000      0x2a4 ./src/Usart_Ctrl/Command/Command.o
                                0x2f7 (size before relaxing)
 .debug_str     0x000002a4      0x63d ./src/Usart_Ctrl/Usart_Ctrl.o
                                0x7a3 (size before relaxing)
 .debug_str     0x000008e1      0x1f2 ./src/System/Timer.o
                                0x64a (size before relaxing)
 .debug_str     0x00000ad3      0x332 ./src/EasyWeb_Ctrl/EasyWeb.o
                                0x496 (size before relaxing)
 .debug_str     0x00000e05      0x4fd ./src/EasyWeb_Ctrl/ethmac.o
                                0x69b (size before relaxing)
 .debug_str     0x00001302      0x3f0 ./src/EasyWeb_Ctrl/tcpip.o
                                0x773 (size before relaxing)
 .debug_str     0x000016f2       0x4e ./src/Display_Ctrl/Temp_Ctrl/Temp_Ctrl.o
                                0x17b (size before relaxing)
 .debug_str     0x00001740      0x150 ./src/Display_Ctrl/Ssp_Ctrl/Ssp_Ctrl.o
                                0x2c6 (size before relaxing)
 .debug_str     0x00001890       0x31 ./src/Display_Ctrl/Oled_Ctrl/Fonte5x7.o
                                 0xc0 (size before relaxing)
 .debug_str     0x000018c1      0x305 ./src/Display_Ctrl/Oled_Ctrl/Oled_Ctrl.o
                                0x45c (size before relaxing)
 .debug_str     0x00001bc6      0x2a8 ./src/Display_Ctrl/Light_Ctrl/Light_Ctrl.o
                                0x3dd (size before relaxing)
 .debug_str     0x00001e6e      0x1b0 ./src/Display_Ctrl/I2c_Ctrl/I2c_Ctrl.o
                                0x34c (size before relaxing)
 .debug_str     0x0000201e       0x85 ./src/Display_Ctrl/Button_Ctrl/Button_Ctrl.o
                                0x400 (size before relaxing)
 .debug_str     0x000020a3       0xd8 ./src/Display_Ctrl/Display_Ctrl.o
                                0x32c (size before relaxing)
 .debug_str     0x0000217b       0xd9 ./src/Display_Ctrl/Display_State.o
                                0x2cb (size before relaxing)
 .debug_str     0x00002254       0xe2 ./src/cr_startup_lpc17.o
                                0x1e0 (size before relaxing)
 .debug_str     0x00002336       0x22 ./src/main.o
                                0x170 (size before relaxing)
 .debug_str     0x00002358       0x7d D:\ProjetoLPC\Repositorio\EC020\Lib_CMSISv1p30_LPC17xx\Debug\libCMSISv1p30_LPC17xx.a(system_LPC17xx.o)
                                0x28f (size before relaxing)
 .debug_str     0x000023d5       0x9c D:\ProjetoLPC\Repositorio\EC020\Lib_EaBaseBoard\Debug\libLib_EaBaseBoard.a(oled.o)
                                0x3a8 (size before relaxing)
 .debug_str     0x00002471      0x112 D:\ProjetoLPC\Repositorio\EC020\Lib_MCU\Debug\libLib_MCU.a(lpc17xx_clkpwr.o)
                                0x395 (size before relaxing)
 .debug_str     0x00002583      0x213 D:\ProjetoLPC\Repositorio\EC020\Lib_MCU\Debug\libLib_MCU.a(lpc17xx_gpio.o)
                                0x464 (size before relaxing)
 .debug_str     0x00002796      0x2e6 D:\ProjetoLPC\Repositorio\EC020\Lib_MCU\Debug\libLib_MCU.a(lpc17xx_i2c.o)
                                0x7fa (size before relaxing)
 .debug_str     0x00002a7c       0x32 D:\ProjetoLPC\Repositorio\EC020\Lib_MCU\Debug\libLib_MCU.a(lpc17xx_libcfg_default.o)
                                0x13d (size before relaxing)
 .debug_str     0x00002aae      0x108 D:\ProjetoLPC\Repositorio\EC020\Lib_MCU\Debug\libLib_MCU.a(lpc17xx_pinsel.o)
                                0x399 (size before relaxing)
 .debug_str     0x00002bb6      0x209 D:\ProjetoLPC\Repositorio\EC020\Lib_MCU\Debug\libLib_MCU.a(lpc17xx_ssp.o)
                                0x477 (size before relaxing)
 .debug_str     0x00002dbf      0x8af D:\ProjetoLPC\Repositorio\EC020\Lib_MCU\Debug\libLib_MCU.a(lpc17xx_uart.o)
                                0xc46 (size before relaxing)
 .debug_str     0x0000366e       0xbc d:/projetolpc/lpcxpresso_6.1.4_194/lpcxpresso/tools/bin/../lib/gcc/arm-none-eabi/4.6.2/../../../../arm-none-eabi/lib/armv7-m\libcr_newlib_semihost.a(_cr_sbrk.o)
                                0x145 (size before relaxing)
 .debug_str     0x0000372a       0x45 d:/projetolpc/lpcxpresso_6.1.4_194/lpcxpresso/tools/bin/../lib/gcc/arm-none-eabi/4.6.2/../../../../arm-none-eabi/lib/armv7-m\libcr_newlib_semihost.a(_cr_check_heap.o)
                                 0xd1 (size before relaxing)

.comment        0x00000000       0x9a
 .comment       0x00000000       0x70 ./src/Usart_Ctrl/Command/Command.o
                                 0x71 (size before relaxing)
 .comment       0x00000000       0x71 ./src/Usart_Ctrl/Usart_Ctrl.o
 .comment       0x00000000       0x71 ./src/System/Timer.o
 .comment       0x00000000       0x71 ./src/EasyWeb_Ctrl/EasyWeb.o
 .comment       0x00000000       0x71 ./src/EasyWeb_Ctrl/ethmac.o
 .comment       0x00000000       0x71 ./src/EasyWeb_Ctrl/tcpip.o
 .comment       0x00000000       0x71 ./src/Display_Ctrl/Temp_Ctrl/Temp_Ctrl.o
 .comment       0x00000000       0x71 ./src/Display_Ctrl/Ssp_Ctrl/Ssp_Ctrl.o
 .comment       0x00000000       0x71 ./src/Display_Ctrl/Oled_Ctrl/Fonte5x7.o
 .comment       0x00000000       0x71 ./src/Display_Ctrl/Oled_Ctrl/Oled_Ctrl.o
 .comment       0x00000000       0x71 ./src/Display_Ctrl/Light_Ctrl/Light_Ctrl.o
 .comment       0x00000000       0x71 ./src/Display_Ctrl/I2c_Ctrl/I2c_Ctrl.o
 .comment       0x00000000       0x71 ./src/Display_Ctrl/Button_Ctrl/Button_Ctrl.o
 .comment       0x00000000       0x71 ./src/Display_Ctrl/Display_Ctrl.o
 .comment       0x00000000       0x71 ./src/Display_Ctrl/Display_State.o
 .comment       0x00000000       0x71 ./src/cr_startup_lpc17.o
 .comment       0x00000000       0x71 ./src/main.o
 .comment       0x00000000       0x71 D:\ProjetoLPC\Repositorio\EC020\Lib_CMSISv1p30_LPC17xx\Debug\libCMSISv1p30_LPC17xx.a(system_LPC17xx.o)
 .comment       0x00000000       0x71 D:\ProjetoLPC\Repositorio\EC020\Lib_EaBaseBoard\Debug\libLib_EaBaseBoard.a(oled.o)
 .comment       0x00000000       0x71 D:\ProjetoLPC\Repositorio\EC020\Lib_MCU\Debug\libLib_MCU.a(lpc17xx_clkpwr.o)
 .comment       0x00000000       0x71 D:\ProjetoLPC\Repositorio\EC020\Lib_MCU\Debug\libLib_MCU.a(lpc17xx_gpio.o)
 .comment       0x00000000       0x71 D:\ProjetoLPC\Repositorio\EC020\Lib_MCU\Debug\libLib_MCU.a(lpc17xx_i2c.o)
 .comment       0x00000000       0x71 D:\ProjetoLPC\Repositorio\EC020\Lib_MCU\Debug\libLib_MCU.a(lpc17xx_libcfg_default.o)
 .comment       0x00000000       0x71 D:\ProjetoLPC\Repositorio\EC020\Lib_MCU\Debug\libLib_MCU.a(lpc17xx_pinsel.o)
 .comment       0x00000000       0x71 D:\ProjetoLPC\Repositorio\EC020\Lib_MCU\Debug\libLib_MCU.a(lpc17xx_ssp.o)
 .comment       0x00000000       0x71 D:\ProjetoLPC\Repositorio\EC020\Lib_MCU\Debug\libLib_MCU.a(lpc17xx_uart.o)
 .comment       0x00000070       0x2a d:/projetolpc/lpcxpresso_6.1.4_194/lpcxpresso/tools/bin/../lib/gcc/arm-none-eabi/4.6.2/../../../../arm-none-eabi/lib/armv7-m\libcr_newlib_semihost.a(_cr_sbrk.o)
                                 0x2b (size before relaxing)
 .comment       0x00000000       0x2b d:/projetolpc/lpcxpresso_6.1.4_194/lpcxpresso/tools/bin/../lib/gcc/arm-none-eabi/4.6.2/../../../../arm-none-eabi/lib/armv7-m\libcr_newlib_semihost.a(_cr_check_heap.o)

.ARM.attributes
                0x00000000       0x33
 .ARM.attributes
                0x00000000       0x33 ./src/Usart_Ctrl/Command/Command.o
 .ARM.attributes
                0x00000033       0x33 ./src/Usart_Ctrl/Usart_Ctrl.o
 .ARM.attributes
                0x00000066       0x33 ./src/System/Timer.o
 .ARM.attributes
                0x00000099       0x33 ./src/EasyWeb_Ctrl/EasyWeb.o
 .ARM.attributes
                0x000000cc       0x33 ./src/EasyWeb_Ctrl/ethmac.o
 .ARM.attributes
                0x000000ff       0x33 ./src/EasyWeb_Ctrl/tcpip.o
 .ARM.attributes
                0x00000132       0x33 ./src/Display_Ctrl/Temp_Ctrl/Temp_Ctrl.o
 .ARM.attributes
                0x00000165       0x33 ./src/Display_Ctrl/Ssp_Ctrl/Ssp_Ctrl.o
 .ARM.attributes
                0x00000198       0x33 ./src/Display_Ctrl/Oled_Ctrl/Fonte5x7.o
 .ARM.attributes
                0x000001cb       0x33 ./src/Display_Ctrl/Oled_Ctrl/Oled_Ctrl.o
 .ARM.attributes
                0x000001fe       0x33 ./src/Display_Ctrl/Light_Ctrl/Light_Ctrl.o
 .ARM.attributes
                0x00000231       0x33 ./src/Display_Ctrl/I2c_Ctrl/I2c_Ctrl.o
 .ARM.attributes
                0x00000264       0x33 ./src/Display_Ctrl/Button_Ctrl/Button_Ctrl.o
 .ARM.attributes
                0x00000297       0x33 ./src/Display_Ctrl/Display_Ctrl.o
 .ARM.attributes
                0x000002ca       0x33 ./src/Display_Ctrl/Display_State.o
 .ARM.attributes
                0x000002fd       0x33 ./src/cr_startup_lpc17.o
 .ARM.attributes
                0x00000330       0x33 ./src/main.o
 .ARM.attributes
                0x00000363       0x33 D:\ProjetoLPC\Repositorio\EC020\Lib_CMSISv1p30_LPC17xx\Debug\libCMSISv1p30_LPC17xx.a(system_LPC17xx.o)
 .ARM.attributes
                0x00000396       0x33 D:\ProjetoLPC\Repositorio\EC020\Lib_EaBaseBoard\Debug\libLib_EaBaseBoard.a(oled.o)
 .ARM.attributes
                0x000003c9       0x33 D:\ProjetoLPC\Repositorio\EC020\Lib_MCU\Debug\libLib_MCU.a(lpc17xx_clkpwr.o)
 .ARM.attributes
                0x000003fc       0x33 D:\ProjetoLPC\Repositorio\EC020\Lib_MCU\Debug\libLib_MCU.a(lpc17xx_gpio.o)
 .ARM.attributes
                0x0000042f       0x33 D:\ProjetoLPC\Repositorio\EC020\Lib_MCU\Debug\libLib_MCU.a(lpc17xx_i2c.o)
 .ARM.attributes
                0x00000462       0x33 D:\ProjetoLPC\Repositorio\EC020\Lib_MCU\Debug\libLib_MCU.a(lpc17xx_libcfg_default.o)
 .ARM.attributes
                0x00000495       0x33 D:\ProjetoLPC\Repositorio\EC020\Lib_MCU\Debug\libLib_MCU.a(lpc17xx_pinsel.o)
 .ARM.attributes
                0x000004c8       0x33 D:\ProjetoLPC\Repositorio\EC020\Lib_MCU\Debug\libLib_MCU.a(lpc17xx_ssp.o)
 .ARM.attributes
                0x000004fb       0x33 D:\ProjetoLPC\Repositorio\EC020\Lib_MCU\Debug\libLib_MCU.a(lpc17xx_uart.o)
 .ARM.attributes
                0x0000052e       0x1d d:/projetolpc/lpcxpresso_6.1.4_194/lpcxpresso/tools/bin/../lib/gcc/arm-none-eabi/4.6.2/armv7-m\libgcc.a(_arm_addsubdf3.o)
 .ARM.attributes
                0x0000054b       0x1d d:/projetolpc/lpcxpresso_6.1.4_194/lpcxpresso/tools/bin/../lib/gcc/arm-none-eabi/4.6.2/armv7-m\libgcc.a(_arm_muldivdf3.o)
 .ARM.attributes
                0x00000568       0x1d d:/projetolpc/lpcxpresso_6.1.4_194/lpcxpresso/tools/bin/../lib/gcc/arm-none-eabi/4.6.2/armv7-m\libgcc.a(_arm_addsubsf3.o)
 .ARM.attributes
                0x00000585       0x1d d:/projetolpc/lpcxpresso_6.1.4_194/lpcxpresso/tools/bin/../lib/gcc/arm-none-eabi/4.6.2/armv7-m\libgcc.a(_arm_muldivsf3.o)
 .ARM.attributes
                0x000005a2       0x1d d:/projetolpc/lpcxpresso_6.1.4_194/lpcxpresso/tools/bin/../lib/gcc/arm-none-eabi/4.6.2/armv7-m\libgcc.a(_aeabi_uldivmod.o)
 .ARM.attributes
                0x000005bf       0x2d d:/projetolpc/lpcxpresso_6.1.4_194/lpcxpresso/tools/bin/../lib/gcc/arm-none-eabi/4.6.2/armv7-m\libgcc.a(bpabi.o)
 .ARM.attributes
                0x000005ec       0x1d d:/projetolpc/lpcxpresso_6.1.4_194/lpcxpresso/tools/bin/../lib/gcc/arm-none-eabi/4.6.2/armv7-m\libgcc.a(_dvmd_tls.o)
 .ARM.attributes
                0x00000609       0x2d d:/projetolpc/lpcxpresso_6.1.4_194/lpcxpresso/tools/bin/../lib/gcc/arm-none-eabi/4.6.2/armv7-m\libgcc.a(_divdi3.o)
 .ARM.attributes
                0x00000636       0x2d d:/projetolpc/lpcxpresso_6.1.4_194/lpcxpresso/tools/bin/../lib/gcc/arm-none-eabi/4.6.2/armv7-m\libgcc.a(_udivdi3.o)
 .ARM.attributes
                0x00000663       0x2d d:/projetolpc/lpcxpresso_6.1.4_194/lpcxpresso/tools/bin/../lib/gcc/arm-none-eabi/4.6.2/../../../../arm-none-eabi/lib/armv7-m\libc.a(lib_a-memcmp.o)
 .ARM.attributes
                0x00000690       0x2d d:/projetolpc/lpcxpresso_6.1.4_194/lpcxpresso/tools/bin/../lib/gcc/arm-none-eabi/4.6.2/../../../../arm-none-eabi/lib/armv7-m\libc.a(lib_a-memcpy.o)
 .ARM.attributes
                0x000006bd       0x2d d:/projetolpc/lpcxpresso_6.1.4_194/lpcxpresso/tools/bin/../lib/gcc/arm-none-eabi/4.6.2/../../../../arm-none-eabi/lib/armv7-m\libc.a(lib_a-memset.o)
 .ARM.attributes
                0x000006ea       0x2d d:/projetolpc/lpcxpresso_6.1.4_194/lpcxpresso/tools/bin/../lib/gcc/arm-none-eabi/4.6.2/../../../../arm-none-eabi/lib/armv7-m\libc.a(lib_a-sprintf.o)
 .ARM.attributes
                0x00000717       0x2d d:/projetolpc/lpcxpresso_6.1.4_194/lpcxpresso/tools/bin/../lib/gcc/arm-none-eabi/4.6.2/../../../../arm-none-eabi/lib/armv7-m\libc.a(lib_a-strlen.o)
 .ARM.attributes
                0x00000744       0x2d d:/projetolpc/lpcxpresso_6.1.4_194/lpcxpresso/tools/bin/../lib/gcc/arm-none-eabi/4.6.2/../../../../arm-none-eabi/lib/armv7-m\libc.a(lib_a-strncpy.o)
 .ARM.attributes
                0x00000771       0x2d d:/projetolpc/lpcxpresso_6.1.4_194/lpcxpresso/tools/bin/../lib/gcc/arm-none-eabi/4.6.2/../../../../arm-none-eabi/lib/armv7-m\libc.a(lib_a-strtoul.o)
 .ARM.attributes
                0x0000079e       0x2d d:/projetolpc/lpcxpresso_6.1.4_194/lpcxpresso/tools/bin/../lib/gcc/arm-none-eabi/4.6.2/../../../../arm-none-eabi/lib/armv7-m\libc.a(lib_a-svfprintf.o)
 .ARM.attributes
                0x000007cb       0x2d d:/projetolpc/lpcxpresso_6.1.4_194/lpcxpresso/tools/bin/../lib/gcc/arm-none-eabi/4.6.2/../../../../arm-none-eabi/lib/armv7-m\libc.a(lib_a-ctype_.o)
 .ARM.attributes
                0x000007f8       0x2d d:/projetolpc/lpcxpresso_6.1.4_194/lpcxpresso/tools/bin/../lib/gcc/arm-none-eabi/4.6.2/../../../../arm-none-eabi/lib/armv7-m\libc.a(lib_a-dtoa.o)
 .ARM.attributes
                0x00000825       0x2d d:/projetolpc/lpcxpresso_6.1.4_194/lpcxpresso/tools/bin/../lib/gcc/arm-none-eabi/4.6.2/../../../../arm-none-eabi/lib/armv7-m\libc.a(lib_a-impure.o)
 .ARM.attributes
                0x00000852       0x2d d:/projetolpc/lpcxpresso_6.1.4_194/lpcxpresso/tools/bin/../lib/gcc/arm-none-eabi/4.6.2/../../../../arm-none-eabi/lib/armv7-m\libc.a(lib_a-locale.o)
 .ARM.attributes
                0x0000087f       0x2d d:/projetolpc/lpcxpresso_6.1.4_194/lpcxpresso/tools/bin/../lib/gcc/arm-none-eabi/4.6.2/../../../../arm-none-eabi/lib/armv7-m\libc.a(lib_a-mallocr.o)
 .ARM.attributes
                0x000008ac       0x2d d:/projetolpc/lpcxpresso_6.1.4_194/lpcxpresso/tools/bin/../lib/gcc/arm-none-eabi/4.6.2/../../../../arm-none-eabi/lib/armv7-m\libc.a(lib_a-memchr.o)
 .ARM.attributes
                0x000008d9       0x2d d:/projetolpc/lpcxpresso_6.1.4_194/lpcxpresso/tools/bin/../lib/gcc/arm-none-eabi/4.6.2/../../../../arm-none-eabi/lib/armv7-m\libc.a(lib_a-mlock.o)
 .ARM.attributes
                0x00000906       0x2d d:/projetolpc/lpcxpresso_6.1.4_194/lpcxpresso/tools/bin/../lib/gcc/arm-none-eabi/4.6.2/../../../../arm-none-eabi/lib/armv7-m\libc.a(lib_a-mprec.o)
 .ARM.attributes
                0x00000933       0x2d d:/projetolpc/lpcxpresso_6.1.4_194/lpcxpresso/tools/bin/../lib/gcc/arm-none-eabi/4.6.2/../../../../arm-none-eabi/lib/armv7-m\libc.a(lib_a-s_fpclassify.o)
 .ARM.attributes
                0x00000960       0x2d d:/projetolpc/lpcxpresso_6.1.4_194/lpcxpresso/tools/bin/../lib/gcc/arm-none-eabi/4.6.2/../../../../arm-none-eabi/lib/armv7-m\libc.a(lib_a-sbrkr.o)
 .ARM.attributes
                0x0000098d       0x2d d:/projetolpc/lpcxpresso_6.1.4_194/lpcxpresso/tools/bin/../lib/gcc/arm-none-eabi/4.6.2/../../../../arm-none-eabi/lib/armv7-m\libc.a(lib_a-strcmp.o)
 .ARM.attributes
                0x000009ba       0x2d d:/projetolpc/lpcxpresso_6.1.4_194/lpcxpresso/tools/bin/../lib/gcc/arm-none-eabi/4.6.2/../../../../arm-none-eabi/lib/armv7-m\libc.a(lib_a-svfiprintf.o)
 .ARM.attributes
                0x000009e7       0x2d d:/projetolpc/lpcxpresso_6.1.4_194/lpcxpresso/tools/bin/../lib/gcc/arm-none-eabi/4.6.2/../../../../arm-none-eabi/lib/armv7-m\libc.a(lib_a-callocr.o)
 .ARM.attributes
                0x00000a14       0x2d d:/projetolpc/lpcxpresso_6.1.4_194/lpcxpresso/tools/bin/../lib/gcc/arm-none-eabi/4.6.2/../../../../arm-none-eabi/lib/armv7-m\libc.a(lib_a-freer.o)
 .ARM.attributes
                0x00000a41       0x2d d:/projetolpc/lpcxpresso_6.1.4_194/lpcxpresso/tools/bin/../lib/gcc/arm-none-eabi/4.6.2/../../../../arm-none-eabi/lib/armv7-m\libc.a(lib_a-memmove.o)
 .ARM.attributes
                0x00000a6e       0x2d d:/projetolpc/lpcxpresso_6.1.4_194/lpcxpresso/tools/bin/../lib/gcc/arm-none-eabi/4.6.2/../../../../arm-none-eabi/lib/armv7-m\libc.a(lib_a-reallocr.o)
 .ARM.attributes
                0x00000a9b       0x2d d:/projetolpc/lpcxpresso_6.1.4_194/lpcxpresso/tools/bin/../lib/gcc/arm-none-eabi/4.6.2/../../../../arm-none-eabi/lib/armv7-m\libc.a(lib_a-reent.o)
 .ARM.attributes
                0x00000ac8       0x31 d:/projetolpc/lpcxpresso_6.1.4_194/lpcxpresso/tools/bin/../lib/gcc/arm-none-eabi/4.6.2/../../../../arm-none-eabi/lib/armv7-m\libcr_newlib_semihost.a(_cr_sbrk.o)
 .ARM.attributes
                0x00000af9       0x31 d:/projetolpc/lpcxpresso_6.1.4_194/lpcxpresso/tools/bin/../lib/gcc/arm-none-eabi/4.6.2/../../../../arm-none-eabi/lib/armv7-m\libcr_newlib_semihost.a(_cr_check_heap.o)
 .ARM.attributes
                0x00000b2a       0x1d d:/projetolpc/lpcxpresso_6.1.4_194/lpcxpresso/tools/bin/../lib/gcc/arm-none-eabi/4.6.2/armv7-m\libgcc.a(_arm_cmpdf2.o)
 .ARM.attributes