Archive member included because of file (symbol)

D:\ProjetoLPC\Repositorio\EC020\Lib_CMSISv1p30_LPC17xx\Debug\libCMSISv1p30_LPC17xx.a(system_LPC17xx.o)
                              ./src/EasyWeb_Ctrl/EasyWeb.o (SystemCoreClock)
D:\ProjetoLPC\Repositorio\EC020\FreeRTOS_Library\Debug\libFreeRTOS_Library.a(Timer.o)
                              ./src/main.o (Timer_init)
D:\ProjetoLPC\Repositorio\EC020\FreeRTOS_Library\Debug\libFreeRTOS_Library.a(port.o)
                              ./src/cr_startup_lpc17.o (vPortSVCHandler)
D:\ProjetoLPC\Repositorio\EC020\FreeRTOS_Library\Debug\libFreeRTOS_Library.a(queue.o)
                              ./src/main.o (xQueueCreate)
D:\ProjetoLPC\Repositorio\EC020\FreeRTOS_Library\Debug\libFreeRTOS_Library.a(tasks.o)
                              ./src/main.o (xTaskGenericCreate)
D:\ProjetoLPC\Repositorio\EC020\FreeRTOS_Library\Debug\libFreeRTOS_Library.a(heap_2.o)
                              D:\ProjetoLPC\Repositorio\EC020\FreeRTOS_Library\Debug\libFreeRTOS_Library.a(queue.o) (pvPortMalloc)
D:\ProjetoLPC\Repositorio\EC020\FreeRTOS_Library\Debug\libFreeRTOS_Library.a(list.o)
                              D:\ProjetoLPC\Repositorio\EC020\FreeRTOS_Library\Debug\libFreeRTOS_Library.a(queue.o) (vListInitialise)
D:\ProjetoLPC\Repositorio\EC020\Lib_MCU\Debug\libLib_MCU.a(lpc17xx_clkpwr.o)
                              ./src/main.o (CLKPWR_ConfigPPWR)
D:\ProjetoLPC\Repositorio\EC020\Lib_MCU\Debug\libLib_MCU.a(lpc17xx_gpio.o)
                              ./src/Display_Ctrl/Temp_Ctrl/Temp_Ctrl.o (GPIO_SetDir)
D:\ProjetoLPC\Repositorio\EC020\Lib_MCU\Debug\libLib_MCU.a(lpc17xx_i2c.o)
                              ./src/Display_Ctrl/I2c_Ctrl/I2c_Ctrl.o (I2C_Init)
D:\ProjetoLPC\Repositorio\EC020\Lib_MCU\Debug\libLib_MCU.a(lpc17xx_libcfg_default.o)
                              D:\ProjetoLPC\Repositorio\EC020\Lib_MCU\Debug\libLib_MCU.a(lpc17xx_i2c.o) (check_failed)
D:\ProjetoLPC\Repositorio\EC020\Lib_MCU\Debug\libLib_MCU.a(lpc17xx_pinsel.o)
                              ./src/Usart_Ctrl/Usart_Ctrl.o (PINSEL_ConfigPin)
D:\ProjetoLPC\Repositorio\EC020\Lib_MCU\Debug\libLib_MCU.a(lpc17xx_ssp.o)
                              ./src/Display_Ctrl/Ssp_Ctrl/Ssp_Ctrl.o (SSP_Init)
D:\ProjetoLPC\Repositorio\EC020\Lib_MCU\Debug\libLib_MCU.a(lpc17xx_uart.o)
                              ./src/Usart_Ctrl/Usart_Ctrl.o (UART_TxCmd)
d:/projetolpc/lpcxpresso_6.1.4_194/lpcxpresso/tools/bin/../lib/gcc/arm-none-eabi/4.6.2/armv7-m\libgcc.a(_arm_addsubdf3.o)
                              ./src/EasyWeb_Ctrl/EasyWeb.o (__aeabi_ui2d)
d:/projetolpc/lpcxpresso_6.1.4_194/lpcxpresso/tools/bin/../lib/gcc/arm-none-eabi/4.6.2/armv7-m\libgcc.a(_arm_muldivdf3.o)
                              ./src/EasyWeb_Ctrl/EasyWeb.o (__aeabi_ddiv)
d:/projetolpc/lpcxpresso_6.1.4_194/lpcxpresso/tools/bin/../lib/gcc/arm-none-eabi/4.6.2/armv7-m\libgcc.a(_arm_addsubsf3.o)
                              ./src/EasyWeb_Ctrl/EasyWeb.o (__aeabi_ui2f)
d:/projetolpc/lpcxpresso_6.1.4_194/lpcxpresso/tools/bin/../lib/gcc/arm-none-eabi/4.6.2/armv7-m\libgcc.a(_arm_muldivsf3.o)
                              ./src/EasyWeb_Ctrl/EasyWeb.o (__aeabi_fmul)
d:/projetolpc/lpcxpresso_6.1.4_194/lpcxpresso/tools/bin/../lib/gcc/arm-none-eabi/4.6.2/armv7-m\libgcc.a(_aeabi_uldivmod.o)
                              D:\ProjetoLPC\Repositorio\EC020\Lib_CMSISv1p30_LPC17xx\Debug\libCMSISv1p30_LPC17xx.a(system_LPC17xx.o) (__aeabi_uldivmod)
d:/projetolpc/lpcxpresso_6.1.4_194/lpcxpresso/tools/bin/../lib/gcc/arm-none-eabi/4.6.2/armv7-m\libgcc.a(bpabi.o)
                              d:/projetolpc/lpcxpresso_6.1.4_194/lpcxpresso/tools/bin/../lib/gcc/arm-none-eabi/4.6.2/armv7-m\libgcc.a(_aeabi_uldivmod.o) (__gnu_uldivmod_helper)
d:/projetolpc/lpcxpresso_6.1.4_194/lpcxpresso/tools/bin/../lib/gcc/arm-none-eabi/4.6.2/armv7-m\libgcc.a(_dvmd_tls.o)
                              d:/projetolpc/lpcxpresso_6.1.4_194/lpcxpresso/tools/bin/../lib/gcc/arm-none-eabi/4.6.2/armv7-m\libgcc.a(_aeabi_uldivmod.o) (__aeabi_ldiv0)
d:/projetolpc/lpcxpresso_6.1.4_194/lpcxpresso/tools/bin/../lib/gcc/arm-none-eabi/4.6.2/armv7-m\libgcc.a(_divdi3.o)
                              d:/projetolpc/lpcxpresso_6.1.4_194/lpcxpresso/tools/bin/../lib/gcc/arm-none-eabi/4.6.2/armv7-m\libgcc.a(bpabi.o) (__divdi3)
d:/projetolpc/lpcxpresso_6.1.4_194/lpcxpresso/tools/bin/../lib/gcc/arm-none-eabi/4.6.2/armv7-m\libgcc.a(_udivdi3.o)
                              d:/projetolpc/lpcxpresso_6.1.4_194/lpcxpresso/tools/bin/../lib/gcc/arm-none-eabi/4.6.2/armv7-m\libgcc.a(bpabi.o) (__udivdi3)
d:/projetolpc/lpcxpresso_6.1.4_194/lpcxpresso/tools/bin/../lib/gcc/arm-none-eabi/4.6.2/../../../../arm-none-eabi/lib/armv7-m\libc.a(lib_a-memcmp.o)
                              ./src/EasyWeb_Ctrl/tcpip.o (memcmp)
d:/projetolpc/lpcxpresso_6.1.4_194/lpcxpresso/tools/bin/../lib/gcc/arm-none-eabi/4.6.2/../../../../arm-none-eabi/lib/armv7-m\libc.a(lib_a-memcpy.o)
                              ./src/Usart_Ctrl/Usart_Ctrl.o (memcpy)
[...]
Memory Configuration

Name             Origin             Length             Attributes
MFlash512        0x00000000         0x00080000         xr
RamLoc32         0x10000000         0x00008000         xrw
RamAHB32         0x2007c000         0x00008000         xrw
*default*        0x00000000         0xffffffff

Linker script and memory map

LOAD ./src/Usart_Ctrl/Command/Command.o
LOAD ./src/Usart_Ctrl/Usart_Ctrl.o
LOAD ./src/EasyWeb_Ctrl/EasyWeb.o
LOAD ./src/EasyWeb_Ctrl/ethmac.o
LOAD ./src/EasyWeb_Ctrl/tcpip.o
LOAD ./src/Display_Ctrl/Temp_Ctrl/Temp_Ctrl.o
LOAD ./src/Display_Ctrl/Ssp_Ctrl/Ssp_Ctrl.o
LOAD ./src/Display_Ctrl/Oled_Ctrl/Fonte5x7.o
LOAD ./src/Display_Ctrl/Oled_Ctrl/Oled_Ctrl.o
LOAD ./src/Display_Ctrl/Light_Ctrl/Light_Ctrl.o
LOAD ./src/Display_Ctrl/I2c_Ctrl/I2c_Ctrl.o
LOAD ./src/Display_Ctrl/Button_Ctrl/Button_Ctrl.o
LOAD ./src/Display_Ctrl/Display_Ctrl.o
LOAD ./src/Display_Ctrl/Display_State.o
LOAD ./src/cr_startup_lpc17.o
LOAD ./src/main.o
LOAD D:\ProjetoLPC\Repositorio\EC020\Lib_CMSISv1p30_LPC17xx\Debug\libCMSISv1p30_LPC17xx.a
LOAD D:\ProjetoLPC\Repositorio\EC020\FreeRTOS_Library\Debug\libFreeRTOS_Library.a
LOAD D:\ProjetoLPC\Repositorio\EC020\Lib_EaBaseBoard\Debug\libLib_EaBaseBoard.a
LOAD D:\ProjetoLPC\Repositorio\EC020\Lib_MCU\Debug\libLib_MCU.a
START GROUP
LOAD d:/projetolpc/lpcxpresso_6.1.4_194/lpcxpresso/tools/bin/../lib/gcc/arm-none-eabi/4.6.2/armv7-m\libgcc.a
LOAD d:/projetolpc/lpcxpresso_6.1.4_194/lpcxpresso/tools/bin/../lib/gcc/arm-none-eabi/4.6.2/../../../../arm-none-eabi/lib/armv7-m\libc.a
LOAD d:/projetolpc/lpcxpresso_6.1.4_194/lpcxpresso/tools/bin/../lib/gcc/arm-none-eabi/4.6.2/../../../../arm-none-eabi/lib/armv7-m\libm.a
LOAD d:/projetolpc/lpcxpresso_6.1.4_194/lpcxpresso/tools/bin/../lib/gcc/arm-none-eabi/4.6.2/../../../../arm-none-eabi/lib/armv7-m\libcr_newlib_semihost.a
END GROUP
                0x00080000                __top_MFlash512 = 0x80000
                0x10008000                __top_RamLoc32 = 0x10008000
                0x20084000                __top_RamAHB32 = 0x20084000

.text           0x00000000     0xe5fc
 FILL mask 0xff
                0x00000000                __vectors_start__ = ABSOLUTE (.)
 *(.isr_vector)
 .isr_vector    0x00000000       0xcc ./src/cr_startup_lpc17.o
                0x00000000                g_pfnVectors
                0x000000cc                . = ALIGN (0x4)
                0x000000cc                __section_table_start = .
                0x000000cc                __data_section_table = .
                0x000000cc        0x4 LONG 0xe604 LOADADDR (.data)
                0x000000d0        0x4 LONG 0x10000000 ADDR (.data)
                0x000000d4        0x4 LONG 0x894 SIZEOF (.data)
                0x000000d8        0x4 LONG 0xe604 LOADADDR (.data_RAM2)
                0x000000dc        0x4 LONG 0x2007c000 ADDR (.data_RAM2)
                0x000000e0        0x4 LONG 0x0 SIZEOF (.data_RAM2)
                0x000000e4                __data_section_table_end = .
                0x000000e4                __bss_section_table = .
                0x000000e4        0x4 LONG 0x10000898 ADDR (.bss)
                0x000000e8        0x4 LONG 0x3480 SIZEOF (.bss)
                0x000000ec        0x4 LONG 0x2007c000 ADDR (.bss_RAM2)
                0x000000f0        0x4 LONG 0x0 SIZEOF (.bss_RAM2)
                0x000000f4                __bss_section_table_end = .
                0x000000f4                __section_table_end = .
 *(.after_vectors*)
 *(.text*)
 .text.getData  0x000000f4       0x20 ./src/Usart_Ctrl/Command/Command.o
                0x000000f4                getData
 .text.str2int  0x00000114       0x50 ./src/Usart_Ctrl/Command/Command.o
                0x00000114                str2int
 .text.command_Init
                0x00000164       0x28 ./src/Usart_Ctrl/Command/Command.o
                0x00000164                command_Init
 .text.command_ProcessLoop
                0x0000018c      0x22c ./src/Usart_Ctrl/Command/Command.o
                0x0000018c                command_ProcessLoop
 .text.NVIC_EnableIRQ
                0x000003b8       0x38 ./src/Usart_Ctrl/Usart_Ctrl.o
 .text.cb       0x000003f0       0x78 ./src/Usart_Ctrl/Usart_Ctrl.o
                0x000003f0                cb
 .text.Usart_Ctrl_Init_Hw
                0x00000468       0xb4 ./src/Usart_Ctrl/Usart_Ctrl.o
                0x00000468                Usart_Ctrl_Init_Hw
 .text.UART3_IRQHandler
                0x0000051c       0x78 ./src/Usart_Ctrl/Usart_Ctrl.o
                0x0000051c                UART3_IRQHandler
 .text.Usart_Ctrl_Init
                0x00000594       0x1c ./src/Usart_Ctrl/Usart_Ctrl.o
                0x00000594                Usart_Ctrl_Init
 .text.Usart_Ctrl_getData
                0x000005b0       0x90 ./src/Usart_Ctrl/Usart_Ctrl.o
                0x000005b0                Usart_Ctrl_getData
 .text.EasyWeb_Ctrl_Init
                0x00000640       0x28 ./src/EasyWeb_Ctrl/EasyWeb.o
                0x00000640                EasyWeb_Ctrl_Init
 .text.EasyWeb_Ctrl_ProcessLoop
                0x00000668       0x2c ./src/EasyWeb_Ctrl/EasyWeb.o
                0x00000668                EasyWeb_Ctrl_ProcessLoop
 .text.EasyWeb_Ctrl_UpdaterTask
                0x00000694       0x60 ./src/EasyWeb_Ctrl/EasyWeb.o
                0x00000694                EasyWeb_Ctrl_UpdaterTask
 .text.HTTPServer
                0x000006f4      0x1ec ./src/EasyWeb_Ctrl/EasyWeb.o
                0x000006f4                HTTPServer
 .text.InsertDynamicValues
                0x000008e0      0x250 ./src/EasyWeb_Ctrl/EasyWeb.o
                0x000008e0                InsertDynamicValues
 .text.WriteToPHY
                0x00000b30       0x58 ./src/EasyWeb_Ctrl/ethmac.o
                0x00000b30                WriteToPHY
 .text.ReadFromPHY
                0x00000b88       0x70 ./src/EasyWeb_Ctrl/ethmac.o
                0x00000b88                ReadFromPHY
 .text.Init_EthMAC
                0x00000bf8      0x478 ./src/EasyWeb_Ctrl/ethmac.o
                0x00000bf8                Init_EthMAC
 .text.WriteFrame_EthMAC
                0x00001070       0x30 ./src/EasyWeb_Ctrl/ethmac.o
                0x00001070                WriteFrame_EthMAC
 .text.CopyToFrame_EthMAC
                0x000010a0       0x70 ./src/EasyWeb_Ctrl/ethmac.o
                0x000010a0                CopyToFrame_EthMAC
 .text.ReadFrame_EthMAC
                0x00001110       0x28 ./src/EasyWeb_Ctrl/ethmac.o
                0x00001110                ReadFrame_EthMAC
 .text.ReadFrameBE_EthMAC
                0x00001138       0x38 ./src/EasyWeb_Ctrl/ethmac.o
                0x00001138                ReadFrameBE_EthMAC
 .text.CopyFromFrame_EthMAC
                0x00001170       0x50 ./src/EasyWeb_Ctrl/ethmac.o
                0x00001170                CopyFromFrame_EthMAC
 .text.DummyReadFrame_EthMAC
                0x000011c0       0x28 ./src/EasyWeb_Ctrl/ethmac.o
                0x000011c0                DummyReadFrame_EthMAC
 .text.RequestSend
                0x000011e8       0x54 ./src/EasyWeb_Ctrl/ethmac.o
                0x000011e8                RequestSend
 .text.Rdy4Tx   0x0000123c       0x10 ./src/EasyWeb_Ctrl/ethmac.o
                0x0000123c                Rdy4Tx
 .text.StartReadingFrame
                0x0000124c       0x60 ./src/EasyWeb_Ctrl/ethmac.o
                0x0000124c                StartReadingFrame
 .text.StopReadingFrame
                0x000012ac       0x38 ./src/EasyWeb_Ctrl/ethmac.o
                0x000012ac                StopReadingFrame
 .text.CheckIfFrameReceived
                0x000012e4       0x2c ./src/EasyWeb_Ctrl/ethmac.o
                0x000012e4                CheckIfFrameReceived
 .text.TCPLowLevelInit
                0x00001310       0x50 ./src/EasyWeb_Ctrl/tcpip.o
                0x00001310                TCPLowLevelInit
 .text.TCPPassiveOpen
                0x00001360       0x50 ./src/EasyWeb_Ctrl/tcpip.o
                0x00001360                TCPPassiveOpen
 .text.TCPClose
                0x000013b0       0x7c ./src/EasyWeb_Ctrl/tcpip.o
                0x000013b0                TCPClose
 .text.TCPReleaseRxBuffer
                0x0000142c       0x24 ./src/EasyWeb_Ctrl/tcpip.o
                0x0000142c                TCPReleaseRxBuffer
 .text.TCPTransmitTxBuffer
                0x00001450       0xb8 ./src/EasyWeb_Ctrl/tcpip.o
                0x00001450                TCPTransmitTxBuffer
 .text.BroadcastMessage
                0x00001508       0x68 ./src/EasyWeb_Ctrl/tcpip.o
                0x00001508                BroadcastMessage
 .text.DoNetworkStuff
                0x00001570      0x3c4 ./src/EasyWeb_Ctrl/tcpip.o
                0x00001570                DoNetworkStuff
 .text.ProcessEthBroadcastFrame
                0x00001934       0x9c ./src/EasyWeb_Ctrl/tcpip.o
                0x00001934                ProcessEthBroadcastFrame
 .text.ProcessEthIAFrame
                0x000019d0      0x138 ./src/EasyWeb_Ctrl/tcpip.o
                0x000019d0                ProcessEthIAFrame
 .text.ProcessICMPFrame
                0x00001b08       0x2c ./src/EasyWeb_Ctrl/tcpip.o
                0x00001b08                ProcessICMPFrame
 .text.ProcessTCPFrame
                0x00001b34      0x768 ./src/EasyWeb_Ctrl/tcpip.o
                0x00001b34                ProcessTCPFrame
 .text.PrepareARP_REQUEST
                0x0000229c      0x15c ./src/EasyWeb_Ctrl/tcpip.o
                0x0000229c                PrepareARP_REQUEST
 .text.PrepareARP_ANSWER
                0x000023f8       0xfc ./src/EasyWeb_Ctrl/tcpip.o
                0x000023f8                PrepareARP_ANSWER
 .text.PrepareICMP_ECHO_REPLY
                0x000024f4      0x1dc ./src/EasyWeb_Ctrl/tcpip.o
                0x000024f4                PrepareICMP_ECHO_REPLY
 .text.PrepareTCP_FRAME
                0x000026d0      0x260 ./src/EasyWeb_Ctrl/tcpip.o
                0x000026d0                PrepareTCP_FRAME
 .text.PrepareTCP_DATA_FRAME
                0x00002930      0x1ac ./src/EasyWeb_Ctrl/tcpip.o
                0x00002930                PrepareTCP_DATA_FRAME
 .text.CalcChecksum
                0x00002adc       0xe4 ./src/EasyWeb_Ctrl/tcpip.o
                0x00002adc                CalcChecksum
 .text.TCPStartRetryTimer
                0x00002bc0       0x5c ./src/EasyWeb_Ctrl/tcpip.o
                0x00002bc0                TCPStartRetryTimer
 .text.TCPStartTimeWaitTimer
                0x00002c1c       0x4c ./src/EasyWeb_Ctrl/tcpip.o
                0x00002c1c                TCPStartTimeWaitTimer
 .text.TCPRestartTimer
                0x00002c68       0x18 ./src/EasyWeb_Ctrl/tcpip.o
                0x00002c68                TCPRestartTimer
 .text.TCPStopTimer
                0x00002c80       0x24 ./src/EasyWeb_Ctrl/tcpip.o
                0x00002c80                TCPStopTimer
 .text.TCPHandleRetransmission
                0x00002ca4       0x70 ./src/EasyWeb_Ctrl/tcpip.o
                0x00002ca4                TCPHandleRetransmission
 .text.TCPHandleTimeout
                0x00002d14       0x58 ./src/EasyWeb_Ctrl/tcpip.o
                0x00002d14                TCPHandleTimeout
 .text.TCPClockHandler
                0x00002d6c       0x40 ./src/EasyWeb_Ctrl/tcpip.o
                0x00002d6c                TCPClockHandler
 .text.SendFrame1
                0x00002dac       0x20 ./src/EasyWeb_Ctrl/tcpip.o
                0x00002dac                SendFrame1
 .text.SendFrame2
                0x00002dcc       0x20 ./src/EasyWeb_Ctrl/tcpip.o
                0x00002dcc                SendFrame2
 .text.WriteWBE
                0x00002dec       0x34 ./src/EasyWeb_Ctrl/tcpip.o
                0x00002dec                WriteWBE
 .text.WriteDWBE
                0x00002e20       0x58 ./src/EasyWeb_Ctrl/tcpip.o
                0x00002e20                WriteDWBE
 .text.SwapBytes
                0x00002e78       0x30 ./src/EasyWeb_Ctrl/tcpip.o
                0x00002e78                SwapBytes
 .text.Temp_Init
                0x00002ea8       0x2c ./src/Display_Ctrl/Temp_Ctrl/Temp_Ctrl.o
                0x00002ea8                Temp_Init
 .text.Temp_Read
                0x00002ed4      0x10c ./src/Display_Ctrl/Temp_Ctrl/Temp_Ctrl.o
                0x00002ed4                Temp_Read
 .text.Temp_setCallback
                0x00002fe0       0x24 ./src/Display_Ctrl/Temp_Ctrl/Temp_Ctrl.o
                0x00002fe0                Temp_setCallback
 .text.Temp_Task
                0x00003004       0x54 ./src/Display_Ctrl/Temp_Ctrl/Temp_Ctrl.o
                0x00003004                Temp_Task
 .text.Ssp_Ctrl_Init_Hw
                0x00003058       0xd4 ./src/Display_Ctrl/Ssp_Ctrl/Ssp_Ctrl.o
                0x00003058                Ssp_Ctrl_Init_Hw
 .text.Ssp_Ctrl_Init
                0x0000312c        0xc ./src/Display_Ctrl/Ssp_Ctrl/Ssp_Ctrl.o
                0x0000312c                Ssp_Ctrl_Init
 .text.Ssp_Ctrl_Write
                0x00003138       0x38 ./src/Display_Ctrl/Ssp_Ctrl/Ssp_Ctrl.o
                0x00003138                Ssp_Ctrl_Write
 .text.writeCommand
                0x00003170       0x48 ./src/Display_Ctrl/Oled_Ctrl/Oled_Ctrl.o
 .text.writeData
                0x000031b8       0x48 ./src/Display_Ctrl/Oled_Ctrl/Oled_Ctrl.o
 .text.writeDataLen
                0x00003200       0x78 ./src/Display_Ctrl/Oled_Ctrl/Oled_Ctrl.o
 .text.runInitSequence
                0x00003278      0x118 ./src/Display_Ctrl/Oled_Ctrl/Oled_Ctrl.o
 .text.Oled_Ctrl_Init
                0x00003390       0x9c ./src/Display_Ctrl/Oled_Ctrl/Oled_Ctrl.o
                0x00003390                Oled_Ctrl_Init
 .text.Oled_Ctrl_PutPixel
                0x0000342c      0x188 ./src/Display_Ctrl/Oled_Ctrl/Oled_Ctrl.o
                0x0000342c                Oled_Ctrl_PutPixel
 .text.Oled_Ctrl_ClearScreen
                0x000035b4       0x74 ./src/Display_Ctrl/Oled_Ctrl/Oled_Ctrl.o
                0x000035b4                Oled_Ctrl_ClearScreen
 .text.Oled_Ctrl_PutChar
                0x00003628       0xf0 ./src/Display_Ctrl/Oled_Ctrl/Oled_Ctrl.o
                0x00003628                Oled_Ctrl_PutChar
 .text.Oled_Ctrl_PutString
                0x00003718       0x54 ./src/Display_Ctrl/Oled_Ctrl/Oled_Ctrl.o
                0x00003718                Oled_Ctrl_PutString
 .text.Oled_Ctrl_PutScreen
                0x0000376c       0xd0 ./src/Display_Ctrl/Oled_Ctrl/Oled_Ctrl.o
                0x0000376c                Oled_Ctrl_PutScreen
 .text.ReadControlReg
                0x0000383c       0x3c ./src/Display_Ctrl/Light_Ctrl/Light_Ctrl.o
 .text.Light_Ctrl_Init
                0x00003878       0x14 ./src/Display_Ctrl/Light_Ctrl/Light_Ctrl.o
                0x00003878                Light_Ctrl_Init
 .text.Light_Ctrl_Enable
                0x0000388c       0x48 ./src/Display_Ctrl/Light_Ctrl/Light_Ctrl.o
                0x0000388c                Light_Ctrl_Enable
 .text.Light_Ctrl_Read
                0x000038d4       0x90 ./src/Display_Ctrl/Light_Ctrl/Light_Ctrl.o
                0x000038d4                Light_Ctrl_Read
 .text.Light_Ctrl_SetRange
                0x00003964       0xac ./src/Display_Ctrl/Light_Ctrl/Light_Ctrl.o
                0x00003964                Light_Ctrl_SetRange
 .text.Light_Ctrl_setCallback
                0x00003a10       0x24 ./src/Display_Ctrl/Light_Ctrl/Light_Ctrl.o
                0x00003a10                Light_Ctrl_setCallback
 .text.Light_Ctrl_Task
                0x00003a34       0x54 ./src/Display_Ctrl/Light_Ctrl/Light_Ctrl.o
                0x00003a34                Light_Ctrl_Task
 .text.I2c_Ctrl_Init_Hw
                0x00003a88       0x68 ./src/Display_Ctrl/I2c_Ctrl/I2c_Ctrl.o
                0x00003a88                I2c_Ctrl_Init_Hw
 .text.I2c_Ctrl_Init
                0x00003af0        0xc ./src/Display_Ctrl/I2c_Ctrl/I2c_Ctrl.o
                0x00003af0                I2c_Ctrl_Init
 .text.I2c_Ctrl_Read
                0x00003afc       0x5c ./src/Display_Ctrl/I2c_Ctrl/I2c_Ctrl.o
                0x00003afc                I2c_Ctrl_Read
 .text.I2c_Ctrl_Write
                0x00003b58       0x5c ./src/Display_Ctrl/I2c_Ctrl/I2c_Ctrl.o
                0x00003b58                I2c_Ctrl_Write
 .text.NVIC_EnableIRQ
                0x00003bb4       0x38 ./src/Display_Ctrl/Button_Ctrl/Button_Ctrl.o
 .text.Button_Ctrl_Init_Hw
                0x00003bec       0x20 ./src/Display_Ctrl/Button_Ctrl/Button_Ctrl.o
                0x00003bec                Button_Ctrl_Init_Hw
 .text.EINT0_IRQHandler
                0x00003c0c        0xc ./src/Display_Ctrl/Button_Ctrl/Button_Ctrl.o
                0x00003c0c                EINT0_IRQHandler
 .text.Button_Ctrl_Init
                0x00003c18        0xc ./src/Display_Ctrl/Button_Ctrl/Button_Ctrl.o
                0x00003c18                Button_Ctrl_Init
 .text.Button_Ctrl_GetValue
                0x00003c24       0x2c ./src/Display_Ctrl/Button_Ctrl/Button_Ctrl.o
                0x00003c24                Button_Ctrl_GetValue
 .text.Button_Ctrl_setCallback
                0x00003c50       0x24 ./src/Display_Ctrl/Button_Ctrl/Button_Ctrl.o
                0x00003c50                Button_Ctrl_setCallback
 .text.Button_Ctrl_Task
                0x00003c74       0x54 ./src/Display_Ctrl/Button_Ctrl/Button_Ctrl.o
                0x00003c74                Button_Ctrl_Task
 .text.Display_Ctrl_Init
                0x00003cc8      0x178 ./src/Display_Ctrl/Display_Ctrl.o
                0x00003cc8                Display_Ctrl_Init
 .text.Display_Ctrl_ProcessLoop
                0x00003e40      0x3bc ./src/Display_Ctrl/Display_Ctrl.o
                0x00003e40                Display_Ctrl_ProcessLoop
 .text.Display_State_Init
                0x000041fc       0x18 ./src/Display_Ctrl/Display_State.o
                0x000041fc                Display_State_Init
 .text.Display_State_IncrementState
                0x00004214       0x68 ./src/Display_Ctrl/Display_State.o
                0x00004214                Display_State_IncrementState
 .text.Display_State_Get
                0x0000427c       0x18 ./src/Display_Ctrl/Display_State.o
                0x0000427c                Display_State_Get
 .text.Display_State_setMaxValue2Temp
                0x00004294       0x20 ./src/Display_Ctrl/Display_State.o
                0x00004294                Display_State_setMaxValue2Temp
 .text.Display_State_getMaxValue2Temp
                0x000042b4       0x18 ./src/Display_Ctrl/Display_State.o
                0x000042b4                Display_State_getMaxValue2Temp
 .text.Display_State_setMaxValue2Light
                0x000042cc       0x20 ./src/Display_Ctrl/Display_State.o
                0x000042cc                Display_State_setMaxValue2Light
 .text.Display_State_getMaxValue2Light
                0x000042ec       0x18 ./src/Display_Ctrl/Display_State.o
                0x000042ec                Display_State_getMaxValue2Light
 .text.ResetISR
                0x00004304       0x68 ./src/cr_startup_lpc17.o
                0x00004304                ResetISR
 .text.NMI_Handler
                0x0000436c        0x8 ./src/cr_startup_lpc17.o
                0x0000436c                NMI_Handler
 .text.HardFault_Handler
                0x00004374        0x8 ./src/cr_startup_lpc17.o
                0x00004374                HardFault_Handler
 .text.MemManage_Handler
                0x0000437c        0x8 ./src/cr_startup_lpc17.o
                0x0000437c                MemManage_Handler
 .text.BusFault_Handler
                0x00004384        0x8 ./src/cr_startup_lpc17.o
                0x00004384                BusFault_Handler
 .text.UsageFault_Handler
                0x0000438c        0x8 ./src/cr_startup_lpc17.o
                0x0000438c                UsageFault_Handler
 .text.DebugMon_Handler
                0x00004394        0x8 ./src/cr_startup_lpc17.o
                0x00004394                DebugMon_Handler
 .text.IntDefaultHandler
                0x0000439c        0x8 ./src/cr_startup_lpc17.o
                0x0000439c                TIMER2_IRQHandler
                0x0000439c                RIT_IRQHandler
                0x0000439c                I2C0_IRQHandler
                0x0000439c                USBActivity_IRQHandler
                0x0000439c                PWM1_IRQHandler
                0x0000439c                I2C1_IRQHandler
                0x0000439c                EINT2_IRQHandler
                0x0000439c                UART1_IRQHandler
                0x0000439c                EINT3_IRQHandler
                0x0000439c                CANActivity_IRQHandler
                0x0000439c                TIMER3_IRQHandler
                0x0000439c                UART0_IRQHandler
                0x0000439c                IntDefaultHandler
                0x0000439c                PLL0_IRQHandler
                0x0000439c                CAN_IRQHandler
                0x0000439c                PLL1_IRQHandler
                0x0000439c                SSP0_IRQHandler
                0x0000439c                I2S_IRQHandler
                0x0000439c                I2C2_IRQHandler
                0x0000439c                RTC_IRQHandler
                0x0000439c                TIMER0_IRQHandler
                0x0000439c                SPI_IRQHandler
                0x0000439c                EINT1_IRQHandler
                0x0000439c                TIMER1_IRQHandler
                0x0000439c                UART2_IRQHandler
                0x0000439c                ADC_IRQHandler
                0x0000439c                SSP1_IRQHandler
                0x0000439c                USB_IRQHandler
                0x0000439c                BOD_IRQHandler
                0x0000439c                WDT_IRQHandler
                0x0000439c                QEI_IRQHandler
                0x0000439c                DMA_IRQHandler
                0x0000439c                MCPWM_IRQHandler
                0x0000439c                ENET_IRQHandler
 .text.main     0x000043a4      0x220 ./src/main.o
                0x000043a4                main
 .text.TCPTask  0x000045c4       0x14 ./src/main.o
                0x000045c4                TCPTask
 .text.peripheralInit
                0x000045d8       0x14 ./src/main.o
                0x000045d8                peripheralInit
 .text.buttonCallback
                0x000045ec       0x24 ./src/main.o
                0x000045ec                buttonCallback
 .text.tempCallback
                0x00004610       0x5c ./src/main.o
                0x00004610                tempCallback
 .text.lightCallback
                0x0000466c       0x5c ./src/main.o
                0x0000466c                lightCallback
 .text.vApplicationMallocFailedHook
                0x000046c8        0x8 ./src/main.o
                0x000046c8                vApplicationMallocFailedHook
 .text.vApplicationStackOverflowHook
                0x000046d0        0xc ./src/main.o
                0x000046d0                vApplicationStackOverflowHook
 .text.vApplicationIdleHook
                0x000046dc        0xc ./src/main.o
                0x000046dc                vApplicationIdleHook
 .text.vApplicationTickHook
                0x000046e8        0xc ./src/main.o
                0x000046e8                vApplicationTickHook
 .text.SystemInit
                0x000046f4      0x22c D:\ProjetoLPC\Repositorio\EC020\Lib_CMSISv1p30_LPC17xx\Debug\libCMSISv1p30_LPC17xx.a(system_LPC17xx.o)
                0x000046f4                SystemInit
 .text          0x00004920       0xf4 D:\ProjetoLPC\Repositorio\EC020\FreeRTOS_Library\Debug\libFreeRTOS_Library.a(Timer.o)
                0x00004920                Timer_Handler
                0x00004998                Timer_init
                0x000049ac                Timer_getTimer
                0x000049b8                Timer_getMsTimer
                0x000049c4                Timer_checkTimeout
                0x000049ec                Timer_delay
                0x00004a08                Timer_convertSecondsForSystemReference
 .text          0x00004a14      0x158 D:\ProjetoLPC\Repositorio\EC020\FreeRTOS_Library\Debug\libFreeRTOS_Library.a(port.o)
                0x00004a14                pxPortInitialiseStack
                0x00004a34                vPortSVCHandler
                0x00004a54                vPortStartFirstTask
                0x00004a64                xPortStartScheduler
                0x00004ab4                vPortEndScheduler
                0x00004ab8                vPortYieldFromISR
                0x00004ac8                vPortEnterCritical
                0x00004ae4                vPortExitCritical
                0x00004b00                xPortPendSVHandler
                0x00004b3c                xPortSysTickHandler
 .text          0x00004b6c      0x4e4 D:\ProjetoLPC\Repositorio\EC020\FreeRTOS_Library\Debug\libFreeRTOS_Library.a(queue.o)
                0x00004c74                xQueueCreate
                0x00004ce0                xQueueCreateCountingSemaphore
                0x00004cf4                xQueueGenericSend
                0x00004dd8                xQueueCreateMutex
                0x00004e24                xQueueGenericSendFromISR
                0x00004e88                xQueueGenericReceive
                0x00004fa0                xQueueReceiveFromISR
                0x00005008                uxQueueMessagesWaiting
                0x0000501c                uxQueueMessagesWaitingFromISR
                0x00005020                vQueueDelete
                0x00005034                xQueueIsQueueEmptyFromISR
                0x00005040                xQueueIsQueueFullFromISR
 .text          0x00005050      0xca4 D:\ProjetoLPC\Repositorio\EC020\FreeRTOS_Library\Debug\libFreeRTOS_Library.a(tasks.o)
                0x00005050                xTaskGenericCreate
                0x00005250                vTaskDelete
                0x000052d0                uxTaskPriorityGet
                0x000052f0                vTaskPrioritySet
                0x000053a4                xTaskIsTaskSuspended
                0x000053d0                vTaskResume
                0x0000544c                xTaskResumeFromISR
                0x000054c8                vTaskStartScheduler
                0x0000551c                vTaskEndScheduler
                0x0000553c                vTaskSuspendAll
                0x00005554                xTaskGetTickCount
                0x00005570                xTaskGetTickCountFromISR
                0x00005580                uxTaskGetNumberOfTasks
                0x0000558c                vTaskIncrementTick
                0x0000566c                xTaskResumeAll
                0x000057e8                vTaskDelay
                0x00005840                vTaskDelayUntil
                0x000058dc                vTaskSwitchContext
                0x000059d8                vTaskSuspend
                0x00005a64                vTaskPlaceOnEventList
                0x00005ad0                xTaskRemoveFromEventList
                0x00005b5c                vTaskSetTimeOutState
                0x00005b74                xTaskCheckForTimeOut
                0x00005bf4                vTaskMissedYield
                0x00005c08                xTaskGetCurrentTaskHandle
                0x00005c14                vTaskPriorityInherit
                0x00005ca0                vTaskPriorityDisinherit
 .text          0x00005cf4      0x140 D:\ProjetoLPC\Repositorio\EC020\FreeRTOS_Library\Debug\libFreeRTOS_Library.a(heap_2.o)
                0x00005cf4                pvPortMalloc
                0x00005de0                vPortFree
                0x00005e24                xPortGetFreeHeapSize
                0x00005e30                vPortInitialiseBlocks
 .text          0x00005e34       0xa4 D:\ProjetoLPC\Repositorio\EC020\FreeRTOS_Library\Debug\libFreeRTOS_Library.a(list.o)
                0x00005e34                vListInitialise
                0x00005e4c                vListInitialiseItem
                0x00005e54                vListInsertEnd
                0x00005e74                vListInsert
                0x00005eb0                vListRemove
 .text.CLKPWR_SetPCLKDiv
                0x00005ed8       0xcc D:\ProjetoLPC\Repositorio\EC020\Lib_MCU\Debug\libLib_MCU.a(lpc17xx_clkpwr.o)
                0x00005ed8                CLKPWR_SetPCLKDiv
 .text.CLKPWR_GetPCLKSEL
                0x00005fa4       0x54 D:\ProjetoLPC\Repositorio\EC020\Lib_MCU\Debug\libLib_MCU.a(lpc17xx_clkpwr.o)
                0x00005fa4                CLKPWR_GetPCLKSEL
 .text.CLKPWR_GetPCLK
                0x00005ff8       0x74 D:\ProjetoLPC\Repositorio\EC020\Lib_MCU\Debug\libLib_MCU.a(lpc17xx_clkpwr.o)
                0x00005ff8                CLKPWR_GetPCLK
 .text.CLKPWR_ConfigPPWR
                0x0000606c       0x78 D:\ProjetoLPC\Repositorio\EC020\Lib_MCU\Debug\libLib_MCU.a(lpc17xx_clkpwr.o)
                0x0000606c                CLKPWR_ConfigPPWR
 .text.GPIO_GetPointer
                0x000060e4       0x7c D:\ProjetoLPC\Repositorio\EC020\Lib_MCU\Debug\libLib_MCU.a(lpc17xx_gpio.o)
 .text.GPIO_SetDir
                0x00006160       0x54 D:\ProjetoLPC\Repositorio\EC020\Lib_MCU\Debug\libLib_MCU.a(lpc17xx_gpio.o)
                0x00006160                GPIO_SetDir
 .text.GPIO_SetValue
                0x000061b4       0x2c D:\ProjetoLPC\Repositorio\EC020\Lib_MCU\Debug\libLib_MCU.a(lpc17xx_gpio.o)
                0x000061b4                GPIO_SetValue
 .text.GPIO_ClearValue
                0x000061e0       0x2c D:\ProjetoLPC\Repositorio\EC020\Lib_MCU\Debug\libLib_MCU.a(lpc17xx_gpio.o)
                0x000061e0                GPIO_ClearValue
 .text.GPIO_ReadValue
                0x0000620c       0x30 D:\ProjetoLPC\Repositorio\EC020\Lib_MCU\Debug\libLib_MCU.a(lpc17xx_gpio.o)
                0x0000620c                GPIO_ReadValue
 .text.NVIC_EnableIRQ
                0x0000623c       0x38 D:\ProjetoLPC\Repositorio\EC020\Lib_MCU\Debug\libLib_MCU.a(lpc17xx_i2c.o)
 .text.NVIC_DisableIRQ
                0x00006274       0x3c D:\ProjetoLPC\Repositorio\EC020\Lib_MCU\Debug\libLib_MCU.a(lpc17xx_i2c.o)
 .text.I2C_getNum
                0x000062b0       0x54 D:\ProjetoLPC\Repositorio\EC020\Lib_MCU\Debug\libLib_MCU.a(lpc17xx_i2c.o)
 .text.I2C_Start
                0x00006304       0x44 D:\ProjetoLPC\Repositorio\EC020\Lib_MCU\Debug\libLib_MCU.a(lpc17xx_i2c.o)
 .text.I2C_Stop
                0x00006348       0x38 D:\ProjetoLPC\Repositorio\EC020\Lib_MCU\Debug\libLib_MCU.a(lpc17xx_i2c.o)
 .text.I2C_SendByte
                0x00006380       0x50 D:\ProjetoLPC\Repositorio\EC020\Lib_MCU\Debug\libLib_MCU.a(lpc17xx_i2c.o)
 .text.I2C_GetByte
                0x000063d0       0x5c D:\ProjetoLPC\Repositorio\EC020\Lib_MCU\Debug\libLib_MCU.a(lpc17xx_i2c.o)
 .text.I2C_IntCmd
                0x0000642c       0xa8 D:\ProjetoLPC\Repositorio\EC020\Lib_MCU\Debug\libLib_MCU.a(lpc17xx_i2c.o)
                0x0000642c                I2C_IntCmd
 .text.I2C_MasterHandler
                0x000064d4      0x408 D:\ProjetoLPC\Repositorio\EC020\Lib_MCU\Debug\libLib_MCU.a(lpc17xx_i2c.o)
                0x000064d4                I2C_MasterHandler
 .text.I2C_SetClock
                0x000068dc       0xc8 D:\ProjetoLPC\Repositorio\EC020\Lib_MCU\Debug\libLib_MCU.a(lpc17xx_i2c.o)
                0x000068dc                I2C_SetClock
 .text.I2C_Init
                0x000069a4       0xd8 D:\ProjetoLPC\Repositorio\EC020\Lib_MCU\Debug\libLib_MCU.a(lpc17xx_i2c.o)
                0x000069a4                I2C_Init
 .text.I2C_Cmd  0x00006a7c       0x84 D:\ProjetoLPC\Repositorio\EC020\Lib_MCU\Debug\libLib_MCU.a(lpc17xx_i2c.o)
                0x00006a7c                I2C_Cmd
 .text.I2C_MasterTransferData
                0x00006b00      0x390 D:\ProjetoLPC\Repositorio\EC020\Lib_MCU\Debug\libLib_MCU.a(lpc17xx_i2c.o)
                0x00006b00                I2C_MasterTransferData
 .text.check_failed
                0x00006e90        0xc D:\ProjetoLPC\Repositorio\EC020\Lib_MCU\Debug\libLib_MCU.a(lpc17xx_libcfg_default.o)
                0x00006e90                check_failed
 .text.PINSEL_SetPinFunc
                0x00006e9c       0x9c D:\ProjetoLPC\Repositorio\EC020\Lib_MCU\Debug\libLib_MCU.a(lpc17xx_pinsel.o)
                0x00006e9c                PINSEL_SetPinFunc
 .text.PINSEL_SetResistorMode
                0x00006f38       0x9c D:\ProjetoLPC\Repositorio\EC020\Lib_MCU\Debug\libLib_MCU.a(lpc17xx_pinsel.o)
                0x00006f38                PINSEL_SetResistorMode
 .text.PINSEL_SetOpenDrainMode
                0x00006fd4       0x7c D:\ProjetoLPC\Repositorio\EC020\Lib_MCU\Debug\libLib_MCU.a(lpc17xx_pinsel.o)
                0x00006fd4                PINSEL_SetOpenDrainMode
 .text.PINSEL_ConfigPin
                0x00007050       0x54 D:\ProjetoLPC\Repositorio\EC020\Lib_MCU\Debug\libLib_MCU.a(lpc17xx_pinsel.o)
                0x00007050                PINSEL_ConfigPin
 .text.SSP_getNum
                0x000070a4       0x40 D:\ProjetoLPC\Repositorio\EC020\Lib_MCU\Debug\libLib_MCU.a(lpc17xx_ssp.o)
 .text.SSP_IntHandler
                0x000070e4      0x338 D:\ProjetoLPC\Repositorio\EC020\Lib_MCU\Debug\libLib_MCU.a(lpc17xx_ssp.o)
                0x000070e4                SSP_IntHandler
 .text.SSP_SetClock
                0x0000741c       0xf8 D:\ProjetoLPC\Repositorio\EC020\Lib_MCU\Debug\libLib_MCU.a(lpc17xx_ssp.o)
                0x0000741c                SSP_SetClock
 .text.SSP_Init
                0x00007514      0x10c D:\ProjetoLPC\Repositorio\EC020\Lib_MCU\Debug\libLib_MCU.a(lpc17xx_ssp.o)
                0x00007514                SSP_Init
 .text.SSP_ConfigStructInit
                0x00007620       0x48 D:\ProjetoLPC\Repositorio\EC020\Lib_MCU\Debug\libLib_MCU.a(lpc17xx_ssp.o)
                0x00007620                SSP_ConfigStructInit
 .text.SSP_Cmd  0x00007668       0x7c D:\ProjetoLPC\Repositorio\EC020\Lib_MCU\Debug\libLib_MCU.a(lpc17xx_ssp.o)
                0x00007668                SSP_Cmd
 .text.SSP_SendData
                0x000076e4       0x48 D:\ProjetoLPC\Repositorio\EC020\Lib_MCU\Debug\libLib_MCU.a(lpc17xx_ssp.o)
                0x000076e4                SSP_SendData
 .text.SSP_ReceiveData
                0x0000772c       0x44 D:\ProjetoLPC\Repositorio\EC020\Lib_MCU\Debug\libLib_MCU.a(lpc17xx_ssp.o)
                0x0000772c                SSP_ReceiveData
 .text.SSP_ReadWrite
                0x00007770      0x440 D:\ProjetoLPC\Repositorio\EC020\Lib_MCU\Debug\libLib_MCU.a(lpc17xx_ssp.o)
                0x00007770                SSP_ReadWrite
 .text.getUartNum
                0x00007bb0       0x54 D:\ProjetoLPC\Repositorio\EC020\Lib_MCU\Debug\libLib_MCU.a(lpc17xx_uart.o)
                0x00007bb0                getUartNum
 .text.uart_set_divisors
                0x00007c04      0x26c D:\ProjetoLPC\Repositorio\EC020\Lib_MCU\Debug\libLib_MCU.a(lpc17xx_uart.o)
                0x00007c04                uart_set_divisors
 .text.UART_Init
                0x00007e70      0x368 D:\ProjetoLPC\Repositorio\EC020\Lib_MCU\Debug\libLib_MCU.a(lpc17xx_uart.o)
                0x00007e70                UART_Init
 .text.UART_ReceiveData
                0x000081d8       0x78 D:\ProjetoLPC\Repositorio\EC020\Lib_MCU\Debug\libLib_MCU.a(lpc17xx_uart.o)
                0x000081d8                UART_ReceiveData
 .text.UART_IntConfig
                0x00008250      0x1c8 D:\ProjetoLPC\Repositorio\EC020\Lib_MCU\Debug\libLib_MCU.a(lpc17xx_uart.o)
                0x00008250                UART_IntConfig
 .text.UART_TxCmd
                0x00008418       0xe8 D:\ProjetoLPC\Repositorio\EC020\Lib_MCU\Debug\libLib_MCU.a(lpc17xx_uart.o)
                0x00008418                UART_TxCmd
 .text.UART_SetupCbs
                0x00008500       0xb4 D:\ProjetoLPC\Repositorio\EC020\Lib_MCU\Debug\libLib_MCU.a(lpc17xx_uart.o)
                0x00008500                UART_SetupCbs
 .text          0x000085b4      0x370 d:/projetolpc/lpcxpresso_6.1.4_194/lpcxpresso/tools/bin/../lib/gcc/arm-none-eabi/4.6.2/armv7-m\libgcc.a(_arm_addsubdf3.o)
                0x000085b4                __aeabi_drsub
                0x000085bc                __aeabi_dsub
                0x000085bc                __subdf3
                0x000085c0                __aeabi_dadd
                0x000085c0                __adddf3
                0x00008838                __floatunsidf
                0x00008838                __aeabi_ui2d
                0x00008858                __floatsidf
                0x00008858                __aeabi_i2d
                0x0000887c                __aeabi_f2d
                0x0000887c                __extendsfdf2
                0x000088b8                __floatundidf
                0x000088b8                __aeabi_ul2d
                0x000088c8                __floatdidf
                0x000088c8                __aeabi_l2d
 .text          0x00008924      0x424 d:/projetolpc/lpcxpresso_6.1.4_194/lpcxpresso/tools/bin/../lib/gcc/arm-none-eabi/4.6.2/armv7-m\libgcc.a(_arm_muldivdf3.o)
                0x00008924                __aeabi_dmul
                0x00008924                __muldf3
                0x00008b78                __divdf3
                0x00008b78                __aeabi_ddiv
 .text          0x00008d48      0x21c d:/projetolpc/lpcxpresso_6.1.4_194/lpcxpresso/tools/bin/../lib/gcc/arm-none-eabi/4.6.2/armv7-m\libgcc.a(_arm_addsubsf3.o)
                0x00008d48                __aeabi_frsub
                0x00008d50                __subsf3
                0x00008d50                __aeabi_fsub
                0x00008d54                __aeabi_fadd
                0x00008d54                __addsf3
                0x00008eb4                __aeabi_ui2f
                0x00008eb4                __floatunsisf
                0x00008ebc                __aeabi_i2f
                0x00008ebc                __floatsisf
                0x00008ed8                __aeabi_ul2f
                0x00008ed8                __floatundisf
                0x00008ee8                __aeabi_l2f
                0x00008ee8                __floatdisf
 .text          0x00008f64      0x2a0 d:/projetolpc/lpcxpresso_6.1.4_194/lpcxpresso/tools/bin/../lib/gcc/arm-none-eabi/4.6.2/armv7-m\libgcc.a(_arm_muldivsf3.o)
                0x00008f64                __mulsf3
                0x00008f64                __aeabi_fmul
                0x000090cc                __aeabi_fdiv
                0x000090cc                __divsf3
 .text          0x00009204       0x2c d:/projetolpc/lpcxpresso_6.1.4_194/lpcxpresso/tools/bin/../lib/gcc/arm-none-eabi/4.6.2/armv7-m\libgcc.a(_aeabi_uldivmod.o)
                0x00009204                __aeabi_uldivmod
 .text          0x00009230       0x5c d:/projetolpc/lpcxpresso_6.1.4_194/lpcxpresso/tools/bin/../lib/gcc/arm-none-eabi/4.6.2/armv7-m\libgcc.a(bpabi.o)
                0x00009230                __gnu_ldivmod_helper
                0x00009260                __gnu_uldivmod_helper
 .text          0x0000928c        0x4 d:/projetolpc/lpcxpresso_6.1.4_194/lpcxpresso/tools/bin/../lib/gcc/arm-none-eabi/4.6.2/armv7-m\libgcc.a(_dvmd_tls.o)
                0x0000928c                __aeabi_idiv0
                0x0000928c                __aeabi_ldiv0
 .text          0x00009290      0x2c8 d:/projetolpc/lpcxpresso_6.1.4_194/lpcxpresso/tools/bin/../lib/gcc/arm-none-eabi/4.6.2/armv7-m\libgcc.a(_divdi3.o)
                0x00009290                __divdi3
 .text          0x00009558      0x298 d:/projetolpc/lpcxpresso_6.1.4_194/lpcxpresso/tools/bin/../lib/gcc/arm-none-eabi/4.6.2/armv7-m\libgcc.a(_udivdi3.o)
                0x00009558                __udivdi3
 .text.memcmp   0x000097f0       0x60 d:/projetolpc/lpcxpresso_6.1.4_194/lpcxpresso/tools/bin/../lib/gcc/arm-none-eabi/4.6.2/../../../../arm-none-eabi/lib/armv7-m\libc.a(lib_a-memcmp.o)
                0x000097f0                memcmp
 .text.memcpy   0x00009850       0x84 d:/projetolpc/lpcxpresso_6.1.4_194/lpcxpresso/tools/bin/../lib/gcc/arm-none-eabi/4.6.2/../../../../arm-none-eabi/lib/armv7-m\libc.a(lib_a-memcpy.o)
                0x00009850                memcpy
 .text.memset   0x000098d4       0x90 d:/projetolpc/lpcxpresso_6.1.4_194/lpcxpresso/tools/bin/../lib/gcc/arm-none-eabi/4.6.2/../../../../arm-none-eabi/lib/armv7-m\libc.a(lib_a-memset.o)
                0x000098d4                memset
 .text.sprintf  0x00009964       0x50 d:/projetolpc/lpcxpresso_6.1.4_194/lpcxpresso/tools/bin/../lib/gcc/arm-none-eabi/4.6.2/../../../../arm-none-eabi/lib/armv7-m\libc.a(lib_a-sprintf.o)
                0x00009964                sprintf
 .text.strlen   0x000099b4       0x60 d:/projetolpc/lpcxpresso_6.1.4_194/lpcxpresso/tools/bin/../lib/gcc/arm-none-eabi/4.6.2/../../../../arm-none-eabi/lib/armv7-m\libc.a(lib_a-strlen.o)
                0x000099b4                strlen
 .text.strncpy  0x00009a14       0x68 d:/projetolpc/lpcxpresso_6.1.4_194/lpcxpresso/tools/bin/../lib/gcc/arm-none-eabi/4.6.2/../../../../arm-none-eabi/lib/armv7-m\libc.a(lib_a-strncpy.o)
                0x00009a14                strncpy
 .text._strtoul_r
                0x00009a7c      0x12c d:/projetolpc/lpcxpresso_6.1.4_194/lpcxpresso/tools/bin/../lib/gcc/arm-none-eabi/4.6.2/../../../../arm-none-eabi/lib/armv7-m\libc.a(lib_a-strtoul.o)
                0x00009a7c                _strtoul_r
 .text.strtoul  0x00009ba8       0x1c d:/projetolpc/lpcxpresso_6.1.4_194/lpcxpresso/tools/bin/../lib/gcc/arm-none-eabi/4.6.2/../../../../arm-none-eabi/lib/armv7-m\libc.a(lib_a-strtoul.o)
                0x00009ba8                strtoul
 .text._svfprintf_r
                0x00009bc4     0x1408 d:/projetolpc/lpcxpresso_6.1.4_194/lpcxpresso/tools/bin/../lib/gcc/arm-none-eabi/4.6.2/../../../../arm-none-eabi/lib/armv7-m\libc.a(lib_a-svfprintf.o)
                0x00009bc4                _svfprintf_r
 .text.quorem   0x0000afcc      0x150 d:/projetolpc/lpcxpresso_6.1.4_194/lpcxpresso/tools/bin/../lib/gcc/arm-none-eabi/4.6.2/../../../../arm-none-eabi/lib/armv7-m\libc.a(lib_a-dtoa.o)
 *fill*         0x0000b11c        0x4 00
 .text._dtoa_r  0x0000b120      0xe60 d:/projetolpc/lpcxpresso_6.1.4_194/lpcxpresso/tools/bin/../lib/gcc/arm-none-eabi/4.6.2/../../../../arm-none-eabi/lib/armv7-m\libc.a(lib_a-dtoa.o)
                0x0000b120                _dtoa_r
 .text._localeconv_r
                0x0000bf80        0xc d:/projetolpc/lpcxpresso_6.1.4_194/lpcxpresso/tools/bin/../lib/gcc/arm-none-eabi/4.6.2/../../../../arm-none-eabi/lib/armv7-m\libc.a(lib_a-locale.o)
                0x0000bf80                _localeconv_r
 .text._malloc_r
                0x0000bf8c      0x528 d:/projetolpc/lpcxpresso_6.1.4_194/lpcxpresso/tools/bin/../lib/gcc/arm-none-eabi/4.6.2/../../../../arm-none-eabi/lib/armv7-m\libc.a(lib_a-mallocr.o)
                0x0000bf8c                _malloc_r
 .text.memchr   0x0000c4b4       0x84 d:/projetolpc/lpcxpresso_6.1.4_194/lpcxpresso/tools/bin/../lib/gcc/arm-none-eabi/4.6.2/../../../../arm-none-eabi/lib/armv7-m\libc.a(lib_a-memchr.o)
                0x0000c4b4                memchr
 .text.__malloc_lock
                0x0000c538        0x4 d:/projetolpc/lpcxpresso_6.1.4_194/lpcxpresso/tools/bin/../lib/gcc/arm-none-eabi/4.6.2/../../../../arm-none-eabi/lib/armv7-m\libc.a(lib_a-mlock.o)
                0x0000c538                __malloc_lock
 .text.__malloc_unlock
                0x0000c53c        0x4 d:/projetolpc/lpcxpresso_6.1.4_194/lpcxpresso/tools/bin/../lib/gcc/arm-none-eabi/4.6.2/../../../../arm-none-eabi/lib/armv7-m\libc.a(lib_a-mlock.o)
                0x0000c53c                __malloc_unlock
 .text._Balloc  0x0000c540       0x4c d:/projetolpc/lpcxpresso_6.1.4_194/lpcxpresso/tools/bin/../lib/gcc/arm-none-eabi/4.6.2/../../../../arm-none-eabi/lib/armv7-m\libc.a(lib_a-mprec.o)
                0x0000c540                _Balloc
 .text._Bfree   0x0000c58c       0x14 d:/projetolpc/lpcxpresso_6.1.4_194/lpcxpresso/tools/bin/../lib/gcc/arm-none-eabi/4.6.2/../../../../arm-none-eabi/lib/armv7-m\libc.a(lib_a-mprec.o)
                0x0000c58c                _Bfree
 .text.__multadd
                0x0000c5a0       0x84 d:/projetolpc/lpcxpresso_6.1.4_194/lpcxpresso/tools/bin/../lib/gcc/arm-none-eabi/4.6.2/../../../../arm-none-eabi/lib/armv7-m\libc.a(lib_a-mprec.o)
                0x0000c5a0                __multadd
 .text.__hi0bits
                0x0000c624       0x3c d:/projetolpc/lpcxpresso_6.1.4_194/lpcxpresso/tools/bin/../lib/gcc/arm-none-eabi/4.6.2/../../../../arm-none-eabi/lib/armv7-m\libc.a(lib_a-mprec.o)
                0x0000c624                __hi0bits
 .text.__lo0bits
                0x0000c660       0x5c d:/projetolpc/lpcxpresso_6.1.4_194/lpcxpresso/tools/bin/../lib/gcc/arm-none-eabi/4.6.2/../../../../arm-none-eabi/lib/armv7-m\libc.a(lib_a-mprec.o)
                0x0000c660                __lo0bits
 .text.__i2b    0x0000c6bc       0x14 d:/projetolpc/lpcxpresso_6.1.4_194/lpcxpresso/tools/bin/../lib/gcc/arm-none-eabi/4.6.2/../../../../arm-none-eabi/lib/armv7-m\libc.a(lib_a-mprec.o)
                0x0000c6bc                __i2b
 .text.__multiply
                0x0000c6d0      0x144 d:/projetolpc/lpcxpresso_6.1.4_194/lpcxpresso/tools/bin/../lib/gcc/arm-none-eabi/4.6.2/../../../../arm-none-eabi/lib/armv7-m\libc.a(lib_a-mprec.o)
                0x0000c6d0                __multiply
 .text.__pow5mult
                0x0000c814       0x98 d:/projetolpc/lpcxpresso_6.1.4_194/lpcxpresso/tools/bin/../lib/gcc/arm-none-eabi/4.6.2/../../../../arm-none-eabi/lib/armv7-m\libc.a(lib_a-mprec.o)
                0x0000c814                __pow5mult
 .text.__lshift
                0x0000c8ac       0xc0 d:/projetolpc/lpcxpresso_6.1.4_194/lpcxpresso/tools/bin/../lib/gcc/arm-none-eabi/4.6.2/../../../../arm-none-eabi/lib/armv7-m\libc.a(lib_a-mprec.o)
                0x0000c8ac                __lshift
 .text.__mcmp   0x0000c96c       0x3c d:/projetolpc/lpcxpresso_6.1.4_194/lpcxpresso/tools/bin/../lib/gcc/arm-none-eabi/4.6.2/../../../../arm-none-eabi/lib/armv7-m\libc.a(lib_a-mprec.o)
                0x0000c96c                __mcmp
 .text.__mdiff  0x0000c9a8       0xd8 d:/projetolpc/lpcxpresso_6.1.4_194/lpcxpresso/tools/bin/../lib/gcc/arm-none-eabi/4.6.2/../../../../arm-none-eabi/lib/armv7-m\libc.a(lib_a-mprec.o)
                0x0000c9a8                __mdiff
 .text.__d2b    0x0000ca80       0xcc d:/projetolpc/lpcxpresso_6.1.4_194/lpcxpresso/tools/bin/../lib/gcc/arm-none-eabi/4.6.2/../../../../arm-none-eabi/lib/armv7-m\libc.a(lib_a-mprec.o)
                0x0000ca80                __d2b
 .text.__fpclassifyd
                0x0000cb4c       0x68 d:/projetolpc/lpcxpresso_6.1.4_194/lpcxpresso/tools/bin/../lib/gcc/arm-none-eabi/4.6.2/../../../../arm-none-eabi/lib/armv7-m\libc.a(lib_a-s_fpclassify.o)
                0x0000cb4c                __fpclassifyd
 .text._sbrk_r  0x0000cbb4       0x24 d:/projetolpc/lpcxpresso_6.1.4_194/lpcxpresso/tools/bin/../lib/gcc/arm-none-eabi/4.6.2/../../../../arm-none-eabi/lib/armv7-m\libc.a(lib_a-sbrkr.o)
                0x0000cbb4                _sbrk_r
 .text.__ssprint_r
                0x0000cbd8       0xf8 d:/projetolpc/lpcxpresso_6.1.4_194/lpcxpresso/tools/bin/../lib/gcc/arm-none-eabi/4.6.2/../../../../arm-none-eabi/lib/armv7-m\libc.a(lib_a-svfiprintf.o)
                0x0000cbd8                __ssprint_r
 .text._calloc_r
                0x0000ccd0       0x60 d:/projetolpc/lpcxpresso_6.1.4_194/lpcxpresso/tools/bin/../lib/gcc/arm-none-eabi/4.6.2/../../../../arm-none-eabi/lib/armv7-m\libc.a(lib_a-callocr.o)
                0x0000ccd0                _calloc_r
 .text._malloc_trim_r
                0x0000cd30       0xa0 d:/projetolpc/lpcxpresso_6.1.4_194/lpcxpresso/tools/bin/../lib/gcc/arm-none-eabi/4.6.2/../../../../arm-none-eabi/lib/armv7-m\libc.a(lib_a-freer.o)
                0x0000cd30                _malloc_trim_r
 .text._free_r  0x0000cdd0      0x190 d:/projetolpc/lpcxpresso_6.1.4_194/lpcxpresso/tools/bin/../lib/gcc/arm-none-eabi/4.6.2/../../../../arm-none-eabi/lib/armv7-m\libc.a(lib_a-freer.o)
                0x0000cdd0                _free_r
 .text.memmove  0x0000cf60       0xb0 d:/projetolpc/lpcxpresso_6.1.4_194/lpcxpresso/tools/bin/../lib/gcc/arm-none-eabi/4.6.2/../../../../arm-none-eabi/lib/armv7-m\libc.a(lib_a-memmove.o)
                0x0000cf60                memmove
 .text._realloc_r
                0x0000d010      0x3f4 d:/projetolpc/lpcxpresso_6.1.4_194/lpcxpresso/tools/bin/../lib/gcc/arm-none-eabi/4.6.2/../../../../arm-none-eabi/lib/armv7-m\libc.a(lib_a-reallocr.o)
                0x0000d010                _realloc_r
 .text._sbrk    0x0000d404       0x3c d:/projetolpc/lpcxpresso_6.1.4_194/lpcxpresso/tools/bin/../lib/gcc/arm-none-eabi/4.6.2/../../../../arm-none-eabi/lib/armv7-m\libcr_newlib_semihost.a(_cr_sbrk.o)
                0x0000d404                _sbrk
 .text.__check_heap_overflow
                0x0000d440       0x2c d:/projetolpc/lpcxpresso_6.1.4_194/lpcxpresso/tools/bin/../lib/gcc/arm-none-eabi/4.6.2/../../../../arm-none-eabi/lib/armv7-m\libcr_newlib_semihost.a(_cr_check_heap.o)
                0x0000d440                __check_heap_overflow
 .text          0x0000d46c      0x110 d:/projetolpc/lpcxpresso_6.1.4_194/lpcxpresso/tools/bin/../lib/gcc/arm-none-eabi/4.6.2/armv7-m\libgcc.a(_arm_cmpdf2.o)
                0x0000d46c                __gtdf2
                0x0000d46c                __gedf2
                0x0000d474                __ltdf2
                0x0000d474                __ledf2
                0x0000d47c                __nedf2
                0x0000d47c                __eqdf2
                0x0000d47c                __cmpdf2
                0x0000d4f8                __aeabi_cdrcmple
                0x0000d508                __aeabi_cdcmpeq
                0x0000d508                __aeabi_cdcmple
                0x0000d518                __aeabi_dcmpeq
                0x0000d52c                __aeabi_dcmplt
                0x0000d540                __aeabi_dcmple
                0x0000d554                __aeabi_dcmpge
                0x0000d568                __aeabi_dcmpgt
 .text          0x0000d57c       0x50 d:/projetolpc/lpcxpresso_6.1.4_194/lpcxpresso/tools/bin/../lib/gcc/arm-none-eabi/4.6.2/armv7-m\libgcc.a(_arm_fixdfsi.o)
                0x0000d57c                __aeabi_d2iz
                0x0000d57c                __fixdfsi
 .text.__errno  0x0000d5cc        0xc d:/projetolpc/lpcxpresso_6.1.4_194/lpcxpresso/tools/bin/../lib/gcc/arm-none-eabi/4.6.2/../../../../arm-none-eabi/lib/armv7-m\libc.a(lib_a-errno.o)
                0x0000d5cc                __errno
 *(.rodata .rodata.* .constdata .constdata.*)
 .rodata        0x0000d5d8      0x918 ./src/EasyWeb_Ctrl/EasyWeb.o
                0x0000d5d8                MyIP
                0x0000d5dc                SubnetMask
                0x0000d5e0                GatewayIP
                0x0000d5e4                WebSide
                0x0000dea8                GetResponse_EasyWeb
 .rodata        0x0000def0        0x8 ./src/EasyWeb_Ctrl/tcpip.o
                0x0000def0                MyMAC
 .rodata        0x0000def8      0x300 ./src/Display_Ctrl/Oled_Ctrl/Fonte5x7.o
                0x0000def8                font5x7
 .rodata        0x0000e1f8        0x8 ./src/Display_Ctrl/Oled_Ctrl/Oled_Ctrl.o
 .rodata        0x0000e200       0xc0 ./src/Display_Ctrl/Display_Ctrl.o
 .rodata        0x0000e2c0       0x54 ./src/main.o
 .rodata        0x0000e314       0x14 D:\ProjetoLPC\Repositorio\EC020\FreeRTOS_Library\Debug\libFreeRTOS_Library.a(tasks.o)
 .rodata.str1.4
                0x0000e328        0x5 D:\ProjetoLPC\Repositorio\EC020\FreeRTOS_Library\Debug\libFreeRTOS_Library.a(tasks.o)
                                  0x8 (size before relaxing)
 *fill*         0x0000e32d        0x3 00
 .rodata        0x0000e330       0x18 D:\ProjetoLPC\Repositorio\EC020\Lib_MCU\Debug\libLib_MCU.a(lpc17xx_i2c.o)
 .rodata        0x0000e348       0x18 D:\ProjetoLPC\Repositorio\EC020\Lib_MCU\Debug\libLib_MCU.a(lpc17xx_ssp.o)
 .rodata        0x0000e360       0x18 D:\ProjetoLPC\Repositorio\EC020\Lib_MCU\Debug\libLib_MCU.a(lpc17xx_uart.o)
 .rodata.zeroes.6590
                0x0000e378       0x10 d:/projetolpc/lpcxpresso_6.1.4_194/lpcxpresso/tools/bin/../lib/gcc/arm-none-eabi/4.6.2/../../../../arm-none-eabi/lib/armv7-m\libc.a(lib_a-svfprintf.o)
 .rodata.str1.4
                0x0000e388       0x42 d:/projetolpc/lpcxpresso_6.1.4_194/lpcxpresso/tools/bin/../lib/gcc/arm-none-eabi/4.6.2/../../../../arm-none-eabi/lib/armv7-m\libc.a(lib_a-svfprintf.o)
                                 0x44 (size before relaxing)
 *fill*         0x0000e3ca        0x2 00
 .rodata.blanks.6589
                0x0000e3cc       0x10 d:/projetolpc/lpcxpresso_6.1.4_194/lpcxpresso/tools/bin/../lib/gcc/arm-none-eabi/4.6.2/../../../../arm-none-eabi/lib/armv7-m\libc.a(lib_a-svfprintf.o)
 .rodata._ctype_
                0x0000e3dc      0x104 d:/projetolpc/lpcxpresso_6.1.4_194/lpcxpresso/tools/bin/../lib/gcc/arm-none-eabi/4.6.2/../../../../arm-none-eabi/lib/armv7-m\libc.a(lib_a-ctype_.o)
                0x0000e3dc                _ctype_
 .rodata.str1.4
                0x0000e4e0       0x10 d:/projetolpc/lpcxpresso_6.1.4_194/lpcxpresso/tools/bin/../lib/gcc/arm-none-eabi/4.6.2/../../../../arm-none-eabi/lib/armv7-m\libc.a(lib_a-dtoa.o)
                                 0x14 (size before relaxing)
 .rodata.str1.4
                0x0000e4f0        0x2 d:/projetolpc/lpcxpresso_6.1.4_194/lpcxpresso/tools/bin/../lib/gcc/arm-none-eabi/4.6.2/../../../../arm-none-eabi/lib/armv7-m\libc.a(lib_a-impure.o)
                                  0x4 (size before relaxing)
 *fill*         0x0000e4f2        0x2 00
 .rodata.str1.4
                0x0000e4f4        0xc d:/projetolpc/lpcxpresso_6.1.4_194/lpcxpresso/tools/bin/../lib/gcc/arm-none-eabi/4.6.2/../../../../arm-none-eabi/lib/armv7-m\libc.a(lib_a-locale.o)
                                 0x14 (size before relaxing)
 .rodata.__mprec_tens
                0x0000e500       0xc8 d:/projetolpc/lpcxpresso_6.1.4_194/lpcxpresso/tools/bin/../lib/gcc/arm-none-eabi/4.6.2/../../../../arm-none-eabi/lib/armv7-m\libc.a(lib_a-mprec.o)
                0x0000e500                __mprec_tens
 .rodata.__mprec_bigtens
                0x0000e5c8       0x28 d:/projetolpc/lpcxpresso_6.1.4_194/lpcxpresso/tools/bin/../lib/gcc/arm-none-eabi/4.6.2/../../../../arm-none-eabi/lib/armv7-m\libc.a(lib_a-mprec.o)
                0x0000e5c8                __mprec_bigtens
 .rodata.p05.5111
                0x0000e5f0        0xc d:/projetolpc/lpcxpresso_6.1.4_194/lpcxpresso/tools/bin/../lib/gcc/arm-none-eabi/4.6.2/../../../../arm-none-eabi/lib/armv7-m\libc.a(lib_a-mprec.o)
                0x0000e5fc                . = ALIGN (0x4)

.glue_7         0x0000e5fc        0x0
 .glue_7        0x00000000        0x0 linker stubs

.glue_7t        0x0000e5fc        0x0
 .glue_7t       0x00000000        0x0 linker stubs

.vfp11_veneer   0x0000e5fc        0x0
 .vfp11_veneer  0x00000000        0x0 linker stubs

.v4_bx          0x0000e5fc        0x0
 .v4_bx         0x00000000        0x0 linker stubs

.ARM.extab
 *(.ARM.extab* .gnu.linkonce.armextab.*)
                0x0000e5fc                __exidx_start = .

.ARM.exidx      0x0000e5fc        0x8
 *(.ARM.exidx* .gnu.linkonce.armexidx.*)
 .ARM.exidx     0x0000e5fc        0x8 d:/projetolpc/lpcxpresso_6.1.4_194/lpcxpresso/tools/bin/../lib/gcc/arm-none-eabi/4.6.2/armv7-m\libgcc.a(_divdi3.o)
 .ARM.exidx     0x0000e604        0x0 d:/projetolpc/lpcxpresso_6.1.4_194/lpcxpresso/tools/bin/../lib/gcc/arm-none-eabi/4.6.2/armv7-m\libgcc.a(_udivdi3.o)
                                  0x8 (size before relaxing)
                0x0000e604                __exidx_end = .
                0x0000e604                _etext = .

.data_RAM2      0x2007c000        0x0 load address 0x0000e604
 FILL mask 0xff
 *(.data.$RAM2*)
 *(.data.$RamAHB32*)
                0x2007c000                . = ALIGN (0x4)

.uninit_RESERVED
                0x10000000        0x0
 *(.bss.$RESERVED*)
                0x10000000                . = ALIGN (0x4)
                0x10000000                _end_uninit_RESERVED = .

.data           0x10000000      0x894 load address 0x0000e604
 FILL mask 0xff
                0x10000000                _data = .
 *(vtable)
 *(.data*)
 .data          0x10000000        0x8 ./src/Display_Ctrl/Light_Ctrl/Light_Ctrl.o
 .data          0x10000008        0x8 ./src/Display_Ctrl/Display_State.o
                0x10000008                uiMaxValue2Temp
                0x1000000c                uiMaxValue2Light
 .data          0x10000010        0x4 D:\ProjetoLPC\Repositorio\EC020\Lib_CMSISv1p30_LPC17xx\Debug\libCMSISv1p30_LPC17xx.a(system_LPC17xx.o)
                0x10000010                SystemCoreClock
 .data          0x10000014        0x4 D:\ProjetoLPC\Repositorio\EC020\FreeRTOS_Library\Debug\libFreeRTOS_Library.a(port.o)
 .data          0x10000018        0x4 D:\ProjetoLPC\Repositorio\EC020\FreeRTOS_Library\Debug\libFreeRTOS_Library.a(heap_2.o)
 .data.__ctype_ptr__
                0x1000001c        0x4 d:/projetolpc/lpcxpresso_6.1.4_194/lpcxpresso/tools/bin/../lib/gcc/arm-none-eabi/4.6.2/../../../../arm-none-eabi/lib/armv7-m\libc.a(lib_a-ctype_.o)
                0x1000001c                __ctype_ptr__
 .data.impure_data
                0x10000020      0x428 d:/projetolpc/lpcxpresso_6.1.4_194/lpcxpresso/tools/bin/../lib/gcc/arm-none-eabi/4.6.2/../../../../arm-none-eabi/lib/armv7-m\libc.a(lib_a-impure.o)
 .data._impure_ptr
                0x10000448        0x4 d:/projetolpc/lpcxpresso_6.1.4_194/lpcxpresso/tools/bin/../lib/gcc/arm-none-eabi/4.6.2/../../../../arm-none-eabi/lib/armv7-m\libc.a(lib_a-impure.o)
                0x10000448                _impure_ptr
 .data.lconv    0x1000044c       0x38 d:/projetolpc/lpcxpresso_6.1.4_194/lpcxpresso/tools/bin/../lib/gcc/arm-none-eabi/4.6.2/../../../../arm-none-eabi/lib/armv7-m\libc.a(lib_a-locale.o)
 .data.__malloc_av_
                0x10000484      0x408 d:/projetolpc/lpcxpresso_6.1.4_194/lpcxpresso/tools/bin/../lib/gcc/arm-none-eabi/4.6.2/../../../../arm-none-eabi/lib/armv7-m\libc.a(lib_a-mallocr.o)
                0x10000484                __malloc_av_
 .data.__malloc_trim_threshold
                0x1000088c        0x4 d:/projetolpc/lpcxpresso_6.1.4_194/lpcxpresso/tools/bin/../lib/gcc/arm-none-eabi/4.6.2/../../../../arm-none-eabi/lib/armv7-m\libc.a(lib_a-mallocr.o)
                0x1000088c                __malloc_trim_threshold
 .data.__malloc_sbrk_base
                0x10000890        0x4 d:/projetolpc/lpcxpresso_6.1.4_194/lpcxpresso/tools/bin/../lib/gcc/arm-none-eabi/4.6.2/../../../../arm-none-eabi/lib/armv7-m\libc.a(lib_a-mallocr.o)
                0x10000890                __malloc_sbrk_base
                0x10000894                . = ALIGN (0x4)
                0x10000894                _edata = .

.bss_RAM2       0x2007c000        0x0
 *(.bss.$RAM2*)
 *(.bss.$RamAHB32*)
                0x2007c000                . = ALIGN (0x4)

.bss            0x10000898     0x3480
                0x10000898                _bss = .
 *(.bss*)
 .bss           0x10000898      0x108 ./src/Usart_Ctrl/Command/Command.o
 .bss           0x100009a0       0x10 ./src/EasyWeb_Ctrl/EasyWeb.o
                0x100009a0                aaPagecounter
                0x100009a4                adcValue
                0x100009a8                uiTempValue
                0x100009ac                uiLightValue
 .bss           0x100009b0        0x8 ./src/EasyWeb_Ctrl/ethmac.o
 .bss           0x100009b8        0x8 ./src/Display_Ctrl/Temp_Ctrl/Temp_Ctrl.o
 .bss           0x100009c0      0x300 ./src/Display_Ctrl/Oled_Ctrl/Oled_Ctrl.o
 .bss           0x10000cc0        0x4 ./src/Display_Ctrl/Light_Ctrl/Light_Ctrl.o
 .bss           0x10000cc4        0x4 ./src/Display_Ctrl/Button_Ctrl/Button_Ctrl.o
 .bss           0x10000cc8        0xc ./src/Display_Ctrl/Display_Ctrl.o
 .bss           0x10000cd4      0x100 D:\ProjetoLPC\Repositorio\EC020\FreeRTOS_Library\Debug\libFreeRTOS_Library.a(tasks.o)
                0x10000cd8                pxCurrentTCB
 *fill*         0x10000dd4        0x4 00
 .bss           0x10000dd8     0x2818 D:\ProjetoLPC\Repositorio\EC020\FreeRTOS_Library\Debug\libFreeRTOS_Library.a(heap_2.o)
 .bss           0x100035f0       0x24 D:\ProjetoLPC\Repositorio\EC020\Lib_MCU\Debug\libLib_MCU.a(lpc17xx_i2c.o)
 .bss           0x10003614       0x18 D:\ProjetoLPC\Repositorio\EC020\Lib_MCU\Debug\libLib_MCU.a(lpc17xx_ssp.o)
 .bss           0x1000362c       0x44 D:\ProjetoLPC\Repositorio\EC020\Lib_MCU\Debug\libLib_MCU.a(lpc17xx_uart.o)
                0x1000362c                uartCbsDat
                0x1000366c                pfnModemCbs
 .bss.__malloc_max_total_mem
                0x10003670        0x4 d:/projetolpc/lpcxpresso_6.1.4_194/lpcxpresso/tools/bin/../lib/gcc/arm-none-eabi/4.6.2/../../../../arm-none-eabi/lib/armv7-m\libc.a(lib_a-mallocr.o)
                0x10003670                __malloc_max_total_mem
 .bss.__malloc_max_sbrked_mem
                0x10003674        0x4 d:/projetolpc/lpcxpresso_6.1.4_194/lpcxpresso/tools/bin/../lib/gcc/arm-none-eabi/4.6.2/../../../../arm-none-eabi/lib/armv7-m\libc.a(lib_a-mallocr.o)
                0x10003674                __malloc_max_sbrked_mem
 .bss.__malloc_top_pad
                0x10003678        0x4 d:/projetolpc/lpcxpresso_6.1.4_194/lpcxpresso/tools/bin/../lib/gcc/arm-none-eabi/4.6.2/../../../../arm-none-eabi/lib/armv7-m\libc.a(lib_a-mallocr.o)
                0x10003678                __malloc_top_pad
 .bss.__malloc_current_mallinfo
                0x1000367c       0x28 d:/projetolpc/lpcxpresso_6.1.4_194/lpcxpresso/tools/bin/../lib/gcc/arm-none-eabi/4.6.2/../../../../arm-none-eabi/lib/armv7-m\libc.a(lib_a-mallocr.o)
                0x1000367c                __malloc_current_mallinfo
 *(COMMON)
 COMMON         0x100036a4      0x208 ./src/Usart_Ctrl/Usart_Ctrl.o
                0x100036a4                tagUsartCtrl
 COMMON         0x100038ac      0x3de ./src/EasyWeb_Ctrl/EasyWeb.o
                0x100038ac                TCPTimer
                0x100038b0                HTTPBytesToSend
                0x100038b4                TCPRxDataCount
                0x100038b8                Http_server_queue
                0x100038bc                HTTPStatus
                0x100038be                TCPTxDataCount
                0x100038c0                RecdFrameIP
                0x100038c4                RemoteMAC
                0x100038ca                TCPStateMachine
                0x100038cc                TCPUNASeqNr
                0x100038d0                TCPLocalPort
                0x100038d4                _RxTCPBuffer
                0x100039d4                ITM_RxBuffer
                0x100039d8                TCPFlags
                0x100039dc                RecdFrameMAC
                0x100039e2                RecdIPFrameLength
                0x100039e4                PWebSide
                0x100039e8                RemoteIP
                0x100039ec                LastFrameSent
                0x100039ee                TCPRemotePort
                0x100039f0                TxFrame2Size
                0x100039f4                TCPAckNr
                0x100039f8                TransmitControl
                0x100039fa                TxFrame1Size
                0x100039fc                ISNGenHigh
                0x10003a00                _TxFrame2
                0x10003a4a                RecdFrameLength
                0x10003a4c                _TxFrame1
                0x10003c84                TCPSeqNr
                0x10003c88                RetryCounter
                0x10003c89                SocketStatus
 *fill*         0x10003c8a        0x2 00
 COMMON         0x10003c8c       0x74 ./src/Display_Ctrl/Display_Ctrl.o
                0x10003c8c                tagScreenStrings
                0x10003cfc                Display_Ctrl_queue
 COMMON         0x10003d00        0x1 ./src/Display_Ctrl/Display_State.o
                0x10003d00                enuDisplayState
 *fill*         0x10003d01        0x3 00
 COMMON         0x10003d04        0xc D:\ProjetoLPC\Repositorio\EC020\FreeRTOS_Library\Debug\libFreeRTOS_Library.a(Timer.o)
                0x10003d04                tagTimer
 COMMON         0x10003d10        0x4 d:/projetolpc/lpcxpresso_6.1.4_194/lpcxpresso/tools/bin/../lib/gcc/arm-none-eabi/4.6.2/../../../../arm-none-eabi/lib/armv7-m\libc.a(lib_a-reent.o)
                0x10003d10                errno
 COMMON         0x10003d14        0x4 d:/projetolpc/lpcxpresso_6.1.4_194/lpcxpresso/tools/bin/../lib/gcc/arm-none-eabi/4.6.2/../../../../arm-none-eabi/lib/armv7-m\libcr_newlib_semihost.a(_cr_sbrk.o)
                0x10003d14                __end_of_heap
                0x10003d18                . = ALIGN (0x4)
                0x10003d18                _ebss = .
                0x10003d18                PROVIDE (end, .)

.noinit_RAM2    0x2007c000        0x0
 *(.noinit.$RAM2*)
 *(.noinit.$RamAHB32*)
                0x2007c000                . = ALIGN (0x4)

.noinit         0x10003d18        0x0
                0x10003d18                _noinit = .
 *(.noinit*)
                0x10003d18                . = ALIGN (0x4)
                0x10003d18                _end_noinit = .
                0x10003d18                PROVIDE (_pvHeapStart, .)
                0x10008000                PROVIDE (_vStackTop, (__top_RamLoc32 - 0x0))
OUTPUT(demo.axf elf32-littlearm)

.debug_info     0x00000000     0xbb07
 .debug_info    0x00000000      0x274 ./src/Usart_Ctrl/Command/Command.o
 .debug_info    0x00000274      0x92f ./src/Usart_Ctrl/Usart_Ctrl.o
 .debug_info    0x00000ba3      0x707 ./src/EasyWeb_Ctrl/EasyWeb.o
 .debug_info    0x000012aa      0xbb4 ./src/EasyWeb_Ctrl/ethmac.o
 .debug_info    0x00001e5e      0xd64 ./src/EasyWeb_Ctrl/tcpip.o
 .debug_info    0x00002bc2      0x24b ./src/Display_Ctrl/Temp_Ctrl/Temp_Ctrl.o
 .debug_info    0x00002e0d      0x375 ./src/Display_Ctrl/Ssp_Ctrl/Ssp_Ctrl.o
 .debug_info    0x00003182       0x65 ./src/Display_Ctrl/Oled_Ctrl/Fonte5x7.o
 .debug_info    0x000031e7      0x8d1 ./src/Display_Ctrl/Oled_Ctrl/Oled_Ctrl.o
 .debug_info    0x00003ab8      0x5ab ./src/Display_Ctrl/Light_Ctrl/Light_Ctrl.o
 .debug_info    0x00004063      0x410 ./src/Display_Ctrl/I2c_Ctrl/I2c_Ctrl.o
 .debug_info    0x00004473      0x4c2 ./src/Display_Ctrl/Button_Ctrl/Button_Ctrl.o
 .debug_info    0x00004935      0x2dc ./src/Display_Ctrl/Display_Ctrl.o
 .debug_info    0x00004c11      0x228 ./src/Display_Ctrl/Display_State.o
 .debug_info    0x00004e39      0x1f3 ./src/cr_startup_lpc17.o
 .debug_info    0x0000502c      0x32d ./src/main.o
 .debug_info    0x00005359      0x357 D:\ProjetoLPC\Repositorio\EC020\Lib_CMSISv1p30_LPC17xx\Debug\libCMSISv1p30_LPC17xx.a(system_LPC17xx.o)
 .debug_info    0x000056b0      0x2e3 D:\ProjetoLPC\Repositorio\EC020\FreeRTOS_Library\Debug\libFreeRTOS_Library.a(Timer.o)
 .debug_info    0x00005993      0x228 D:\ProjetoLPC\Repositorio\EC020\FreeRTOS_Library\Debug\libFreeRTOS_Library.a(port.o)
 .debug_info    0x00005bbb      0x814 D:\ProjetoLPC\Repositorio\EC020\FreeRTOS_Library\Debug\libFreeRTOS_Library.a(queue.o)
 .debug_info    0x000063cf      0xe7c D:\ProjetoLPC\Repositorio\EC020\FreeRTOS_Library\Debug\libFreeRTOS_Library.a(tasks.o)
 .debug_info    0x0000724b      0x2ef D:\ProjetoLPC\Repositorio\EC020\FreeRTOS_Library\Debug\libFreeRTOS_Library.a(heap_2.o)
 .debug_info    0x0000753a      0x2c5 D:\ProjetoLPC\Repositorio\EC020\FreeRTOS_Library\Debug\libFreeRTOS_Library.a(list.o)
 .debug_info    0x000077ff      0x641 D:\ProjetoLPC\Repositorio\EC020\Lib_MCU\Debug\libLib_MCU.a(lpc17xx_clkpwr.o)
 .debug_info    0x00007e40      0xb95 D:\ProjetoLPC\Repositorio\EC020\Lib_MCU\Debug\libLib_MCU.a(lpc17xx_gpio.o)
 .debug_info    0x000089d5      0xcc3 D:\ProjetoLPC\Repositorio\EC020\Lib_MCU\Debug\libLib_MCU.a(lpc17xx_i2c.o)
 .debug_info    0x00009698       0xcd D:\ProjetoLPC\Repositorio\EC020\Lib_MCU\Debug\libLib_MCU.a(lpc17xx_libcfg_default.o)
 .debug_info    0x00009765      0x4b1 D:\ProjetoLPC\Repositorio\EC020\Lib_MCU\Debug\libLib_MCU.a(lpc17xx_pinsel.o)
 .debug_info    0x00009c16      0x867 D:\ProjetoLPC\Repositorio\EC020\Lib_MCU\Debug\libLib_MCU.a(lpc17xx_ssp.o)
 .debug_info    0x0000a47d     0x14cf D:\ProjetoLPC\Repositorio\EC020\Lib_MCU\Debug\libLib_MCU.a(lpc17xx_uart.o)
 .debug_info    0x0000b94c      0x106 d:/projetolpc/lpcxpresso_6.1.4_194/lpcxpresso/tools/bin/../lib/gcc/arm-none-eabi/4.6.2/../../../../arm-none-eabi/lib/armv7-m\libcr_newlib_semihost.a(_cr_sbrk.o)
 .debug_info    0x0000ba52       0xb5 d:/projetolpc/lpcxpresso_6.1.4_194/lpcxpresso/tools/bin/../lib/gcc/arm-none-eabi/4.6.2/../../../../arm-none-eabi/lib/armv7-m\libcr_newlib_semihost.a(_cr_check_heap.o)

.debug_abbrev   0x00000000     0x2acd
 .debug_abbrev  0x00000000       0xff ./src/Usart_Ctrl/Command/Command.o
 .debug_abbrev  0x000000ff      0x21b ./src/Usart_Ctrl/Usart_Ctrl.o
 .debug_abbrev  0x0000031a      0x1a7 ./src/EasyWeb_Ctrl/EasyWeb.o
 .debug_abbrev  0x000004c1      0x1b7 ./src/EasyWeb_Ctrl/ethmac.o
 .debug_abbrev  0x00000678      0x1f9 ./src/EasyWeb_Ctrl/tcpip.o
 .debug_abbrev  0x00000871      0x10f ./src/Display_Ctrl/Temp_Ctrl/Temp_Ctrl.o
 .debug_abbrev  0x00000980      0x125 ./src/Display_Ctrl/Ssp_Ctrl/Ssp_Ctrl.o
 .debug_abbrev  0x00000aa5       0x4b ./src/Display_Ctrl/Oled_Ctrl/Fonte5x7.o
 .debug_abbrev  0x00000af0      0x198 ./src/Display_Ctrl/Oled_Ctrl/Oled_Ctrl.o
 .debug_abbrev  0x00000c88      0x1ae ./src/Display_Ctrl/Light_Ctrl/Light_Ctrl.o
 .debug_abbrev  0x00000e36      0x135 ./src/Display_Ctrl/I2c_Ctrl/I2c_Ctrl.o
 .debug_abbrev  0x00000f6b      0x174 ./src/Display_Ctrl/Button_Ctrl/Button_Ctrl.o
 .debug_abbrev  0x000010df      0x10a ./src/Display_Ctrl/Display_Ctrl.o
 .debug_abbrev  0x000011e9       0xdd ./src/Display_Ctrl/Display_State.o
 .debug_abbrev  0x000012c6       0xb4 ./src/cr_startup_lpc17.o
 .debug_abbrev  0x0000137a      0x11a ./src/main.o
 .debug_abbrev  0x00001494       0xce D:\ProjetoLPC\Repositorio\EC020\Lib_CMSISv1p30_LPC17xx\Debug\libCMSISv1p30_LPC17xx.a(system_LPC17xx.o)
 .debug_abbrev  0x00001562      0x167 D:\ProjetoLPC\Repositorio\EC020\FreeRTOS_Library\Debug\libFreeRTOS_Library.a(Timer.o)
 .debug_abbrev  0x000016c9      0x141 D:\ProjetoLPC\Repositorio\EC020\FreeRTOS_Library\Debug\libFreeRTOS_Library.a(port.o)
 .debug_abbrev  0x0000180a      0x1b3 D:\ProjetoLPC\Repositorio\EC020\FreeRTOS_Library\Debug\libFreeRTOS_Library.a(queue.o)
 .debug_abbrev  0x000019bd      0x2b1 D:\ProjetoLPC\Repositorio\EC020\FreeRTOS_Library\Debug\libFreeRTOS_Library.a(tasks.o)
 .debug_abbrev  0x00001c6e      0x19e D:\ProjetoLPC\Repositorio\EC020\FreeRTOS_Library\Debug\libFreeRTOS_Library.a(heap_2.o)
 .debug_abbrev  0x00001e0c       0xda D:\ProjetoLPC\Repositorio\EC020\FreeRTOS_Library\Debug\libFreeRTOS_Library.a(list.o)
 .debug_abbrev  0x00001ee6      0x174 D:\ProjetoLPC\Repositorio\EC020\Lib_MCU\Debug\libLib_MCU.a(lpc17xx_clkpwr.o)
 .debug_abbrev  0x0000205a      0x185 D:\ProjetoLPC\Repositorio\EC020\Lib_MCU\Debug\libLib_MCU.a(lpc17xx_gpio.o)
 .debug_abbrev  0x000021df      0x24a D:\ProjetoLPC\Repositorio\EC020\Lib_MCU\Debug\libLib_MCU.a(lpc17xx_i2c.o)
 .debug_abbrev  0x00002429       0x6a D:\ProjetoLPC\Repositorio\EC020\Lib_MCU\Debug\libLib_MCU.a(lpc17xx_libcfg_default.o)
 .debug_abbrev  0x00002493      0x10a D:\ProjetoLPC\Repositorio\EC020\Lib_MCU\Debug\libLib_MCU.a(lpc17xx_pinsel.o)
 .debug_abbrev  0x0000259d      0x1d3 D:\ProjetoLPC\Repositorio\EC020\Lib_MCU\Debug\libLib_MCU.a(lpc17xx_ssp.o)
 .debug_abbrev  0x00002770      0x243 D:\ProjetoLPC\Repositorio\EC020\Lib_MCU\Debug\libLib_MCU.a(lpc17xx_uart.o)
 .debug_abbrev  0x000029b3       0xa8 d:/projetolpc/lpcxpresso_6.1.4_194/lpcxpresso/tools/bin/../lib/gcc/arm-none-eabi/4.6.2/../../../../arm-none-eabi/lib/armv7-m\libcr_newlib_semihost.a(_cr_sbrk.o)
 .debug_abbrev  0x00002a5b       0x72 d:/projetolpc/lpcxpresso_6.1.4_194/lpcxpresso/tools/bin/../lib/gcc/arm-none-eabi/4.6.2/../../../../arm-none-eabi/lib/armv7-m\libcr_newlib_semihost.a(_cr_check_heap.o)

.debug_loc      0x00000000     0x4ade
 .debug_loc     0x00000000       0xc8 ./src/Usart_Ctrl/Command/Command.o
 .debug_loc     0x000000c8      0x1d4 ./src/Usart_Ctrl/Usart_Ctrl.o
 .debug_loc     0x0000029c      0x120 ./src/EasyWeb_Ctrl/EasyWeb.o
 .debug_loc     0x000003bc      0x2ec ./src/EasyWeb_Ctrl/ethmac.o
 .debug_loc     0x000006a8      0x5ac ./src/EasyWeb_Ctrl/tcpip.o
 .debug_loc     0x00000c54       0xe0 ./src/Display_Ctrl/Temp_Ctrl/Temp_Ctrl.o
 .debug_loc     0x00000d34       0x9c ./src/Display_Ctrl/Ssp_Ctrl/Ssp_Ctrl.o
 .debug_loc     0x00000dd0      0x382 ./src/Display_Ctrl/Oled_Ctrl/Oled_Ctrl.o
 .debug_loc     0x00001152      0x374 ./src/Display_Ctrl/Light_Ctrl/Light_Ctrl.o
 .debug_loc     0x000014c6       0xd8 ./src/Display_Ctrl/I2c_Ctrl/I2c_Ctrl.o
 .debug_loc     0x0000159e      0x164 ./src/Display_Ctrl/Button_Ctrl/Button_Ctrl.o
 .debug_loc     0x00001702       0x72 ./src/Display_Ctrl/Display_Ctrl.o
 .debug_loc     0x00001774      0x184 ./src/Display_Ctrl/Display_State.o
 .debug_loc     0x000018f8      0x1c4 ./src/cr_startup_lpc17.o
 .debug_loc     0x00001abc      0x1f4 ./src/main.o
 .debug_loc     0x00001cb0       0x58 D:\ProjetoLPC\Repositorio\EC020\Lib_CMSISv1p30_LPC17xx\Debug\libCMSISv1p30_LPC17xx.a(system_LPC17xx.o)
 .debug_loc     0x00001d08       0xa3 D:\ProjetoLPC\Repositorio\EC020\FreeRTOS_Library\Debug\libFreeRTOS_Library.a(Timer.o)
 .debug_loc     0x00001dab       0x94 D:\ProjetoLPC\Repositorio\EC020\FreeRTOS_Library\Debug\libFreeRTOS_Library.a(port.o)
 .debug_loc     0x00001e3f      0x68c D:\ProjetoLPC\Repositorio\EC020\FreeRTOS_Library\Debug\libFreeRTOS_Library.a(queue.o)
 .debug_loc     0x000024cb      0xa90 D:\ProjetoLPC\Repositorio\EC020\FreeRTOS_Library\Debug\libFreeRTOS_Library.a(tasks.o)
 .debug_loc     0x00002f5b      0x201 D:\ProjetoLPC\Repositorio\EC020\FreeRTOS_Library\Debug\libFreeRTOS_Library.a(heap_2.o)
 .debug_loc     0x0000315c       0x4a D:\ProjetoLPC\Repositorio\EC020\FreeRTOS_Library\Debug\libFreeRTOS_Library.a(list.o)
 .debug_loc     0x000031a6      0x1bc D:\ProjetoLPC\Repositorio\EC020\Lib_MCU\Debug\libLib_MCU.a(lpc17xx_clkpwr.o)
 .debug_loc     0x00003362      0x4d0 D:\ProjetoLPC\Repositorio\EC020\Lib_MCU\Debug\libLib_MCU.a(lpc17xx_gpio.o)
 .debug_loc     0x00003832      0x4e4 D:\ProjetoLPC\Repositorio\EC020\Lib_MCU\Debug\libLib_MCU.a(lpc17xx_i2c.o)
 .debug_loc     0x00003d16       0x38 D:\ProjetoLPC\Repositorio\EC020\Lib_MCU\Debug\libLib_MCU.a(lpc17xx_libcfg_default.o)
 .debug_loc     0x00003d4e      0x150 D:\ProjetoLPC\Repositorio\EC020\Lib_MCU\Debug\libLib_MCU.a(lpc17xx_pinsel.o)
 .debug_loc     0x00003e9e      0x448 D:\ProjetoLPC\Repositorio\EC020\Lib_MCU\Debug\libLib_MCU.a(lpc17xx_ssp.o)
 .debug_loc     0x000042e6      0x77a D:\ProjetoLPC\Repositorio\EC020\Lib_MCU\Debug\libLib_MCU.a(lpc17xx_uart.o)
 .debug_loc     0x00004a60       0x55 d:/projetolpc/lpcxpresso_6.1.4_194/lpcxpresso/tools/bin/../lib/gcc/arm-none-eabi/4.6.2/../../../../arm-none-eabi/lib/armv7-m\libcr_newlib_semihost.a(_cr_sbrk.o)
 .debug_loc     0x00004ab5       0x29 d:/projetolpc/lpcxpresso_6.1.4_194/lpcxpresso/tools/bin/../lib/gcc/arm-none-eabi/4.6.2/../../../../arm-none-eabi/lib/armv7-m\libcr_newlib_semihost.a(_cr_check_heap.o)

.debug_aranges  0x00000000      0xb50
 .debug_aranges
                0x00000000       0x38 ./src/Usart_Ctrl/Command/Command.o
 .debug_aranges
                0x00000038       0x60 ./src/Usart_Ctrl/Usart_Ctrl.o
 .debug_aranges
                0x00000098       0x48 ./src/EasyWeb_Ctrl/EasyWeb.o
 .debug_aranges
                0x000000e0       0x88 ./src/EasyWeb_Ctrl/ethmac.o
 .debug_aranges
                0x00000168      0x108 ./src/EasyWeb_Ctrl/tcpip.o
 .debug_aranges
                0x00000270       0x38 ./src/Display_Ctrl/Temp_Ctrl/Temp_Ctrl.o
 .debug_aranges
                0x000002a8       0x30 ./src/Display_Ctrl/Ssp_Ctrl/Ssp_Ctrl.o
 .debug_aranges
                0x000002d8       0x98 ./src/Display_Ctrl/Oled_Ctrl/Oled_Ctrl.o
 .debug_aranges
                0x00000370       0x98 ./src/Display_Ctrl/Light_Ctrl/Light_Ctrl.o
 .debug_aranges
                0x00000408       0x38 ./src/Display_Ctrl/I2c_Ctrl/I2c_Ctrl.o
 .debug_aranges
                0x00000440       0x50 ./src/Display_Ctrl/Button_Ctrl/Button_Ctrl.o
 .debug_aranges
                0x00000490       0x28 ./src/Display_Ctrl/Display_Ctrl.o
 .debug_aranges
                0x000004b8       0x58 ./src/Display_Ctrl/Display_State.o
 .debug_aranges
                0x00000510       0x68 ./src/cr_startup_lpc17.o
 .debug_aranges
                0x00000578       0x68 ./src/main.o
 .debug_aranges
                0x000005e0       0x28 D:\ProjetoLPC\Repositorio\EC020\Lib_CMSISv1p30_LPC17xx\Debug\libCMSISv1p30_LPC17xx.a(system_LPC17xx.o)
 .debug_aranges
                0x00000608       0x20 D:\ProjetoLPC\Repositorio\EC020\FreeRTOS_Library\Debug\libFreeRTOS_Library.a(Timer.o)
 .debug_aranges
                0x00000628       0x20 D:\ProjetoLPC\Repositorio\EC020\FreeRTOS_Library\Debug\libFreeRTOS_Library.a(port.o)
 .debug_aranges
                0x00000648       0x20 D:\ProjetoLPC\Repositorio\EC020\FreeRTOS_Library\Debug\libFreeRTOS_Library.a(queue.o)
 .debug_aranges
                0x00000668       0x20 D:\ProjetoLPC\Repositorio\EC020\FreeRTOS_Library\Debug\libFreeRTOS_Library.a(tasks.o)
 .debug_aranges
                0x00000688       0x20 D:\ProjetoLPC\Repositorio\EC020\FreeRTOS_Library\Debug\libFreeRTOS_Library.a(heap_2.o)
 .debug_aranges
                0x000006a8       0x20 D:\ProjetoLPC\Repositorio\EC020\FreeRTOS_Library\Debug\libFreeRTOS_Library.a(list.o)
 .debug_aranges
                0x000006c8       0x60 D:\ProjetoLPC\Repositorio\EC020\Lib_MCU\Debug\libLib_MCU.a(lpc17xx_clkpwr.o)
 .debug_aranges
                0x00000728       0xc8 D:\ProjetoLPC\Repositorio\EC020\Lib_MCU\Debug\libLib_MCU.a(lpc17xx_gpio.o)
 .debug_aranges
                0x000007f0       0xd0 D:\ProjetoLPC\Repositorio\EC020\Lib_MCU\Debug\libLib_MCU.a(lpc17xx_i2c.o)
 .debug_aranges
                0x000008c0       0x20 D:\ProjetoLPC\Repositorio\EC020\Lib_MCU\Debug\libLib_MCU.a(lpc17xx_libcfg_default.o)
 .debug_aranges
                0x000008e0       0x48 D:\ProjetoLPC\Repositorio\EC020\Lib_MCU\Debug\libLib_MCU.a(lpc17xx_pinsel.o)
 .debug_aranges
                0x00000928       0xb8 D:\ProjetoLPC\Repositorio\EC020\Lib_MCU\Debug\libLib_MCU.a(lpc17xx_ssp.o)
 .debug_aranges
                0x000009e0      0x130 D:\ProjetoLPC\Repositorio\EC020\Lib_MCU\Debug\libLib_MCU.a(lpc17xx_uart.o)
 .debug_aranges
                0x00000b10       0x20 d:/projetolpc/lpcxpresso_6.1.4_194/lpcxpresso/tools/bin/../lib/gcc/arm-none-eabi/4.6.2/../../../../arm-none-eabi/lib/armv7-m\libcr_newlib_semihost.a(_cr_sbrk.o)
 .debug_aranges
                0x00000b30       0x20 d:/projetolpc/lpcxpresso_6.1.4_194/lpcxpresso/tools/bin/../lib/gcc/arm-none-eabi/4.6.2/../../../../arm-none-eabi/lib/armv7-m\libcr_newlib_semihost.a(_cr_check_heap.o)

.debug_ranges   0x00000000      0x978
 .debug_ranges  0x00000000       0x28 ./src/Usart_Ctrl/Command/Command.o
 .debug_ranges  0x00000028       0x50 ./src/Usart_Ctrl/Usart_Ctrl.o
 .debug_ranges  0x00000078       0x38 ./src/EasyWeb_Ctrl/EasyWeb.o
 .debug_ranges  0x000000b0       0x78 ./src/EasyWeb_Ctrl/ethmac.o
 .debug_ranges  0x00000128       0xf8 ./src/EasyWeb_Ctrl/tcpip.o
 .debug_ranges  0x00000220       0x28 ./src/Display_Ctrl/Temp_Ctrl/Temp_Ctrl.o
 .debug_ranges  0x00000248       0x20 ./src/Display_Ctrl/Ssp_Ctrl/Ssp_Ctrl.o
 .debug_ranges  0x00000268       0x88 ./src/Display_Ctrl/Oled_Ctrl/Oled_Ctrl.o
 .debug_ranges  0x000002f0       0x88 ./src/Display_Ctrl/Light_Ctrl/Light_Ctrl.o
 .debug_ranges  0x00000378       0x28 ./src/Display_Ctrl/I2c_Ctrl/I2c_Ctrl.o
 .debug_ranges  0x000003a0       0x40 ./src/Display_Ctrl/Button_Ctrl/Button_Ctrl.o
 .debug_ranges  0x000003e0       0x18 ./src/Display_Ctrl/Display_Ctrl.o
 .debug_ranges  0x000003f8       0x48 ./src/Display_Ctrl/Display_State.o
 .debug_ranges  0x00000440       0x58 ./src/cr_startup_lpc17.o
 .debug_ranges  0x00000498       0x58 ./src/main.o
 .debug_ranges  0x000004f0       0x18 D:\ProjetoLPC\Repositorio\EC020\Lib_CMSISv1p30_LPC17xx\Debug\libCMSISv1p30_LPC17xx.a(system_LPC17xx.o)
 .debug_ranges  0x00000508       0x78 D:\ProjetoLPC\Repositorio\EC020\FreeRTOS_Library\Debug\libFreeRTOS_Library.a(tasks.o)
 .debug_ranges  0x00000580       0x50 D:\ProjetoLPC\Repositorio\EC020\Lib_MCU\Debug\libLib_MCU.a(lpc17xx_clkpwr.o)
 .debug_ranges  0x000005d0       0xb8 D:\ProjetoLPC\Repositorio\EC020\Lib_MCU\Debug\libLib_MCU.a(lpc17xx_gpio.o)
 .debug_ranges  0x00000688       0xc0 D:\ProjetoLPC\Repositorio\EC020\Lib_MCU\Debug\libLib_MCU.a(lpc17xx_i2c.o)
 .debug_ranges  0x00000748       0x10 D:\ProjetoLPC\Repositorio\EC020\Lib_MCU\Debug\libLib_MCU.a(lpc17xx_libcfg_default.o)
 .debug_ranges  0x00000758       0x38 D:\ProjetoLPC\Repositorio\EC020\Lib_MCU\Debug\libLib_MCU.a(lpc17xx_pinsel.o)
 .debug_ranges  0x00000790       0xa8 D:\ProjetoLPC\Repositorio\EC020\Lib_MCU\Debug\libLib_MCU.a(lpc17xx_ssp.o)
 .debug_ranges  0x00000838      0x120 D:\ProjetoLPC\Repositorio\EC020\Lib_MCU\Debug\libLib_MCU.a(lpc17xx_uart.o)
 .debug_ranges  0x00000958       0x10 d:/projetolpc/lpcxpresso_6.1.4_194/lpcxpresso/tools/bin/../lib/gcc/arm-none-eabi/4.6.2/../../../../arm-none-eabi/lib/armv7-m\libcr_newlib_semihost.a(_cr_sbrk.o)
 .debug_ranges  0x00000968       0x10 d:/projetolpc/lpcxpresso_6.1.4_194/lpcxpresso/tools/bin/../lib/gcc/arm-none-eabi/4.6.2/../../../../arm-none-eabi/lib/armv7-m\libcr_newlib_semihost.a(_cr_check_heap.o)

.debug_line     0x00000000     0xd5fa
 .debug_line    0x00000000      0xa36 ./src/Usart_Ctrl/Command/Command.o
 .debug_line    0x00000a36      0x843 ./src/Usart_Ctrl/Usart_Ctrl.o
 .debug_line    0x00001279      0xb31 ./src/EasyWeb_Ctrl/EasyWeb.o
 .debug_line    0x00001daa      0x4a9 ./src/EasyWeb_Ctrl/ethmac.o
 .debug_line    0x00002253      0xa53 ./src/EasyWeb_Ctrl/tcpip.o
 .debug_line    0x00002ca6      0x8ca ./src/Display_Ctrl/Temp_Ctrl/Temp_Ctrl.o
 .debug_line    0x00003570      0x39f ./src/Display_Ctrl/Ssp_Ctrl/Ssp_Ctrl.o
 .debug_line    0x0000390f       0x68 ./src/Display_Ctrl/Oled_Ctrl/Fonte5x7.o
 .debug_line    0x00003977      0x9e0 ./src/Display_Ctrl/Oled_Ctrl/Oled_Ctrl.o
 .debug_line    0x00004357      0xa1a ./src/Display_Ctrl/Light_Ctrl/Light_Ctrl.o
 .debug_line    0x00004d71      0x3a9 ./src/Display_Ctrl/I2c_Ctrl/I2c_Ctrl.o
 .debug_line    0x0000511a      0x923 ./src/Display_Ctrl/Button_Ctrl/Button_Ctrl.o
 .debug_line    0x00005a3d      0xb84 ./src/Display_Ctrl/Display_Ctrl.o
 .debug_line    0x000065c1      0x8c1 ./src/Display_Ctrl/Display_State.o
 .debug_line    0x00006e82      0x362 ./src/cr_startup_lpc17.o
 .debug_line    0x000071e4      0xe27 ./src/main.o
 .debug_line    0x0000800b      0x41d D:\ProjetoLPC\Repositorio\EC020\Lib_CMSISv1p30_LPC17xx\Debug\libCMSISv1p30_LPC17xx.a(system_LPC17xx.o)
 .debug_line    0x00008428      0x436 D:\ProjetoLPC\Repositorio\EC020\FreeRTOS_Library\Debug\libFreeRTOS_Library.a(Timer.o)
 .debug_line    0x0000885e      0x55a D:\ProjetoLPC\Repositorio\EC020\FreeRTOS_Library\Debug\libFreeRTOS_Library.a(port.o)
 .debug_line    0x00008db8      0x5e7 D:\ProjetoLPC\Repositorio\EC020\FreeRTOS_Library\Debug\libFreeRTOS_Library.a(queue.o)
 .debug_line    0x0000939f      0x7ef D:\ProjetoLPC\Repositorio\EC020\FreeRTOS_Library\Debug\libFreeRTOS_Library.a(tasks.o)
 .debug_line    0x00009b8e      0x50d D:\ProjetoLPC\Repositorio\EC020\FreeRTOS_Library\Debug\libFreeRTOS_Library.a(heap_2.o)
 .debug_line    0x0000a09b      0x4d3 D:\ProjetoLPC\Repositorio\EC020\FreeRTOS_Library\Debug\libFreeRTOS_Library.a(list.o)
 .debug_line    0x0000a56e      0x4c7 D:\ProjetoLPC\Repositorio\EC020\Lib_MCU\Debug\libLib_MCU.a(lpc17xx_clkpwr.o)
 .debug_line    0x0000aa35      0x5e7 D:\ProjetoLPC\Repositorio\EC020\Lib_MCU\Debug\libLib_MCU.a(lpc17xx_gpio.o)
 .debug_line    0x0000b01c      0x902 D:\ProjetoLPC\Repositorio\EC020\Lib_MCU\Debug\libLib_MCU.a(lpc17xx_i2c.o)
 .debug_line    0x0000b91e      0x394 D:\ProjetoLPC\Repositorio\EC020\Lib_MCU\Debug\libLib_MCU.a(lpc17xx_libcfg_default.o)
 .debug_line    0x0000bcb2      0x466 D:\ProjetoLPC\Repositorio\EC020\Lib_MCU\Debug\libLib_MCU.a(lpc17xx_pinsel.o)
 .debug_line    0x0000c118      0x835 D:\ProjetoLPC\Repositorio\EC020\Lib_MCU\Debug\libLib_MCU.a(lpc17xx_ssp.o)
 .debug_line    0x0000c94d      0xb99 D:\ProjetoLPC\Repositorio\EC020\Lib_MCU\Debug\libLib_MCU.a(lpc17xx_uart.o)
 .debug_line    0x0000d4e6       0xc0 d:/projetolpc/lpcxpresso_6.1.4_194/lpcxpresso/tools/bin/../lib/gcc/arm-none-eabi/4.6.2/../../../../arm-none-eabi/lib/armv7-m\libcr_newlib_semihost.a(_cr_sbrk.o)
 .debug_line    0x0000d5a6       0x54 d:/projetolpc/lpcxpresso_6.1.4_194/lpcxpresso/tools/bin/../lib/gcc/arm-none-eabi/4.6.2/../../../../arm-none-eabi/lib/armv7-m\libcr_newlib_semihost.a(_cr_check_heap.o)

.debug_macinfo  0x00000000   0x13777c
 .debug_macinfo
                0x00000000     0xebaa ./src/Usart_Ctrl/Command/Command.o
 .debug_macinfo
                0x0000ebaa     0xc2d6 ./src/Usart_Ctrl/Usart_Ctrl.o
 .debug_macinfo
                0x0001ae80     0xfe88 ./src/EasyWeb_Ctrl/EasyWeb.o
 .debug_macinfo
                0x0002ad08     0x93d2 ./src/EasyWeb_Ctrl/ethmac.o
 .debug_macinfo
                0x000340da     0xb146 ./src/EasyWeb_Ctrl/tcpip.o
 .debug_macinfo
                0x0003f220     0xcde7 ./src/Display_Ctrl/Temp_Ctrl/Temp_Ctrl.o
 .debug_macinfo
                0x0004c007     0x8d38 ./src/Display_Ctrl/Ssp_Ctrl/Ssp_Ctrl.o
 .debug_macinfo
                0x00054d3f     0x335d ./src/Display_Ctrl/Oled_Ctrl/Fonte5x7.o
 .debug_macinfo
                0x0005809c     0xaa26 ./src/Display_Ctrl/Oled_Ctrl/Oled_Ctrl.o
 .debug_macinfo
                0x00062ac2     0xdb8d ./src/Display_Ctrl/Light_Ctrl/Light_Ctrl.o
 .debug_macinfo
                0x0007064f     0x853d ./src/Display_Ctrl/I2c_Ctrl/I2c_Ctrl.o
 .debug_macinfo
                0x00078b8c     0xcd44 ./src/Display_Ctrl/Button_Ctrl/Button_Ctrl.o
 .debug_macinfo
                0x000858d0     0xedcb ./src/Display_Ctrl/Display_Ctrl.o
 .debug_macinfo
                0x0009469b     0xcad1 ./src/Display_Ctrl/Display_State.o
 .debug_macinfo
                0x000a116c     0x2c15 ./src/cr_startup_lpc17.o
 .debug_macinfo
                0x000a3d81    0x12652 ./src/main.o
 .debug_macinfo
                0x000b63d3     0x83f8 D:\ProjetoLPC\Repositorio\EC020\Lib_CMSISv1p30_LPC17xx\Debug\libCMSISv1p30_LPC17xx.a(system_LPC17xx.o)
 .debug_macinfo
                0x000be7cb     0x855e D:\ProjetoLPC\Repositorio\EC020\FreeRTOS_Library\Debug\libFreeRTOS_Library.a(Timer.o)
 .debug_macinfo
                0x000c6d29     0xa243 D:\ProjetoLPC\Repositorio\EC020\FreeRTOS_Library\Debug\libFreeRTOS_Library.a(port.o)
 .debug_macinfo
                0x000d0f6c     0xa4c3 D:\ProjetoLPC\Repositorio\EC020\FreeRTOS_Library\Debug\libFreeRTOS_Library.a(queue.o)
 .debug_macinfo
                0x000db42f     0xa761 D:\ProjetoLPC\Repositorio\EC020\FreeRTOS_Library\Debug\libFreeRTOS_Library.a(tasks.o)
 .debug_macinfo
                0x000e5b90     0x9f77 D:\ProjetoLPC\Repositorio\EC020\FreeRTOS_Library\Debug\libFreeRTOS_Library.a(heap_2.o)
 .debug_macinfo
                0x000efb07     0x98ca D:\ProjetoLPC\Repositorio\EC020\FreeRTOS_Library\Debug\libFreeRTOS_Library.a(list.o)
 .debug_macinfo
                0x000f93d1     0x95f9 D:\ProjetoLPC\Repositorio\EC020\Lib_MCU\Debug\libLib_MCU.a(lpc17xx_clkpwr.o)
 .debug_macinfo
                0x001029ca     0x86b8 D:\ProjetoLPC\Repositorio\EC020\Lib_MCU\Debug\libLib_MCU.a(lpc17xx_gpio.o)
 .debug_macinfo
                0x0010b082     0xa5d8 D:\ProjetoLPC\Repositorio\EC020\Lib_MCU\Debug\libLib_MCU.a(lpc17xx_i2c.o)
 .debug_macinfo
                0x0011565a     0x400d D:\ProjetoLPC\Repositorio\EC020\Lib_MCU\Debug\libLib_MCU.a(lpc17xx_libcfg_default.o)
 .debug_macinfo
                0x00119667     0x87d3 D:\ProjetoLPC\Repositorio\EC020\Lib_MCU\Debug\libLib_MCU.a(lpc17xx_pinsel.o)
 .debug_macinfo
                0x00121e3a     0xa8d0 D:\ProjetoLPC\Repositorio\EC020\Lib_MCU\Debug\libLib_MCU.a(lpc17xx_ssp.o)
 .debug_macinfo
                0x0012c70a     0xb072 D:\ProjetoLPC\Repositorio\EC020\Lib_MCU\Debug\libLib_MCU.a(lpc17xx_uart.o)

.debug_str      0x00000000     0x4578
 .debug_str     0x00000000      0x24a ./src/Usart_Ctrl/Command/Command.o
                                0x29d (size before relaxing)
 .debug_str     0x0000024a      0x650 ./src/Usart_Ctrl/Usart_Ctrl.o
                                0x7a3 (size before relaxing)
 .debug_str     0x0000089a      0x394 ./src/EasyWeb_Ctrl/EasyWeb.o
                                0x4fd (size before relaxing)
 .debug_str     0x00000c2e      0x4fd ./src/EasyWeb_Ctrl/ethmac.o
                                0x69b (size before relaxing)
 .debug_str     0x0000112b      0x3f0 ./src/EasyWeb_Ctrl/tcpip.o
                                0x773 (size before relaxing)
 .debug_str     0x0000151b       0xa1 ./src/Display_Ctrl/Temp_Ctrl/Temp_Ctrl.o
                                0x229 (size before relaxing)
 .debug_str     0x000015bc      0x147 ./src/Display_Ctrl/Ssp_Ctrl/Ssp_Ctrl.o
                                0x2c6 (size before relaxing)
 .debug_str     0x00001703       0x31 ./src/Display_Ctrl/Oled_Ctrl/Fonte5x7.o
                                 0xc0 (size before relaxing)
 .debug_str     0x00001734      0x2ea ./src/Display_Ctrl/Oled_Ctrl/Oled_Ctrl.o
                                0x441 (size before relaxing)
 .debug_str     0x00001a1e      0x2de ./src/Display_Ctrl/Light_Ctrl/Light_Ctrl.o
                                0x489 (size before relaxing)
 .debug_str     0x00001cfc      0x1b0 ./src/Display_Ctrl/I2c_Ctrl/I2c_Ctrl.o
                                0x34c (size before relaxing)
 .debug_str     0x00001eac       0xcd ./src/Display_Ctrl/Button_Ctrl/Button_Ctrl.o
                                0x4be (size before relaxing)
 .debug_str     0x00001f79       0xf7 ./src/Display_Ctrl/Display_Ctrl.o
                                0x3bc (size before relaxing)
 .debug_str     0x00002070      0x157 ./src/Display_Ctrl/Display_State.o
                                0x2cb (size before relaxing)
 .debug_str     0x000021c7       0xe2 ./src/cr_startup_lpc17.o
                                0x1e0 (size before relaxing)
 .debug_str     0x000022a9       0xad ./src/main.o
                                0x31b (size before relaxing)
 .debug_str     0x00002356       0x7d D:\ProjetoLPC\Repositorio\EC020\Lib_CMSISv1p30_LPC17xx\Debug\libCMSISv1p30_LPC17xx.a(system_LPC17xx.o)
                                0x28f (size before relaxing)
 .debug_str     0x000023d3      0x166 D:\ProjetoLPC\Repositorio\EC020\FreeRTOS_Library\Debug\libFreeRTOS_Library.a(Timer.o)
                                0x35c (size before relaxing)
 .debug_str     0x00002539      0x133 D:\ProjetoLPC\Repositorio\EC020\FreeRTOS_Library\Debug\libFreeRTOS_Library.a(port.o)
                                0x26a (size before relaxing)
 .debug_str     0x0000266c      0x3ca D:\ProjetoLPC\Repositorio\EC020\FreeRTOS_Library\Debug\libFreeRTOS_Library.a(queue.o)
                                0x520 (size before relaxing)
 .debug_str     0x00002a36      0x616 D:\ProjetoLPC\Repositorio\EC020\FreeRTOS_Library\Debug\libFreeRTOS_Library.a(tasks.o)
                                0x8b9 (size before relaxing)
 .debug_str     0x0000304c      0x150 D:\ProjetoLPC\Repositorio\EC020\FreeRTOS_Library\Debug\libFreeRTOS_Library.a(heap_2.o)
                                0x28c (size before relaxing)
 .debug_str     0x0000319c       0x92 D:\ProjetoLPC\Repositorio\EC020\FreeRTOS_Library\Debug\libFreeRTOS_Library.a(list.o)
                                0x253 (size before relaxing)
 .debug_str     0x0000322e      0x160 D:\ProjetoLPC\Repositorio\EC020\Lib_MCU\Debug\libLib_MCU.a(lpc17xx_clkpwr.o)
                                0x395 (size before relaxing)
 .debug_str     0x0000338e      0x213 D:\ProjetoLPC\Repositorio\EC020\Lib_MCU\Debug\libLib_MCU.a(lpc17xx_gpio.o)
                                0x464 (size before relaxing)
 .debug_str     0x000035a1      0x2e6 D:\ProjetoLPC\Repositorio\EC020\Lib_MCU\Debug\libLib_MCU.a(lpc17xx_i2c.o)
                                0x7fa (size before relaxing)
 .debug_str     0x00003887       0x37 D:\ProjetoLPC\Repositorio\EC020\Lib_MCU\Debug\libLib_MCU.a(lpc17xx_libcfg_default.o)
                                0x13d (size before relaxing)
 .debug_str     0x000038be      0x108 D:\ProjetoLPC\Repositorio\EC020\Lib_MCU\Debug\libLib_MCU.a(lpc17xx_pinsel.o)
                                0x399 (size before relaxing)
 .debug_str     0x000039c6      0x209 D:\ProjetoLPC\Repositorio\EC020\Lib_MCU\Debug\libLib_MCU.a(lpc17xx_ssp.o)
                                0x477 (size before relaxing)
 .debug_str     0x00003bcf      0x8af D:\ProjetoLPC\Repositorio\EC020\Lib_MCU\Debug\libLib_MCU.a(lpc17xx_uart.o)
                                0xc46 (size before relaxing)
 .debug_str     0x0000447e       0xb5 d:/projetolpc/lpcxpresso_6.1.4_194/lpcxpresso/tools/bin/../lib/gcc/arm-none-eabi/4.6.2/../../../../arm-none-eabi/lib/armv7-m\libcr_newlib_semihost.a(_cr_sbrk.o)
                                0x145 (size before relaxing)
 .debug_str     0x00004533       0x45 d:/projetolpc/lpcxpresso_6.1.4_194/lpcxpresso/tools/bin/../lib/gcc/arm-none-eabi/4.6.2/../../../../arm-none-eabi/lib/armv7-m\libcr_newlib_semihost.a(_cr_check_heap.o)
                                 0xd1 (size before relaxing)

.comment        0x00000000       0x9a
 .comment       0x00000000       0x70 ./src/Usart_Ctrl/Command/Command.o
                                 0x71 (size before relaxing)
 .comment       0x00000000       0x71 ./src/Usart_Ctrl/Usart_Ctrl.o
 .comment       0x00000000       0x71 ./src/EasyWeb_Ctrl/EasyWeb.o
 .comment       0x00000000       0x71 ./src/EasyWeb_Ctrl/ethmac.o
 .comment       0x00000000       0x71 ./src/EasyWeb_Ctrl/tcpip.o
 .comment       0x00000000       0x71 ./src/Display_Ctrl/Temp_Ctrl/Temp_Ctrl.o
 .comment       0x00000000       0x71 ./src/Display_Ctrl/Ssp_Ctrl/Ssp_Ctrl.o
 .comment       0x00000000       0x71 ./src/Display_Ctrl/Oled_Ctrl/Fonte5x7.o
 .comment       0x00000000       0x71 ./src/Display_Ctrl/Oled_Ctrl/Oled_Ctrl.o
 .comment       0x00000000       0x71 ./src/Display_Ctrl/Light_Ctrl/Light_Ctrl.o
 .comment       0x00000000       0x71 ./src/Display_Ctrl/I2c_Ctrl/I2c_Ctrl.o
 .comment       0x00000000       0x71 ./src/Display_Ctrl/Button_Ctrl/Button_Ctrl.o
 .comment       0x00000000       0x71 ./src/Display_Ctrl/Display_Ctrl.o
 .comment       0x00000000       0x71 ./src/Display_Ctrl/Display_State.o
 .comment       0x00000000       0x71 ./src/cr_startup_lpc17.o
 .comment       0x00000000       0x71 ./src/main.o
 .comment       0x00000000       0x71 D:\ProjetoLPC\Repositorio\EC020\Lib_CMSISv1p30_LPC17xx\Debug\libCMSISv1p30_LPC17xx.a(system_LPC17xx.o)
 .comment       0x00000000       0x71 D:\ProjetoLPC\Repositorio\EC020\FreeRTOS_Library\Debug\libFreeRTOS_Library.a(Timer.o)
 .comment       0x00000000       0x71 D:\ProjetoLPC\Repositorio\EC020\FreeRTOS_Library\Debug\libFreeRTOS_Library.a(port.o)