22:34:52 **** Incremental Build of configuration Debug for project demo ****
make all 
Building file: ../src/Display_Ctrl/Display_State.c
Invoking: MCU C Compiler
arm-none-eabi-gcc -DDEBUG -D__USE_CMSIS=CMSISv1p30_LPC17xx -D__CODE_RED -D__NEWLIB__ -I"D:\Topicos Avancados\Lib_CMSISv1p30_LPC17xx\inc" -I"D:\Topicos Avancados\Lib_EaBaseBoard\inc" -I"D:\Topicos Avancados\Lib_MCU\inc" -O0 -g3 -Wall -c -fmessage-length=0 -fno-builtin -ffunction-sections -mcpu=cortex-m3 -mthumb -MMD -MP -MF"src/Display_Ctrl/Display_State.d" -MT"src/Display_Ctrl/Display_State.d" -o "src/Display_Ctrl/Display_State.o" "../src/Display_Ctrl/Display_State.c"
Finished building: ../src/Display_Ctrl/Display_State.c
 
Building target: demo.axf
Invoking: MCU Linker
arm-none-eabi-gcc -nostdlib -L"D:\Topicos Avancados\Lib_CMSISv1p30_LPC17xx\Debug" -L"D:\Topicos Avancados\Lib_EaBaseBoard\Debug" -L"D:\Topicos Avancados\Lib_MCU\Debug" -Xlinker --gc-sections -Xlinker -Map=demo.map -mcpu=cortex-m3 -mthumb -T "rdb1768cmsis_uart_Debug.ld" -o "demo.axf"  ./src/Usart_Ctrl/Command/Command.o  ./src/Usart_Ctrl/Usart_Ctrl.o  ./src/System/Timer.o  ./src/Display_Ctrl/Temp_Ctrl/Temp_Ctrl.o  ./src/Display_Ctrl/Ssp_Ctrl/Ssp_Ctrl.o  ./src/Display_Ctrl/Oled_Ctrl/Fonte5x7.o ./src/Display_Ctrl/Oled_Ctrl/Oled_Ctrl.o  ./src/Display_Ctrl/Light_Ctrl/Light_Ctrl.o  ./src/Display_Ctrl/I2c_Ctrl/I2c_Ctrl.o  ./src/Display_Ctrl/Button_Ctrl/Button_Ctrl.o  ./src/Display_Ctrl/Display_Ctrl.o ./src/Display_Ctrl/Display_State.o  ./src/cr_startup_lpc17.o ./src/main.o   -lCMSISv1p30_LPC17xx -lLib_EaBaseBoard -lLib_MCU
Finished building target: demo.axf
 
make --no-print-directory post-build
Performing post-build steps
arm-none-eabi-size demo.axf; # arm-none-eabi-objdump -h -S demo.axf >demo.lss
   text	   data	    bss	    dec	    hex	filename
  34596	   2180	   1792	  38568	   96a8	demo.axf
 

22:34:57 Build Finished (took 5s.366ms)

