19:58:03 **** Build of configuration Debug for project FreeRTOS_Library ****
make all 
Building file: ../portable/Timer/Timer.c
Invoking: MCU C Compiler
arm-none-eabi-gcc -D__REDLIB__ -I"D:\ProjetoLPC\Repositorio\EC020\FreeRTOS_Library\include" -I"D:\ProjetoLPC\Repositorio\EC020\Lib_EaBaseBoard\inc" -I"D:\ProjetoLPC\Repositorio\EC020\Lib_MCU\inc" -I"D:\ProjetoLPC\Repositorio\EC020\CMSISv1p30_LPC17xx\inc" -I"D:\ProjetoLPC\Repositorio\EC020\FreeRTOS_Library\portable" -I"D:\ProjetoLPC\Repositorio\EC020\FreeRTOS_Library\demo_code" -O1 -g3 -Wall -c -fmessage-length=0 -mcpu=cortex-m3 -mthumb -MMD -MP -MF"portable/Timer/Timer.d" -MT"portable/Timer/Timer.d" -o "portable/Timer/Timer.o" "../portable/Timer/Timer.c"
Finished building: ../portable/Timer/Timer.c
 
Building file: ../portable/heap_2.c
Invoking: MCU C Compiler
arm-none-eabi-gcc -D__REDLIB__ -I"D:\ProjetoLPC\Repositorio\EC020\FreeRTOS_Library\include" -I"D:\ProjetoLPC\Repositorio\EC020\Lib_EaBaseBoard\inc" -I"D:\ProjetoLPC\Repositorio\EC020\Lib_MCU\inc" -I"D:\ProjetoLPC\Repositorio\EC020\CMSISv1p30_LPC17xx\inc" -I"D:\ProjetoLPC\Repositorio\EC020\FreeRTOS_Library\portable" -I"D:\ProjetoLPC\Repositorio\EC020\FreeRTOS_Library\demo_code" -O1 -g3 -Wall -c -fmessage-length=0 -mcpu=cortex-m3 -mthumb -MMD -MP -MF"portable/heap_2.d" -MT"portable/heap_2.d" -o "portable/heap_2.o" "../portable/heap_2.c"
Finished building: ../portable/heap_2.c
 
Building file: ../portable/port.c
Invoking: MCU C Compiler
arm-none-eabi-gcc -D__REDLIB__ -I"D:\ProjetoLPC\Repositorio\EC020\FreeRTOS_Library\include" -I"D:\ProjetoLPC\Repositorio\EC020\Lib_EaBaseBoard\inc" -I"D:\ProjetoLPC\Repositorio\EC020\Lib_MCU\inc" -I"D:\ProjetoLPC\Repositorio\EC020\CMSISv1p30_LPC17xx\inc" -I"D:\ProjetoLPC\Repositorio\EC020\FreeRTOS_Library\portable" -I"D:\ProjetoLPC\Repositorio\EC020\FreeRTOS_Library\demo_code" -O1 -g3 -Wall -c -fmessage-length=0 -mcpu=cortex-m3 -mthumb -MMD -MP -MF"portable/port.d" -MT"portable/port.d" -o "portable/port.o" "../portable/port.c"
Finished building: ../portable/port.c
 
Building file: ../demo_code/basic_io.c
Invoking: MCU C Compiler
arm-none-eabi-gcc -D__REDLIB__ -I"D:\ProjetoLPC\Repositorio\EC020\FreeRTOS_Library\include" -I"D:\ProjetoLPC\Repositorio\EC020\Lib_EaBaseBoard\inc" -I"D:\ProjetoLPC\Repositorio\EC020\Lib_MCU\inc" -I"D:\ProjetoLPC\Repositorio\EC020\CMSISv1p30_LPC17xx\inc" -I"D:\ProjetoLPC\Repositorio\EC020\FreeRTOS_Library\portable" -I"D:\ProjetoLPC\Repositorio\EC020\FreeRTOS_Library\demo_code" -O1 -g3 -Wall -c -fmessage-length=0 -mcpu=cortex-m3 -mthumb -MMD -MP -MF"demo_code/basic_io.d" -MT"demo_code/basic_io.d" -o "demo_code/basic_io.o" "../demo_code/basic_io.c"
Finished building: ../demo_code/basic_io.c
 
Building file: ../demo_code/consoleprint.c
Invoking: MCU C Compiler
arm-none-eabi-gcc -D__REDLIB__ -I"D:\ProjetoLPC\Repositorio\EC020\FreeRTOS_Library\include" -I"D:\ProjetoLPC\Repositorio\EC020\Lib_EaBaseBoard\inc" -I"D:\ProjetoLPC\Repositorio\EC020\Lib_MCU\inc" -I"D:\ProjetoLPC\Repositorio\EC020\CMSISv1p30_LPC17xx\inc" -I"D:\ProjetoLPC\Repositorio\EC020\FreeRTOS_Library\portable" -I"D:\ProjetoLPC\Repositorio\EC020\FreeRTOS_Library\demo_code" -O1 -g3 -Wall -c -fmessage-length=0 -mcpu=cortex-m3 -mthumb -MMD -MP -MF"demo_code/consoleprint.d" -MT"demo_code/consoleprint.d" -o "demo_code/consoleprint.o" "../demo_code/consoleprint.c"
Finished building: ../demo_code/consoleprint.c
 
Building file: ../list.c
Invoking: MCU C Compiler
arm-none-eabi-gcc -D__REDLIB__ -I"D:\ProjetoLPC\Repositorio\EC020\FreeRTOS_Library\include" -I"D:\ProjetoLPC\Repositorio\EC020\Lib_EaBaseBoard\inc" -I"D:\ProjetoLPC\Repositorio\EC020\Lib_MCU\inc" -I"D:\ProjetoLPC\Repositorio\EC020\CMSISv1p30_LPC17xx\inc" -I"D:\ProjetoLPC\Repositorio\EC020\FreeRTOS_Library\portable" -I"D:\ProjetoLPC\Repositorio\EC020\FreeRTOS_Library\demo_code" -O1 -g3 -Wall -c -fmessage-length=0 -mcpu=cortex-m3 -mthumb -MMD -MP -MF"list.d" -MT"list.d" -o "list.o" "../list.c"
Finished building: ../list.c
 
Building file: ../queue.c
Invoking: MCU C Compiler
arm-none-eabi-gcc -D__REDLIB__ -I"D:\ProjetoLPC\Repositorio\EC020\FreeRTOS_Library\include" -I"D:\ProjetoLPC\Repositorio\EC020\Lib_EaBaseBoard\inc" -I"D:\ProjetoLPC\Repositorio\EC020\Lib_MCU\inc" -I"D:\ProjetoLPC\Repositorio\EC020\CMSISv1p30_LPC17xx\inc" -I"D:\ProjetoLPC\Repositorio\EC020\FreeRTOS_Library\portable" -I"D:\ProjetoLPC\Repositorio\EC020\FreeRTOS_Library\demo_code" -O1 -g3 -Wall -c -fmessage-length=0 -mcpu=cortex-m3 -mthumb -MMD -MP -MF"queue.d" -MT"queue.d" -o "queue.o" "../queue.c"
Finished building: ../queue.c
 
Building file: ../tasks.c
Invoking: MCU C Compiler
arm-none-eabi-gcc -D__REDLIB__ -I"D:\ProjetoLPC\Repositorio\EC020\FreeRTOS_Library\include" -I"D:\ProjetoLPC\Repositorio\EC020\Lib_EaBaseBoard\inc" -I"D:\ProjetoLPC\Repositorio\EC020\Lib_MCU\inc" -I"D:\ProjetoLPC\Repositorio\EC020\CMSISv1p30_LPC17xx\inc" -I"D:\ProjetoLPC\Repositorio\EC020\FreeRTOS_Library\portable" -I"D:\ProjetoLPC\Repositorio\EC020\FreeRTOS_Library\demo_code" -O1 -g3 -Wall -c -fmessage-length=0 -mcpu=cortex-m3 -mthumb -MMD -MP -MF"tasks.d" -MT"tasks.d" -o "tasks.o" "../tasks.c"
Finished building: ../tasks.c
 
Building target: libFreeRTOS_Library.a
Invoking: MCU Archiver
arm-none-eabi-ar -r  "libFreeRTOS_Library.a"  ./portable/Timer/Timer.o  ./portable/heap_2.o ./portable/port.o  ./demo_code/basic_io.o ./demo_code/consoleprint.o  ./list.o ./queue.o ./tasks.o   
d:\ProjetoLPC\LPCXpresso_6.1.4_194\lpcxpresso\tools\bin\arm-none-eabi-ar.exe: creating libFreeRTOS_Library.a
Finished building target: libFreeRTOS_Library.a
 
make --no-print-directory post-build
Performing post-build steps
arm-none-eabi-size libFreeRTOS_Library.a ; # arm-none-eabi-objdump -h -S libFreeRTOS_Library.a >libFreeRTOS_Library.lss
   text	   data	    bss	    dec	    hex	filename
    244	      0	      0	    244	     f4	Timer.o (ex libFreeRTOS_Library.a)
    320	      4	  10264	  10588	   295c	heap_2.o (ex libFreeRTOS_Library.a)
    348	      4	      0	    352	    160	port.o (ex libFreeRTOS_Library.a)
     92	      0	     52	    144	     90	basic_io.o (ex libFreeRTOS_Library.a)
     24	      0	      0	     24	     18	consoleprint.o (ex libFreeRTOS_Library.a)
    164	      0	      0	    164	     a4	list.o (ex libFreeRTOS_Library.a)
   1252	      0	      0	   1252	    4e4	queue.o (ex libFreeRTOS_Library.a)
   3264	      0	    256	   3520	    dc0	tasks.o (ex libFreeRTOS_Library.a)
 

19:58:06 Build Finished (took 2s.853ms)

