22:08:49 **** Build of configuration Debug for project Lib_EaBaseBoard ****
make all 
Building file: ../src/acc.c
Invoking: MCU C Compiler
arm-none-eabi-gcc -DDEBUG -D__CODE_RED -D__REDLIB__ -I"D:\ProjetoLPC\Repositorio\EC020\Lib_CMSISv1p30_LPC17xx\inc" -I"D:\ProjetoLPC\Repositorio\EC020\Lib_EaBaseBoard\inc" -I"D:\ProjetoLPC\Repositorio\EC020\Lib_MCU\inc" -O0 -g3 -Wall -c -fmessage-length=0 -fno-builtin -ffunction-sections -mcpu=cortex-m3 -mthumb -MMD -MP -MF"src/acc.d" -MT"src/acc.d" -o "src/acc.o" "../src/acc.c"
Finished building: ../src/acc.c
 
Building file: ../src/eeprom.c
Invoking: MCU C Compiler
arm-none-eabi-gcc -DDEBUG -D__CODE_RED -D__REDLIB__ -I"D:\ProjetoLPC\Repositorio\EC020\Lib_CMSISv1p30_LPC17xx\inc" -I"D:\ProjetoLPC\Repositorio\EC020\Lib_EaBaseBoard\inc" -I"D:\ProjetoLPC\Repositorio\EC020\Lib_MCU\inc" -O0 -g3 -Wall -c -fmessage-length=0 -fno-builtin -ffunction-sections -mcpu=cortex-m3 -mthumb -MMD -MP -MF"src/eeprom.d" -MT"src/eeprom.d" -o "src/eeprom.o" "../src/eeprom.c"
Finished building: ../src/eeprom.c
 
Building file: ../src/flash.c
Invoking: MCU C Compiler
arm-none-eabi-gcc -DDEBUG -D__CODE_RED -D__REDLIB__ -I"D:\ProjetoLPC\Repositorio\EC020\Lib_CMSISv1p30_LPC17xx\inc" -I"D:\ProjetoLPC\Repositorio\EC020\Lib_EaBaseBoard\inc" -I"D:\ProjetoLPC\Repositorio\EC020\Lib_MCU\inc" -O0 -g3 -Wall -c -fmessage-length=0 -fno-builtin -ffunction-sections -mcpu=cortex-m3 -mthumb -MMD -MP -MF"src/flash.d" -MT"src/flash.d" -o "src/flash.o" "../src/flash.c"
Finished building: ../src/flash.c
 
Building file: ../src/font5x7.c
Invoking: MCU C Compiler
arm-none-eabi-gcc -DDEBUG -D__CODE_RED -D__REDLIB__ -I"D:\ProjetoLPC\Repositorio\EC020\Lib_CMSISv1p30_LPC17xx\inc" -I"D:\ProjetoLPC\Repositorio\EC020\Lib_EaBaseBoard\inc" -I"D:\ProjetoLPC\Repositorio\EC020\Lib_MCU\inc" -O0 -g3 -Wall -c -fmessage-length=0 -fno-builtin -ffunction-sections -mcpu=cortex-m3 -mthumb -MMD -MP -MF"src/font5x7.d" -MT"src/font5x7.d" -o "src/font5x7.o" "../src/font5x7.c"
Finished building: ../src/font5x7.c
 
Building file: ../src/joystick.c
Invoking: MCU C Compiler
arm-none-eabi-gcc -DDEBUG -D__CODE_RED -D__REDLIB__ -I"D:\ProjetoLPC\Repositorio\EC020\Lib_CMSISv1p30_LPC17xx\inc" -I"D:\ProjetoLPC\Repositorio\EC020\Lib_EaBaseBoard\inc" -I"D:\ProjetoLPC\Repositorio\EC020\Lib_MCU\inc" -O0 -g3 -Wall -c -fmessage-length=0 -fno-builtin -ffunction-sections -mcpu=cortex-m3 -mthumb -MMD -MP -MF"src/joystick.d" -MT"src/joystick.d" -o "src/joystick.o" "../src/joystick.c"
Finished building: ../src/joystick.c
 
Building file: ../src/led7seg.c
Invoking: MCU C Compiler
arm-none-eabi-gcc -DDEBUG -D__CODE_RED -D__REDLIB__ -I"D:\ProjetoLPC\Repositorio\EC020\Lib_CMSISv1p30_LPC17xx\inc" -I"D:\ProjetoLPC\Repositorio\EC020\Lib_EaBaseBoard\inc" -I"D:\ProjetoLPC\Repositorio\EC020\Lib_MCU\inc" -O0 -g3 -Wall -c -fmessage-length=0 -fno-builtin -ffunction-sections -mcpu=cortex-m3 -mthumb -MMD -MP -MF"src/led7seg.d" -MT"src/led7seg.d" -o "src/led7seg.o" "../src/led7seg.c"
Finished building: ../src/led7seg.c
 
Building file: ../src/light.c
Invoking: MCU C Compiler
arm-none-eabi-gcc -DDEBUG -D__CODE_RED -D__REDLIB__ -I"D:\ProjetoLPC\Repositorio\EC020\Lib_CMSISv1p30_LPC17xx\inc" -I"D:\ProjetoLPC\Repositorio\EC020\Lib_EaBaseBoard\inc" -I"D:\ProjetoLPC\Repositorio\EC020\Lib_MCU\inc" -O0 -g3 -Wall -c -fmessage-length=0 -fno-builtin -ffunction-sections -mcpu=cortex-m3 -mthumb -MMD -MP -MF"src/light.d" -MT"src/light.d" -o "src/light.o" "../src/light.c"
Finished building: ../src/light.c
 
Building file: ../src/oled.c
Invoking: MCU C Compiler
arm-none-eabi-gcc -DDEBUG -D__CODE_RED -D__REDLIB__ -I"D:\ProjetoLPC\Repositorio\EC020\Lib_CMSISv1p30_LPC17xx\inc" -I"D:\ProjetoLPC\Repositorio\EC020\Lib_EaBaseBoard\inc" -I"D:\ProjetoLPC\Repositorio\EC020\Lib_MCU\inc" -O0 -g3 -Wall -c -fmessage-length=0 -fno-builtin -ffunction-sections -mcpu=cortex-m3 -mthumb -MMD -MP -MF"src/oled.d" -MT"src/oled.d" -o "src/oled.o" "../src/oled.c"
Finished building: ../src/oled.c
 
Building file: ../src/pca9532.c
Invoking: MCU C Compiler
arm-none-eabi-gcc -DDEBUG -D__CODE_RED -D__REDLIB__ -I"D:\ProjetoLPC\Repositorio\EC020\Lib_CMSISv1p30_LPC17xx\inc" -I"D:\ProjetoLPC\Repositorio\EC020\Lib_EaBaseBoard\inc" -I"D:\ProjetoLPC\Repositorio\EC020\Lib_MCU\inc" -O0 -g3 -Wall -c -fmessage-length=0 -fno-builtin -ffunction-sections -mcpu=cortex-m3 -mthumb -MMD -MP -MF"src/pca9532.d" -MT"src/pca9532.d" -o "src/pca9532.o" "../src/pca9532.c"
Finished building: ../src/pca9532.c
 
Building file: ../src/rgb.c
Invoking: MCU C Compiler
arm-none-eabi-gcc -DDEBUG -D__CODE_RED -D__REDLIB__ -I"D:\ProjetoLPC\Repositorio\EC020\Lib_CMSISv1p30_LPC17xx\inc" -I"D:\ProjetoLPC\Repositorio\EC020\Lib_EaBaseBoard\inc" -I"D:\ProjetoLPC\Repositorio\EC020\Lib_MCU\inc" -O0 -g3 -Wall -c -fmessage-length=0 -fno-builtin -ffunction-sections -mcpu=cortex-m3 -mthumb -MMD -MP -MF"src/rgb.d" -MT"src/rgb.d" -o "src/rgb.o" "../src/rgb.c"
Finished building: ../src/rgb.c
 
Building file: ../src/rotary.c
Invoking: MCU C Compiler
arm-none-eabi-gcc -DDEBUG -D__CODE_RED -D__REDLIB__ -I"D:\ProjetoLPC\Repositorio\EC020\Lib_CMSISv1p30_LPC17xx\inc" -I"D:\ProjetoLPC\Repositorio\EC020\Lib_EaBaseBoard\inc" -I"D:\ProjetoLPC\Repositorio\EC020\Lib_MCU\inc" -O0 -g3 -Wall -c -fmessage-length=0 -fno-builtin -ffunction-sections -mcpu=cortex-m3 -mthumb -MMD -MP -MF"src/rotary.d" -MT"src/rotary.d" -o "src/rotary.o" "../src/rotary.c"
Finished building: ../src/rotary.c
 
Building file: ../src/temp.c
Invoking: MCU C Compiler
arm-none-eabi-gcc -DDEBUG -D__CODE_RED -D__REDLIB__ -I"D:\ProjetoLPC\Repositorio\EC020\Lib_CMSISv1p30_LPC17xx\inc" -I"D:\ProjetoLPC\Repositorio\EC020\Lib_EaBaseBoard\inc" -I"D:\ProjetoLPC\Repositorio\EC020\Lib_MCU\inc" -O0 -g3 -Wall -c -fmessage-length=0 -fno-builtin -ffunction-sections -mcpu=cortex-m3 -mthumb -MMD -MP -MF"src/temp.d" -MT"src/temp.d" -o "src/temp.o" "../src/temp.c"
Finished building: ../src/temp.c
 
Building file: ../src/uart2.c
Invoking: MCU C Compiler
arm-none-eabi-gcc -DDEBUG -D__CODE_RED -D__REDLIB__ -I"D:\ProjetoLPC\Repositorio\EC020\Lib_CMSISv1p30_LPC17xx\inc" -I"D:\ProjetoLPC\Repositorio\EC020\Lib_EaBaseBoard\inc" -I"D:\ProjetoLPC\Repositorio\EC020\Lib_MCU\inc" -O0 -g3 -Wall -c -fmessage-length=0 -fno-builtin -ffunction-sections -mcpu=cortex-m3 -mthumb -MMD -MP -MF"src/uart2.d" -MT"src/uart2.d" -o "src/uart2.o" "../src/uart2.c"
Finished building: ../src/uart2.c
 
Building target: libLib_EaBaseBoard.a
Invoking: MCU Archiver
arm-none-eabi-ar -r  "libLib_EaBaseBoard.a"  ./src/acc.o ./src/eeprom.o ./src/flash.o ./src/font5x7.o ./src/joystick.o ./src/led7seg.o ./src/light.o ./src/oled.o ./src/pca9532.o ./src/rgb.o ./src/rotary.o ./src/temp.o ./src/uart2.o   
d:\ProjetoLPC\LPCXpresso_6.1.4_194\lpcxpresso\tools\bin\arm-none-eabi-ar.exe: creating libLib_EaBaseBoard.a
Finished building target: libLib_EaBaseBoard.a
 
make --no-print-directory post-build
Performing post-build steps
arm-none-eabi-size libLib_EaBaseBoard.a ; # arm-none-eabi-objdump -h -S libLib_EaBaseBoard.a >libLib_EaBaseBoard.lss
   text	   data	    bss	    dec	    hex	filename
    676	      0	      0	    676	    2a4	acc.o (ex libLib_EaBaseBoard.a)
    680	      0	      0	    680	    2a8	eeprom.o (ex libLib_EaBaseBoard.a)
   1772	     80	     12	   1864	    748	flash.o (ex libLib_EaBaseBoard.a)
    768	      0	      0	    768	    300	font5x7.o (ex libLib_EaBaseBoard.a)
    192	      0	      0	    192	     c0	joystick.o (ex libLib_EaBaseBoard.a)
    172	     80	      0	    252	     fc	led7seg.o (ex libLib_EaBaseBoard.a)
   1392	      8	      0	   1400	    578	light.o (ex libLib_EaBaseBoard.a)
   3256	      0	    768	   4024	    fb8	oled.o (ex libLib_EaBaseBoard.a)
   1264	      0	      6	   1270	    4f6	pca9532.o (ex libLib_EaBaseBoard.a)
    184	      0	      0	    184	     b8	rgb.o (ex libLib_EaBaseBoard.a)
    268	      0	      0	    268	    10c	rotary.o (ex libLib_EaBaseBoard.a)
    312	      0	      4	    316	    13c	temp.o (ex libLib_EaBaseBoard.a)
    980	      0	      1	    981	    3d5	uart2.o (ex libLib_EaBaseBoard.a)
 

22:08:53 Build Finished (took 4s.79ms)

